Component: ARM Compiler 5.05 update 1 (build 106) Tool: armlink [4d0efa]

==============================================================================

Section Cross References

    main.o(i.main) refers to myble.o(i.timers_init) for timers_init
    main.o(i.main) refers to myble.o(i.ble_stack_init) for ble_stack_init
    main.o(i.main) refers to bsp.o(i.bsp_init) for bsp_init
    main.o(i.main) refers to app_error.o(i.app_error_handler) for app_error_handler
    main.o(i.main) refers to app_scheduler.o(i.app_sched_init) for app_sched_init
    main.o(i.main) refers to myble.o(i.gap_params_init) for gap_params_init
    main.o(i.main) refers to myble.o(i.advertising_init) for advertising_init
    main.o(i.main) refers to myble.o(i.services_init) for services_init
    main.o(i.main) refers to myble.o(i.conn_params_init) for conn_params_init
    main.o(i.main) refers to myble.o(i.sec_params_init) for sec_params_init
    main.o(i.main) refers to ble_advertising.o(i.ble_advertising_start) for ble_advertising_start
    main.o(i.main) refers to app_scheduler.o(i.app_sched_execute) for app_sched_execute
    main.o(i.main) refers to main.o(.bss) for .bss
    myble.o(i.advertising_init) refers to memseta.o(.text) for __aeabi_memclr4
    myble.o(i.advertising_init) refers to ble_advertising.o(i.ble_advertising_init) for ble_advertising_init
    myble.o(i.advertising_init) refers to app_error.o(i.app_error_handler) for app_error_handler
    myble.o(i.advertising_init) refers to myble.o(.data) for .data
    myble.o(i.advertising_init) refers to myble.o(i.on_adv_evt) for on_adv_evt
    myble.o(i.ble_evt_dispatch) refers to myble.o(i.on_ble_evt) for on_ble_evt
    myble.o(i.ble_stack_init) refers to softdevice_handler.o(i.softdevice_handler_init) for softdevice_handler_init
    myble.o(i.ble_stack_init) refers to app_error.o(i.app_error_handler) for app_error_handler
    myble.o(i.ble_stack_init) refers to softdevice_handler.o(i.softdevice_ble_evt_handler_set) for softdevice_ble_evt_handler_set
    myble.o(i.ble_stack_init) refers to softdevice_handler.o(i.softdevice_sys_evt_handler_set) for softdevice_sys_evt_handler_set
    myble.o(i.ble_stack_init) refers to myble.o(.bss) for .bss
    myble.o(i.ble_stack_init) refers to myble.o(i.ble_evt_dispatch) for ble_evt_dispatch
    myble.o(i.ble_stack_init) refers to myble.o(i.sys_evt_dispatch) for sys_evt_dispatch
    myble.o(i.conn_params_error_handler) refers to app_error.o(i.app_error_handler) for app_error_handler
    myble.o(i.conn_params_init) refers to memseta.o(.text) for __aeabi_memclr4
    myble.o(i.conn_params_init) refers to ble_conn_params.o(i.ble_conn_params_init) for ble_conn_params_init
    myble.o(i.conn_params_init) refers to app_error.o(i.app_error_handler) for app_error_handler
    myble.o(i.conn_params_init) refers to myble.o(i.on_conn_params_evt) for on_conn_params_evt
    myble.o(i.conn_params_init) refers to myble.o(i.conn_params_error_handler) for conn_params_error_handler
    myble.o(i.gap_params_init) refers to app_error.o(i.app_error_handler) for app_error_handler
    myble.o(i.on_adv_evt) refers to bsp.o(i.bsp_indication_set) for bsp_indication_set
    myble.o(i.on_adv_evt) refers to app_error.o(i.app_error_handler) for app_error_handler
    myble.o(i.on_ble_evt) refers to bsp.o(i.bsp_indication_set) for bsp_indication_set
    myble.o(i.on_ble_evt) refers to app_error.o(i.app_error_handler) for app_error_handler
    myble.o(i.on_ble_evt) refers to app_button.o(i.app_button_enable) for app_button_enable
    myble.o(i.on_ble_evt) refers to app_button.o(i.app_button_disable) for app_button_disable
    myble.o(i.on_ble_evt) refers to memcpya.o(.text) for __aeabi_memcpy
    myble.o(i.on_ble_evt) refers to memcmp.o(.text) for memcmp
    myble.o(i.on_ble_evt) refers to myble.o(.data) for .data
    myble.o(i.on_ble_evt) refers to myble.o(.bss) for .bss
    myble.o(i.on_conn_params_evt) refers to app_error.o(i.app_error_handler) for app_error_handler
    myble.o(i.on_conn_params_evt) refers to myble.o(.data) for .data
    myble.o(i.sec_params_init) refers to myble.o(.data) for .data
    myble.o(i.sys_evt_dispatch) refers to ble_advertising.o(i.ble_advertising_on_sys_evt) for ble_advertising_on_sys_evt
    myble.o(i.timers_init) refers to app_timer.o(i.app_timer_init) for app_timer_init
    myble.o(i.timers_init) refers to app_error.o(i.app_error_handler) for app_error_handler
    myble.o(i.timers_init) refers to app_timer_appsh.o(i.app_timer_evt_schedule) for app_timer_evt_schedule
    myble.o(i.timers_init) refers to myble.o(.bss) for .bss
    myble.o(.data) refers to myble.o(.bss) for m_enc_key
    bsp.o(i.bsp_button_event_handler) refers to app_timer.o(i.app_timer_start) for app_timer_start
    bsp.o(i.bsp_button_event_handler) refers to app_timer.o(i.app_timer_stop) for app_timer_stop
    bsp.o(i.bsp_button_event_handler) refers to bsp.o(.constdata) for .constdata
    bsp.o(i.bsp_button_event_handler) refers to bsp.o(.data) for .data
[...]
    nrf_drv_gpiote.o(i.nrf_drv_gpiote_in_event_disable) refers to nrf_drv_gpiote.o(i.pin_in_use_by_te) for pin_in_use_by_te
    nrf_drv_gpiote.o(i.nrf_drv_gpiote_in_event_disable) refers to nrf_drv_gpiote.o(i.channel_port_get) for channel_port_get
    nrf_drv_gpiote.o(i.nrf_drv_gpiote_in_event_enable) refers to nrf_drv_gpiote.o(i.pin_in_use_by_port) for pin_in_use_by_port
    nrf_drv_gpiote.o(i.nrf_drv_gpiote_in_event_enable) refers to nrf_drv_gpiote.o(i.channel_port_get) for channel_port_get
    nrf_drv_gpiote.o(i.nrf_drv_gpiote_in_event_enable) refers to nrf_drv_gpiote.o(i.nrf_gpio_cfg_sense_set) for nrf_gpio_cfg_sense_set
    nrf_drv_gpiote.o(i.nrf_drv_gpiote_in_event_enable) refers to nrf_drv_gpiote.o(i.pin_in_use_by_te) for pin_in_use_by_te
    nrf_drv_gpiote.o(i.nrf_drv_gpiote_in_event_enable) refers to nrf_drv_gpiote.o(.bss) for .bss
    nrf_drv_gpiote.o(i.nrf_drv_gpiote_in_init) refers to nrf_drv_gpiote.o(i.channel_port_alloc) for channel_port_alloc
    nrf_drv_gpiote.o(i.nrf_drv_gpiote_in_init) refers to nrf_drv_gpiote.o(.bss) for .bss
    nrf_drv_gpiote.o(i.nrf_drv_gpiote_in_uninit) refers to nrf_drv_gpiote.o(i.nrf_drv_gpiote_in_event_disable) for nrf_drv_gpiote_in_event_disable
    nrf_drv_gpiote.o(i.nrf_drv_gpiote_in_uninit) refers to nrf_drv_gpiote.o(i.pin_in_use_by_te) for pin_in_use_by_te
    nrf_drv_gpiote.o(i.nrf_drv_gpiote_in_uninit) refers to nrf_drv_gpiote.o(i.channel_port_get) for channel_port_get
    nrf_drv_gpiote.o(i.nrf_drv_gpiote_in_uninit) refers to nrf_drv_gpiote.o(i.channel_free) for channel_free
    nrf_drv_gpiote.o(i.nrf_drv_gpiote_in_uninit) refers to nrf_drv_gpiote.o(.bss) for .bss
    nrf_drv_gpiote.o(i.nrf_drv_gpiote_init) refers to nrf_drv_gpiote.o(i.channel_free) for channel_free
    nrf_drv_gpiote.o(i.nrf_drv_gpiote_init) refers to nrf_drv_common.o(i.nrf_drv_common_irq_enable) for nrf_drv_common_irq_enable
    nrf_drv_gpiote.o(i.nrf_drv_gpiote_init) refers to nrf_drv_gpiote.o(.bss) for .bss
    nrf_drv_gpiote.o(i.nrf_drv_gpiote_is_init) refers to nrf_drv_gpiote.o(.bss) for .bss
    nrf_drv_gpiote.o(i.nrf_drv_gpiote_out_init) refers to nrf_drv_gpiote.o(i.channel_port_alloc) for channel_port_alloc
    nrf_drv_gpiote.o(i.nrf_drv_gpiote_out_init) refers to nrf_drv_gpiote.o(.bss) for .bss
    nrf_drv_gpiote.o(i.nrf_drv_gpiote_out_task_addr_get) refers to nrf_drv_gpiote.o(i.channel_port_get) for channel_port_get
    nrf_drv_gpiote.o(i.nrf_drv_gpiote_out_task_disable) refers to nrf_drv_gpiote.o(.bss) for .bss
    nrf_drv_gpiote.o(i.nrf_drv_gpiote_out_task_enable) refers to nrf_drv_gpiote.o(.bss) for .bss
    nrf_drv_gpiote.o(i.nrf_drv_gpiote_out_task_force) refers to nrf_drv_gpiote.o(.bss) for .bss
    nrf_drv_gpiote.o(i.nrf_drv_gpiote_out_task_trigger) refers to nrf_drv_gpiote.o(i.channel_port_get) for channel_port_get
    nrf_drv_gpiote.o(i.nrf_drv_gpiote_out_uninit) refers to nrf_drv_gpiote.o(i.pin_in_use_by_te) for pin_in_use_by_te
    nrf_drv_gpiote.o(i.nrf_drv_gpiote_out_uninit) refers to nrf_drv_gpiote.o(i.channel_free) for channel_free
    nrf_drv_gpiote.o(i.nrf_drv_gpiote_out_uninit) refers to nrf_drv_gpiote.o(.bss) for .bss
    nrf_drv_gpiote.o(i.nrf_drv_gpiote_uninit) refers to nrf_drv_gpiote.o(i.nrf_drv_gpiote_in_uninit) for nrf_drv_gpiote_in_uninit
    nrf_drv_gpiote.o(i.nrf_drv_gpiote_uninit) refers to nrf_drv_gpiote.o(i.nrf_drv_gpiote_out_uninit) for nrf_drv_gpiote_out_uninit
    nrf_drv_gpiote.o(i.nrf_drv_gpiote_uninit) refers to nrf_drv_gpiote.o(.bss) for .bss
    nrf_drv_gpiote.o(i.pin_in_use_by_port) refers to nrf_drv_gpiote.o(.bss) for .bss
    nrf_drv_gpiote.o(i.pin_in_use_by_te) refers to nrf_drv_gpiote.o(.bss) for .bss
    nrf_delay.o(i.nrf_delay_ms) refers to nrf_delay.o(.emb_text) for __asm___11_nrf_delay_c_532987f3__nrf_delay_us
    app_uart.o(i.UART0_IRQHandler) refers to app_uart.o(i.on_uart_event) for on_uart_event
    app_uart.o(i.UART0_IRQHandler) refers to app_uart.o(.data) for .data
    app_uart.o(i.action_tx_stop) refers to app_uart.o(.data) for .data
    app_uart.o(i.action_uart_deactivate) refers to app_uart.o(.data) for .data
    app_uart.o(i.app_uart_close) refers to app_uart.o(i.on_uart_event) for on_uart_event
    app_uart.o(i.app_uart_close) refers to nrf_drv_gpiote.o(i.nrf_drv_gpiote_in_uninit) for nrf_drv_gpiote_in_uninit
    app_uart.o(i.app_uart_get) refers to app_uart.o(.data) for .data
    app_uart.o(i.app_uart_get_connection_state) refers to app_uart.o(.data) for .data
    app_uart.o(i.app_uart_init) refers to nrf_drv_gpiote.o(i.nrf_drv_gpiote_is_init) for nrf_drv_gpiote_is_init
    app_uart.o(i.app_uart_init) refers to nrf_drv_gpiote.o(i.nrf_drv_gpiote_init) for nrf_drv_gpiote_init
    app_uart.o(i.app_uart_init) refers to nrf_drv_gpiote.o(i.nrf_drv_gpiote_out_init) for nrf_drv_gpiote_out_init
    app_uart.o(i.app_uart_init) refers to nrf_drv_gpiote.o(i.nrf_drv_gpiote_in_init) for nrf_drv_gpiote_in_init
    app_uart.o(i.app_uart_init) refers to nrf_drv_gpiote.o(i.nrf_drv_gpiote_in_event_enable) for nrf_drv_gpiote_in_event_enable
    app_uart.o(i.app_uart_init) refers to nrf_drv_gpiote.o(i.nrf_drv_gpiote_in_is_set) for nrf_drv_gpiote_in_is_set
    app_uart.o(i.app_uart_init) refers to app_uart.o(i.on_uart_event) for on_uart_event
    app_uart.o(i.app_uart_init) refers to app_uart.o(.data) for .data
    app_uart.o(i.app_uart_init) refers to app_uart.o(.constdata) for .constdata
    app_uart.o(i.app_uart_init) refers to app_uart.o(i.gpiote_uart_event_handler) for gpiote_uart_event_handler
    app_uart.o(i.app_uart_put) refers to app_uart.o(i.on_uart_event) for on_uart_event
    app_uart.o(i.app_uart_put) refers to app_uart.o(.data) for .data
    app_uart.o(i.gpiote_uart_event_handler) refers to nrf_drv_gpiote.o(i.nrf_drv_gpiote_in_is_set) for nrf_drv_gpiote_in_is_set
    app_uart.o(i.gpiote_uart_event_handler) refers to app_uart.o(i.on_uart_event) for on_uart_event
    app_uart.o(i.on_uart_event) refers to bsp.o(i.__ARM_common_switch8) for __ARM_common_switch8
    app_uart.o(i.on_uart_event) refers to app_uart.o(i.action_uart_deactivate) for action_uart_deactivate
    app_uart.o(i.on_uart_event) refers to app_uart.o(i.action_tx_stop) for action_tx_stop
    app_uart.o(i.on_uart_event) refers to app_uart.o(.data) for .data
    pstorage.o(i.app_notify) refers to pstorage.o(.bss) for .bss
    pstorage.o(i.cmd_process) refers to pstorage.o(i.pstorage_flash_page_size) for pstorage_flash_page_size
    pstorage.o(i.cmd_process) refers to uidiv.o(.text) for __aeabi_uidivmod
    pstorage.o(i.cmd_process) refers to pstorage.o(i.swap_state_process) for swap_state_process
    pstorage.o(i.cmd_process) refers to pstorage.o(.bss) for .bss
    pstorage.o(i.cmd_process) refers to pstorage.o(.data) for .data
    pstorage.o(i.cmd_queue_dequeue) refers to pstorage.o(i.cmd_process) for cmd_process
    pstorage.o(i.cmd_queue_dequeue) refers to pstorage.o(.bss) for .bss
    pstorage.o(i.cmd_queue_element_init) refers to pstorage.o(.bss) for .bss
    pstorage.o(i.cmd_queue_enqueue) refers to pstorage.o(i.cmd_process) for cmd_process
    pstorage.o(i.cmd_queue_enqueue) refers to pstorage.o(.bss) for .bss
    pstorage.o(i.pstorage_access_status_get) refers to pstorage.o(.data) for .data
    pstorage.o(i.pstorage_access_status_get) refers to pstorage.o(.bss) for .bss
    pstorage.o(i.pstorage_block_identifier_get) refers to pstorage.o(.data) for .data
    pstorage.o(i.pstorage_block_identifier_get) refers to pstorage.o(.bss) for .bss
    pstorage.o(i.pstorage_clear) refers to pstorage.o(i.is_word_aligned) for is_word_aligned
    pstorage.o(i.pstorage_clear) refers to uidiv.o(.text) for __aeabi_uidivmod
    pstorage.o(i.pstorage_clear) refers to pstorage.o(i.cmd_queue_enqueue) for cmd_queue_enqueue
    pstorage.o(i.pstorage_clear) refers to pstorage.o(.data) for .data
    pstorage.o(i.pstorage_clear) refers to pstorage.o(.bss) for .bss
    pstorage.o(i.pstorage_flash_page_end) refers to pstorage.o(i.pstorage_flash_page_size) for pstorage_flash_page_size
    pstorage.o(i.pstorage_flash_page_end) refers to uidiv.o(.text) for __aeabi_uidivmod
    pstorage.o(i.pstorage_init) refers to pstorage.o(i.cmd_queue_element_init) for cmd_queue_element_init
    pstorage.o(i.pstorage_init) refers to pstorage.o(i.pstorage_flash_page_end) for pstorage_flash_page_end
    pstorage.o(i.pstorage_init) refers to pstorage.o(i.pstorage_flash_page_size) for pstorage_flash_page_size
    pstorage.o(i.pstorage_init) refers to uidiv.o(.text) for __aeabi_uidivmod
    pstorage.o(i.pstorage_init) refers to pstorage.o(.data) for .data
    pstorage.o(i.pstorage_init) refers to pstorage.o(.bss) for .bss
    pstorage.o(i.pstorage_load) refers to pstorage.o(i.is_word_aligned) for is_word_aligned
    pstorage.o(i.pstorage_load) refers to memcpya.o(.text) for __aeabi_memcpy
    pstorage.o(i.pstorage_load) refers to pstorage.o(.data) for .data
    pstorage.o(i.pstorage_load) refers to pstorage.o(.bss) for .bss
    pstorage.o(i.pstorage_register) refers to pstorage.o(i.pstorage_flash_page_size) for pstorage_flash_page_size
    pstorage.o(i.pstorage_register) refers to pstorage.o(i.pstorage_flash_page_end) for pstorage_flash_page_end
    pstorage.o(i.pstorage_register) refers to uidiv.o(.text) for __aeabi_uidivmod
    pstorage.o(i.pstorage_register) refers to pstorage.o(.data) for .data
    pstorage.o(i.pstorage_register) refers to pstorage.o(.bss) for .bss
    pstorage.o(i.pstorage_store) refers to pstorage.o(i.is_word_aligned) for is_word_aligned
    pstorage.o(i.pstorage_store) refers to pstorage.o(i.cmd_queue_enqueue) for cmd_queue_enqueue
    pstorage.o(i.pstorage_store) refers to pstorage.o(.data) for .data
    pstorage.o(i.pstorage_store) refers to pstorage.o(.bss) for .bss
    pstorage.o(i.pstorage_sys_event_handler) refers to pstorage.o(i.cmd_process) for cmd_process
    pstorage.o(i.pstorage_sys_event_handler) refers to pstorage.o(i.app_notify) for app_notify
    pstorage.o(i.pstorage_sys_event_handler) refers to pstorage.o(i.cmd_queue_dequeue) for cmd_queue_dequeue
    pstorage.o(i.pstorage_sys_event_handler) refers to pstorage.o(i.cmd_queue_element_init) for cmd_queue_element_init
    pstorage.o(i.pstorage_sys_event_handler) refers to pstorage.o(.bss) for .bss
    pstorage.o(i.pstorage_sys_event_handler) refers to pstorage.o(.data) for .data
    pstorage.o(i.pstorage_update) refers to pstorage.o(i.is_word_aligned) for is_word_aligned
    pstorage.o(i.pstorage_update) refers to pstorage.o(i.cmd_queue_enqueue) for cmd_queue_enqueue
    pstorage.o(i.pstorage_update) refers to pstorage.o(.data) for .data
    pstorage.o(i.pstorage_update) refers to pstorage.o(.bss) for .bss
    pstorage.o(i.swap_state_process) refers to bsp.o(i.__ARM_common_switch8) for __ARM_common_switch8
    pstorage.o(i.swap_state_process) refers to pstorage.o(i.pstorage_flash_page_size) for pstorage_flash_page_size
    pstorage.o(i.swap_state_process) refers to pstorage.o(i.pstorage_flash_page_end) for pstorage_flash_page_end
    pstorage.o(i.swap_state_process) refers to uidiv.o(.text) for __aeabi_uidivmod
    pstorage.o(i.swap_state_process) refers to pstorage.o(.data) for .data
    app_button.o(i.app_button_disable) refers to nrf_drv_gpiote.o(i.nrf_drv_gpiote_in_event_disable) for nrf_drv_gpiote_in_event_disable
    app_button.o(i.app_button_disable) refers to app_timer.o(i.app_timer_stop) for app_timer_stop
    app_button.o(i.app_button_disable) refers to app_button.o(.data) for .data
    app_button.o(i.app_button_enable) refers to nrf_drv_gpiote.o(i.nrf_drv_gpiote_in_event_enable) for nrf_drv_gpiote_in_event_enable
    app_button.o(i.app_button_enable) refers to app_button.o(.data) for .data
    app_button.o(i.app_button_init) refers to nrf_drv_gpiote.o(i.nrf_drv_gpiote_is_init) for nrf_drv_gpiote_is_init
    app_button.o(i.app_button_init) refers to nrf_drv_gpiote.o(i.nrf_drv_gpiote_init) for nrf_drv_gpiote_init
    app_button.o(i.app_button_init) refers to nrf_drv_gpiote.o(i.nrf_drv_gpiote_in_init) for nrf_drv_gpiote_in_init
    app_button.o(i.app_button_init) refers to app_timer.o(i.app_timer_create) for app_timer_create
    app_button.o(i.app_button_init) refers to app_button.o(.data) for .data
    app_button.o(i.app_button_init) refers to app_button.o(.constdata) for .constdata
    app_button.o(i.app_button_init) refers to app_button.o(i.gpiote_event_handler) for gpiote_event_handler
    app_button.o(i.app_button_init) refers to app_button.o(i.detection_delay_timeout_handler) for detection_delay_timeout_handler
    app_button.o(i.app_button_is_pushed) refers to nrf_drv_gpiote.o(i.nrf_drv_gpiote_in_is_set) for nrf_drv_gpiote_in_is_set
    app_button.o(i.app_button_is_pushed) refers to app_button.o(.data) for .data
    app_button.o(i.detection_delay_timeout_handler) refers to nrf_drv_gpiote.o(i.nrf_drv_gpiote_in_is_set) for nrf_drv_gpiote_in_is_set
    app_button.o(i.detection_delay_timeout_handler) refers to app_button.o(.data) for .data
    app_button.o(i.gpiote_event_handler) refers to app_timer.o(i.app_timer_stop) for app_timer_stop
    app_button.o(i.gpiote_event_handler) refers to nrf_drv_gpiote.o(i.nrf_drv_gpiote_in_is_set) for nrf_drv_gpiote_in_is_set
    app_button.o(i.gpiote_event_handler) refers to app_timer.o(i.app_timer_start) for app_timer_start
    app_button.o(i.gpiote_event_handler) refers to app_button.o(.data) for .data
    app_scheduler.o(i.app_sched_event_get) refers to app_scheduler.o(.data) for .data
    app_scheduler.o(i.app_sched_event_put) refers to app_error.o(i.app_error_handler) for app_error_handler
    app_scheduler.o(i.app_sched_event_put) refers to memcpya.o(.text) for __aeabi_memcpy
    app_scheduler.o(i.app_sched_event_put) refers to app_scheduler.o(.data) for .data
    app_scheduler.o(i.app_sched_execute) refers to app_scheduler.o(i.app_sched_event_get) for app_sched_event_get
    app_scheduler.o(i.app_sched_init) refers to app_scheduler.o(.data) for .data
    app_timer.o(i.RTC1_IRQHandler) refers to app_timer.o(i.timer_timeouts_check) for timer_timeouts_check
    app_timer.o(i.SWI0_IRQHandler) refers to app_timer.o(i.elapsed_ticks_acquire) for elapsed_ticks_acquire
    app_timer.o(i.SWI0_IRQHandler) refers to app_timer.o(i.list_deletions_handler) for list_deletions_handler
    app_timer.o(i.SWI0_IRQHandler) refers to app_timer.o(i.expired_timers_handler) for expired_timers_handler
    app_timer.o(i.SWI0_IRQHandler) refers to app_timer.o(i.list_insertions_handler) for list_insertions_handler
    app_timer.o(i.SWI0_IRQHandler) refers to app_timer.o(i.compare_reg_update) for compare_reg_update
    app_timer.o(i.SWI0_IRQHandler) refers to app_timer.o(.data) for .data
    app_timer.o(i.app_timer_create) refers to app_timer.o(.data) for .data
    app_timer.o(i.app_timer_init) refers to app_timer.o(i.rtc1_stop) for rtc1_stop
    app_timer.o(i.app_timer_init) refers to app_timer.o(i.NVIC_SetPriority) for NVIC_SetPriority
    app_timer.o(i.app_timer_init) refers to app_timer.o(.data) for .data
    app_timer.o(i.app_timer_start) refers to app_timer.o(i.user_id_get) for user_id_get
    app_timer.o(i.app_timer_start) refers to app_timer.o(i.user_op_alloc) for user_op_alloc
    app_timer.o(i.app_timer_start) refers to app_timer.o(i.timer_list_handler_sched) for timer_list_handler_sched
    app_timer.o(i.app_timer_start) refers to app_timer.o(.data) for .data
    app_timer.o(i.app_timer_stop) refers to app_timer.o(i.user_id_get) for user_id_get
    app_timer.o(i.app_timer_stop) refers to app_timer.o(i.user_op_alloc) for user_op_alloc
    app_timer.o(i.app_timer_stop) refers to app_timer.o(i.timer_list_handler_sched) for timer_list_handler_sched
    app_timer.o(i.app_timer_stop) refers to app_timer.o(.data) for .data
    app_timer.o(i.app_timer_stop_all) refers to app_timer.o(i.user_id_get) for user_id_get
    app_timer.o(i.app_timer_stop_all) refers to app_timer.o(i.user_op_alloc) for user_op_alloc
    app_timer.o(i.app_timer_stop_all) refers to app_timer.o(i.timer_list_handler_sched) for timer_list_handler_sched
    app_timer.o(i.app_timer_stop_all) refers to app_timer.o(.data) for .data
    app_timer.o(i.compare_reg_update) refers to app_timer.o(.emb_text) for __asm___11_app_timer_c_cd27f9c3__nrf_delay_us
    app_timer.o(i.compare_reg_update) refers to app_timer.o(i.rtc1_stop) for rtc1_stop
    app_timer.o(i.compare_reg_update) refers to app_timer.o(.data) for .data
    app_timer.o(i.elapsed_ticks_acquire) refers to app_timer.o(.data) for .data
    app_timer.o(i.expired_timers_handler) refers to app_timer.o(.data) for .data
    app_timer.o(i.list_deletions_handler) refers to app_timer.o(i.timer_list_remove) for timer_list_remove
    app_timer.o(i.list_deletions_handler) refers to app_timer.o(.data) for .data
    app_timer.o(i.list_insertions_handler) refers to app_timer.o(i.timer_list_insert) for timer_list_insert
    app_timer.o(i.list_insertions_handler) refers to app_timer.o(.data) for .data
    app_timer.o(i.rtc1_stop) refers to app_timer.o(.emb_text) for __asm___11_app_timer_c_cd27f9c3__nrf_delay_us
    app_timer.o(i.rtc1_stop) refers to app_timer.o(.data) for .data
    app_timer.o(i.timer_list_insert) refers to app_timer.o(.data) for .data
    app_timer.o(i.timer_list_remove) refers to app_timer.o(.data) for .data
    app_timer.o(i.timer_timeouts_check) refers to app_error.o(i.app_error_handler) for app_error_handler
    app_timer.o(i.timer_timeouts_check) refers to app_timer.o(i.timer_list_handler_sched) for timer_list_handler_sched
    app_timer.o(i.timer_timeouts_check) refers to app_timer.o(.data) for .data
    retarget.o(i.fgetc) refers to app_uart.o(i.app_uart_get) for app_uart_get
    retarget.o(i.fputc) refers to app_uart.o(i.app_uart_put) for app_uart_put
    app_timer_appsh.o(i.app_timer_evt_get) refers to app_error.o(i.app_error_handler) for app_error_handler
    app_timer_appsh.o(i.app_timer_evt_schedule) refers to app_scheduler.o(i.app_sched_event_put) for app_sched_event_put
    app_timer_appsh.o(i.app_timer_evt_schedule) refers to app_timer_appsh.o(i.app_timer_evt_get) for app_timer_evt_get
    softdevice_handler.o(i.SWI2_IRQHandler) refers to app_error.o(i.app_error_handler) for app_error_handler
    softdevice_handler.o(i.SWI2_IRQHandler) refers to softdevice_handler.o(i.intern_softdevice_events_execute) for intern_softdevice_events_execute
    softdevice_handler.o(i.SWI2_IRQHandler) refers to softdevice_handler.o(.data) for .data
    softdevice_handler.o(i.intern_softdevice_events_execute) refers to app_error.o(i.app_error_handler) for app_error_handler
    softdevice_handler.o(i.intern_softdevice_events_execute) refers to softdevice_handler.o(.data) for .data
    softdevice_handler.o(i.softdevice_ble_evt_handler_set) refers to softdevice_handler.o(.data) for .data
    softdevice_handler.o(i.softdevice_handler_init) refers to softdevice_handler.o(.data) for .data
    softdevice_handler.o(i.softdevice_handler_init) refers to softdevice_handler.o(i.softdevice_assertion_handler) for softdevice_assertion_handler
    softdevice_handler.o(i.softdevice_handler_sd_disable) refers to softdevice_handler.o(.data) for .data
    softdevice_handler.o(i.softdevice_sys_evt_handler_set) refers to softdevice_handler.o(.data) for .data
    entry.o(.ARM.Collect$$$$00000000) refers (Special) to entry10a.o(.ARM.Collect$$$$0000000D) for __rt_final_cpp
    entry.o(.ARM.Collect$$$$00000000) refers (Special) to entry11a.o(.ARM.Collect$$$$0000000F) for __rt_final_exit
    entry.o(.ARM.Collect$$$$00000000) refers (Special) to entry7b.o(.ARM.Collect$$$$00000008) for _main_clock
    entry.o(.ARM.Collect$$$$00000000) refers (Special) to entry8b.o(.ARM.Collect$$$$0000000A) for _main_cpp_init
    entry.o(.ARM.Collect$$$$00000000) refers (Special) to entry9a.o(.ARM.Collect$$$$0000000B) for _main_init
    entry.o(.ARM.Collect$$$$00000000) refers (Special) to entry5.o(.ARM.Collect$$$$00000004) for _main_scatterload
    entry.o(.ARM.Collect$$$$00000000) refers (Special) to entry2.o(.ARM.Collect$$$$00000001) for _main_stk
    entry2.o(.ARM.Collect$$$$00000001) refers to entry2.o(.ARM.Collect$$$$00002712) for __lit__00000000
    entry2.o(.ARM.Collect$$$$00002712) refers to arm_startup_nrf51.o(STACK) for __initial_sp
    entry2.o(__vectab_stack_and_reset_area) refers to arm_startup_nrf51.o(STACK) for __initial_sp
    entry2.o(__vectab_stack_and_reset_area) refers to entry.o(.ARM.Collect$$$$00000000) for __main
    entry5.o(.ARM.Collect$$$$00000004) refers to init.o(.text) for __scatterload
    entry9a.o(.ARM.Collect$$$$0000000B) refers to main.o(i.main) for main
    entry9b.o(.ARM.Collect$$$$0000000C) refers to main.o(i.main) for main
    init.o(.text) refers to entry5.o(.ARM.Collect$$$$00000004) for __main_after_scatterload


==============================================================================

Removing Unused input sections from the image.

    Removing main.o(.rev16_text), (4 bytes).
    Removing main.o(.revsh_text), (4 bytes).
    Removing main.o(.emb_text), (30 bytes).
    Removing myble.o(.rev16_text), (4 bytes).
    Removing myble.o(.revsh_text), (4 bytes).
    Removing bsp.o(.rev16_text), (4 bytes).
    Removing bsp.o(.revsh_text), (4 bytes).
    Removing bsp.o(i.bsp_button_is_pressed), (44 bytes).
    Removing bsp.o(i.bsp_buttons_disable), (8 bytes).
    Removing bsp.o(i.bsp_buttons_enable), (8 bytes).
    Removing bsp.o(i.bsp_buttons_state_get), (60 bytes).
    Removing bsp.o(i.bsp_indication_text_set), (8 bytes).
    Removing bsp.o(i.bsp_wakeup_buttons_set), (60 bytes).
    Removing arm_startup_nrf51.o(HEAP), (2048 bytes).
    Removing system_nrf51.o(.rev16_text), (4 bytes).
    Removing system_nrf51.o(.revsh_text), (4 bytes).
    Removing system_nrf51.o(i.SystemCoreClockUpdate), (16 bytes).
    Removing ble_srv_common.o(i.ble_srv_ascii_to_utf8), (18 bytes).
    Removing ble_srv_common.o(i.ble_srv_report_ref_encode), (12 bytes).
    Removing ble_advertising.o(.rev16_text), (4 bytes).
    Removing ble_advertising.o(.revsh_text), (4 bytes).
    Removing ble_advertising.o(i.ble_advertising_on_ble_evt), (144 bytes).
    Removing ble_advertising.o(i.ble_advertising_peer_addr_reply), (48 bytes).
    Removing ble_advertising.o(i.ble_advertising_restart_without_whitelist), (64 bytes).
    Removing ble_advertising.o(i.ble_advertising_whitelist_reply), (84 bytes).
    Removing ble_conn_params.o(i.ble_conn_params_change_conn_params), (80 bytes).
    Removing ble_conn_params.o(i.ble_conn_params_on_ble_evt), (144 bytes).
    Removing ble_conn_params.o(i.ble_conn_params_stop), (16 bytes).
    Removing ble_conn_params.o(i.conn_params_negotiation), (100 bytes).
    Removing ble_conn_params.o(i.is_conn_params_ok), (28 bytes).
    Removing nrf_drv_common.o(.rev16_text), (4 bytes).
    Removing nrf_drv_common.o(.revsh_text), (4 bytes).
    Removing nrf_drv_gpiote.o(.rev16_text), (4 bytes).
    Removing nrf_drv_gpiote.o(.revsh_text), (4 bytes).
    Removing nrf_drv_gpiote.o(i.nrf_drv_gpiote_in_event_addr_get), (24 bytes).
    Removing nrf_drv_gpiote.o(i.nrf_drv_gpiote_in_uninit), (80 bytes).
    Removing nrf_drv_gpiote.o(i.nrf_drv_gpiote_out_clear), (16 bytes).
    Removing nrf_drv_gpiote.o(i.nrf_drv_gpiote_out_init), (148 bytes).
    Removing nrf_drv_gpiote.o(i.nrf_drv_gpiote_out_set), (16 bytes).
    Removing nrf_drv_gpiote.o(i.nrf_drv_gpiote_out_task_addr_get), (20 bytes).
    Removing nrf_drv_gpiote.o(i.nrf_drv_gpiote_out_task_disable), (32 bytes).
    Removing nrf_drv_gpiote.o(i.nrf_drv_gpiote_out_task_enable), (48 bytes).
    Removing nrf_drv_gpiote.o(i.nrf_drv_gpiote_out_task_force), (48 bytes).
    Removing nrf_drv_gpiote.o(i.nrf_drv_gpiote_out_task_trigger), (24 bytes).
    Removing nrf_drv_gpiote.o(i.nrf_drv_gpiote_out_toggle), (28 bytes).
    Removing nrf_drv_gpiote.o(i.nrf_drv_gpiote_out_uninit), (48 bytes).
    Removing nrf_drv_gpiote.o(i.nrf_drv_gpiote_uninit), (52 bytes).
    Removing nrf_delay.o(.rev16_text), (4 bytes).
    Removing nrf_delay.o(.revsh_text), (4 bytes).
    Removing nrf_delay.o(.emb_text), (30 bytes).
    Removing nrf_delay.o(i.nrf_delay_ms), (28 bytes).
    Removing app_uart.o(.rev16_text), (4 bytes).
    Removing app_uart.o(.revsh_text), (4 bytes).
    Removing app_uart.o(i.app_uart_close), (36 bytes).
    Removing app_uart.o(i.app_uart_flush), (4 bytes).
    Removing app_uart.o(i.app_uart_get), (36 bytes).
    Removing app_uart.o(i.app_uart_get_connection_state), (20 bytes).
    Removing app_uart.o(i.app_uart_init), (372 bytes).
    Removing app_uart.o(i.app_uart_put), (36 bytes).
    Removing app_uart.o(i.gpiote_uart_event_handler), (22 bytes).
    Removing app_uart.o(.constdata), (8 bytes).
    Removing pstorage.o(.rev16_text), (4 bytes).
    Removing pstorage.o(.revsh_text), (4 bytes).
    Removing pstorage.o(i.app_notify), (36 bytes).
    Removing pstorage.o(i.cmd_process), (248 bytes).
    Removing pstorage.o(i.cmd_queue_dequeue), (40 bytes).
    Removing pstorage.o(i.cmd_queue_element_init), (32 bytes).
    Removing pstorage.o(i.cmd_queue_enqueue), (84 bytes).
    Removing pstorage.o(i.is_word_aligned), (12 bytes).
    Removing pstorage.o(i.pstorage_block_identifier_get), (84 bytes).
    Removing pstorage.o(i.pstorage_clear), (124 bytes).
    Removing pstorage.o(i.pstorage_flash_page_end), (36 bytes).
    Removing pstorage.o(i.pstorage_flash_page_size), (10 bytes).
    Removing pstorage.o(i.pstorage_init), (112 bytes).
    Removing pstorage.o(i.pstorage_load), (164 bytes).
    Removing pstorage.o(i.pstorage_register), (232 bytes).
    Removing pstorage.o(i.pstorage_store), (144 bytes).
    Removing pstorage.o(i.pstorage_sys_event_handler), (296 bytes).
    Removing pstorage.o(i.pstorage_update), (144 bytes).
    Removing pstorage.o(i.swap_state_process), (300 bytes).
    Removing app_button.o(.rev16_text), (4 bytes).
    Removing app_button.o(.revsh_text), (4 bytes).
    Removing app_button.o(i.app_button_is_pushed), (44 bytes).
    Removing app_error.o(.rev16_text), (4 bytes).
    Removing app_error.o(.revsh_text), (4 bytes).
    Removing app_scheduler.o(.rev16_text), (4 bytes).
    Removing app_scheduler.o(.revsh_text), (4 bytes).
    Removing app_timer.o(.rev16_text), (4 bytes).
    Removing app_timer.o(.revsh_text), (4 bytes).
    Removing app_timer.o(i.app_timer_cnt_diff_compute), (12 bytes).
    Removing app_timer.o(i.app_timer_cnt_get), (16 bytes).
    Removing app_timer.o(i.app_timer_stop_all), (68 bytes).
    Removing retarget.o(.rev16_text), (4 bytes).
    Removing retarget.o(.revsh_text), (4 bytes).
    Removing retarget.o(i.fgetc), (18 bytes).
    Removing retarget.o(i.fputc), (14 bytes).
    Removing retarget.o(.data), (4 bytes).
    Removing retarget.o(.data), (4 bytes).
    Removing softdevice_handler.o(.rev16_text), (4 bytes).
    Removing softdevice_handler.o(.revsh_text), (4 bytes).
    Removing softdevice_handler.o(i.softdevice_handler_sd_disable), (24 bytes).

101 unused section(s) (total 6626 bytes) removed from the image.

==============================================================================

Image Symbol Table

    Local Symbols

    Symbol Name                              Value     Ov Type        Size  Object(Section)

    ../clib/microlib/division.c              0x00000000   Number         0  uidiv.o ABSOLUTE
    ../clib/microlib/init/entry.s            0x00000000   Number         0  entry10b.o ABSOLUTE
    ../clib/microlib/init/entry.s            0x00000000   Number         0  entry11b.o ABSOLUTE
    ../clib/microlib/init/entry.s            0x00000000   Number         0  entry.o ABSOLUTE
    ../clib/microlib/init/entry.s            0x00000000   Number         0  entry8b.o ABSOLUTE
    ../clib/microlib/init/entry.s            0x00000000   Number         0  entry8a.o ABSOLUTE
    ../clib/microlib/init/entry.s            0x00000000   Number         0  entry7b.o ABSOLUTE
    ../clib/microlib/init/entry.s            0x00000000   Number         0  entry9a.o ABSOLUTE
    ../clib/microlib/init/entry.s            0x00000000   Number         0  entry7a.o ABSOLUTE
    ../clib/microlib/init/entry.s            0x00000000   Number         0  entry9b.o ABSOLUTE
    ../clib/microlib/init/entry.s            0x00000000   Number         0  entry10a.o ABSOLUTE
    ../clib/microlib/init/entry.s            0x00000000   Number         0  entry5.o ABSOLUTE
    ../clib/microlib/init/entry.s            0x00000000   Number         0  entry2.o ABSOLUTE
    ../clib/microlib/init/entry.s            0x00000000   Number         0  entry11a.o ABSOLUTE
    ../clib/microlib/string/memcmp.c         0x00000000   Number         0  memcmp.o ABSOLUTE
    ../clib/microlib/string/memcpy.c         0x00000000   Number         0  memcpyb.o ABSOLUTE
    ../clib/microlib/string/memcpy.c         0x00000000   Number         0  memcpya.o ABSOLUTE
    ../clib/microlib/string/memset.c         0x00000000   Number         0  memseta.o ABSOLUTE
    ../clib/microlib/string/strlen.c         0x00000000   Number         0  strlen.o ABSOLUTE
    C:\Keil_v5\ARM\PACK\NordicSemiconductor\nRF_BLE\3.0.0\common\ble_srv_common.c 0x00000000   Number         0  ble_srv_common.o ABSOLUTE
    C:\Keil_v5\ARM\PACK\NordicSemiconductor\nRF_Drivers\3.0.0\common\nrf_drv_common.c 0x00000000   Number         0  nrf_drv_common.o ABSOLUTE
    C:\Keil_v5\ARM\PACK\NordicSemiconductor\nRF_Drivers\3.0.0\gpiote\nrf_drv_gpiote.c 0x00000000   Number         0  nrf_drv_gpiote.o ABSOLUTE
    C:\Keil_v5\ARM\PACK\NordicSemiconductor\nRF_Drivers\3.0.0\hal\nrf_delay.c 0x00000000   Number         0  nrf_delay.o ABSOLUTE
    C:\\Keil_v5\\ARM\\PACK\\NordicSemiconductor\\nRF_Drivers\\3.0.0\\common\\nrf_drv_common.c 0x00000000   Number         0  nrf_drv_common.o ABSOLUTE
    C:\\Keil_v5\\ARM\\PACK\\NordicSemiconductor\\nRF_Drivers\\3.0.0\\gpiote\\nrf_drv_gpiote.c 0x00000000   Number         0  nrf_drv_gpiote.o ABSOLUTE
    C:\\Keil_v5\\ARM\\PACK\\NordicSemiconductor\\nRF_Drivers\\3.0.0\\hal\\nrf_delay.c 0x00000000   Number         0  nrf_delay.o ABSOLUTE
    RTE\Board_Support\nRF51422_xxAC\bsp.c    0x00000000   Number         0  bsp.o ABSOLUTE
    RTE\Device\nRF51422_xxAC\arm_startup_nrf51.s 0x00000000   Number         0  arm_startup_nrf51.o ABSOLUTE
    RTE\Device\nRF51422_xxAC\system_nrf51.c  0x00000000   Number         0  system_nrf51.o ABSOLUTE
    RTE\\Board_Support\\nRF51422_xxAC\\bsp.c 0x00000000   Number         0  bsp.o ABSOLUTE
    RTE\\Device\\nRF51422_xxAC\\system_nrf51.c 0x00000000   Number         0  system_nrf51.o ABSOLUTE
    RTE\\nRF_BLE\\nRF51422_xxAC\\ble_advertising.c 0x00000000   Number         0  ble_advertising.o ABSOLUTE
    RTE\\nRF_Drivers\\nRF51422_xxAC\\app_uart.c 0x00000000   Number         0  app_uart.o ABSOLUTE
    RTE\\nRF_Drivers\\nRF51422_xxAC\\pstorage.c 0x00000000   Number         0  pstorage.o ABSOLUTE
    RTE\\nRF_Libraries\\nRF51422_xxAC\\app_button.c 0x00000000   Number         0  app_button.o ABSOLUTE
    RTE\\nRF_Libraries\\nRF51422_xxAC\\app_error.c 0x00000000   Number         0  app_error.o ABSOLUTE
    RTE\\nRF_Libraries\\nRF51422_xxAC\\app_scheduler.c 0x00000000   Number         0  app_scheduler.o ABSOLUTE
    RTE\\nRF_Libraries\\nRF51422_xxAC\\app_timer.c 0x00000000   Number         0  app_timer.o ABSOLUTE
    RTE\\nRF_Libraries\\nRF51422_xxAC\\retarget.c 0x00000000   Number         0  retarget.o ABSOLUTE
    RTE\\nRF_SoftDevice\\nRF51422_xxAC\\softdevice_handler.c 0x00000000   Number         0  softdevice_handler.o ABSOLUTE
    RTE\nRF_BLE\nRF51422_xxAC\ble_advdata.c  0x00000000   Number         0  ble_advdata.o ABSOLUTE
    RTE\nRF_BLE\nRF51422_xxAC\ble_advertising.c 0x00000000   Number         0  ble_advertising.o ABSOLUTE
    RTE\nRF_BLE\nRF51422_xxAC\ble_conn_params.c 0x00000000   Number         0  ble_conn_params.o ABSOLUTE
    RTE\nRF_Drivers\nRF51422_xxAC\app_uart.c 0x00000000   Number         0  app_uart.o ABSOLUTE
    RTE\nRF_Drivers\nRF51422_xxAC\pstorage.c 0x00000000   Number         0  pstorage.o ABSOLUTE
    RTE\nRF_Libraries\nRF51422_xxAC\app_button.c 0x00000000   Number         0  app_button.o ABSOLUTE
    RTE\nRF_Libraries\nRF51422_xxAC\app_error.c 0x00000000   Number         0  app_error.o ABSOLUTE
    RTE\nRF_Libraries\nRF51422_xxAC\app_scheduler.c 0x00000000   Number         0  app_scheduler.o ABSOLUTE
    RTE\nRF_Libraries\nRF51422_xxAC\app_timer.c 0x00000000   Number         0  app_timer.o ABSOLUTE
    RTE\nRF_Libraries\nRF51422_xxAC\app_timer_appsh.c 0x00000000   Number         0  app_timer_appsh.o ABSOLUTE
    RTE\nRF_Libraries\nRF51422_xxAC\app_trace.c 0x00000000   Number         0  app_trace.o ABSOLUTE
    RTE\nRF_Libraries\nRF51422_xxAC\nrf_assert.c 0x00000000   Number         0  nrf_assert.o ABSOLUTE
    RTE\nRF_Libraries\nRF51422_xxAC\retarget.c 0x00000000   Number         0  retarget.o ABSOLUTE
    RTE\nRF_SoftDevice\nRF51422_xxAC\softdevice_handler.c 0x00000000   Number         0  softdevice_handler.o ABSOLUTE
    dc.s                                     0x00000000   Number         0  dc.o ABSOLUTE
    handlers.s                               0x00000000   Number         0  handlers.o ABSOLUTE
    init.s                                   0x00000000   Number         0  init.o ABSOLUTE
    src\\main.c                              0x00000000   Number         0  main.o ABSOLUTE
    src\\myble.c                             0x00000000   Number         0  myble.o ABSOLUTE
    src\main.c                               0x00000000   Number         0  main.o ABSOLUTE
    src\myble.c                              0x00000000   Number         0  myble.o ABSOLUTE
    RESET                                    0x00018000   Section      192  arm_startup_nrf51.o(RESET)
    .ARM.Collect$$$$00000000                 0x000180c0   Section        0  entry.o(.ARM.Collect$$$$00000000)
    .ARM.Collect$$$$00000001                 0x000180c0   Section        4  entry2.o(.ARM.Collect$$$$00000001)
    .ARM.Collect$$$$00000004                 0x000180c4   Section        4  entry5.o(.ARM.Collect$$$$00000004)
    .ARM.Collect$$$$00000008                 0x000180c8   Section        0  entry7b.o(.ARM.Collect$$$$00000008)
    .ARM.Collect$$$$0000000A                 0x000180c8   Section        0  entry8b.o(.ARM.Collect$$$$0000000A)
    .ARM.Collect$$$$0000000B                 0x000180c8   Section        8  entry9a.o(.ARM.Collect$$$$0000000B)
    .ARM.Collect$$$$0000000D                 0x000180d0   Section        0  entry10a.o(.ARM.Collect$$$$0000000D)
    .ARM.Collect$$$$0000000F                 0x000180d0   Section        0  entry11a.o(.ARM.Collect$$$$0000000F)
    .ARM.Collect$$$$00002712                 0x000180d0   Section        4  entry2.o(.ARM.Collect$$$$00002712)
    __lit__00000000                          0x000180d0   Data           4  entry2.o(.ARM.Collect$$$$00002712)
    .emb_text                                0x000180d4   Section       30  app_timer.o(.emb_text)
    .text                                    0x000180f4   Section       56  arm_startup_nrf51.o(.text)
    .text                                    0x0001812c   Section        0  uidiv.o(.text)
    .text                                    0x00018158   Section        0  memcpya.o(.text)
    .text                                    0x0001817c   Section        0  memseta.o(.text)
    .text                                    0x000181a0   Section        0  memcmp.o(.text)
    .text                                    0x000181bc   Section       36  init.o(.text)
    i.GPIOTE_IRQHandler                      0x000181e0   Section        0  nrf_drv_gpiote.o(i.GPIOTE_IRQHandler)
    i.NVIC_SetPriority                       0x000182e4   Section        0  app_timer.o(i.NVIC_SetPriority)
    NVIC_SetPriority                         0x000182e5   Thumb Code    60  app_timer.o(i.NVIC_SetPriority)
    i.RTC1_IRQHandler                        0x00018328   Section        0  app_timer.o(i.RTC1_IRQHandler)
    i.SWI0_IRQHandler                        0x00018348   Section        0  app_timer.o(i.SWI0_IRQHandler)
    i.SWI2_IRQHandler                        0x0001839c   Section        0  softdevice_handler.o(i.SWI2_IRQHandler)
    i.SystemInit                             0x000183c0   Section        0  system_nrf51.o(i.SystemInit)
    i.UART0_IRQHandler                       0x00018414   Section        0  app_uart.o(i.UART0_IRQHandler)
    i.__ARM_common_switch8                   0x0001848c   Section        0  bsp.o(i.__ARM_common_switch8)
    i.__scatterload_copy                     0x000184a6   Section       14  handlers.o(i.__scatterload_copy)
    i.__scatterload_null                     0x000184b4   Section        2  handlers.o(i.__scatterload_null)
    i.__scatterload_zeroinit                 0x000184b6   Section       14  handlers.o(i.__scatterload_zeroinit)
    i.action_tx_stop                         0x000184c4   Section        0  app_uart.o(i.action_tx_stop)
    i.action_uart_deactivate                 0x000184e8   Section        0  app_uart.o(i.action_uart_deactivate)
    action_uart_deactivate                   0x000184e9   Thumb Code    20  app_uart.o(i.action_uart_deactivate)
    i.adv_data_encode                        0x00018508   Section        0  ble_advdata.o(i.adv_data_encode)
    adv_data_encode                          0x00018509   Thumb Code   330  ble_advdata.o(i.adv_data_encode)
    i.advertising_init                       0x00018654   Section        0  myble.o(i.advertising_init)
    i.alert_timer_handler                    0x000186b0   Section        0  bsp.o(i.alert_timer_handler)
    alert_timer_handler                      0x000186b1   Thumb Code    20  bsp.o(i.alert_timer_handler)
    i.app_button_disable                     0x000186c8   Section        0  app_button.o(i.app_button_disable)
    i.app_button_enable                      0x000186f0   Section        0  app_button.o(i.app_button_enable)
    i.app_button_init                        0x00018714   Section        0  app_button.o(i.app_button_init)
    i.app_error_handler                      0x0001878c   Section        0  app_error.o(i.app_error_handler)
    i.app_sched_event_get                    0x000187a8   Section        0  app_scheduler.o(i.app_sched_event_get)
    app_sched_event_get                      0x000187a9   Thumb Code    62  app_scheduler.o(i.app_sched_event_get)
    i.app_sched_event_put                    0x000187ec   Section        0  app_scheduler.o(i.app_sched_event_put)
    i.app_sched_execute                      0x000188ec   Section        0  app_scheduler.o(i.app_sched_execute)
    i.app_sched_init                         0x0001890c   Section        0  app_scheduler.o(i.app_sched_init)
    i.app_timer_create                       0x00018938   Section        0  app_timer.o(i.app_timer_create)
    i.app_timer_evt_get                      0x00018984   Section        0  app_timer_appsh.o(i.app_timer_evt_get)
    app_timer_evt_get                        0x00018985   Thumb Code    26  app_timer_appsh.o(i.app_timer_evt_get)
    i.app_timer_evt_schedule                 0x000189a0   Section        0  app_timer_appsh.o(i.app_timer_evt_schedule)
    i.app_timer_init                         0x000189b8   Section        0  app_timer.o(i.app_timer_init)
    i.app_timer_start                        0x00018a6c   Section        0  app_timer.o(i.app_timer_start)
    i.app_timer_stop                         0x00018af0   Section        0  app_timer.o(i.app_timer_stop)
    i.ble_advdata_set                        0x00018b48   Section        0  ble_advdata.o(i.ble_advdata_set)
    i.ble_advertising_init                   0x00018ba4   Section        0  ble_advertising.o(i.ble_advertising_init)
    i.ble_advertising_on_sys_evt             0x00018ce8   Section        0  ble_advertising.o(i.ble_advertising_on_sys_evt)
    i.ble_advertising_peer_address_clear     0x00018d18   Section        0  ble_advertising.o(i.ble_advertising_peer_address_clear)
    ble_advertising_peer_address_clear       0x00018d19   Thumb Code    12  ble_advertising.o(i.ble_advertising_peer_address_clear)
    i.ble_advertising_start                  0x00018d28   Section        0  ble_advertising.o(i.ble_advertising_start)
    i.ble_conn_params_init                   0x00018ebc   Section        0  ble_conn_params.o(i.ble_conn_params_init)
    i.ble_evt_dispatch                       0x00018f10   Section        0  myble.o(i.ble_evt_dispatch)
    ble_evt_dispatch                         0x00018f11   Thumb Code     8  myble.o(i.ble_evt_dispatch)
    i.ble_stack_init                         0x00018f18   Section        0  myble.o(i.ble_stack_init)
    i.bsp_button_event_handler               0x00018f80   Section        0  bsp.o(i.bsp_button_event_handler)
    bsp_button_event_handler                 0x00018f81   Thumb Code   144  bsp.o(i.bsp_button_event_handler)
    i.bsp_event_to_button_action_assign      0x0001901c   Section        0  bsp.o(i.bsp_event_to_button_action_assign)
    i.bsp_indication_set                     0x00019064   Section        0  bsp.o(i.bsp_indication_set)
    i.bsp_init                               0x00019080   Section        0  bsp.o(i.bsp_init)
    i.bsp_led_indication                     0x00019120   Section        0  bsp.o(i.bsp_led_indication)
    bsp_led_indication                       0x00019121   Thumb Code   482  bsp.o(i.bsp_led_indication)
    i.button_timer_handler                   0x00019310   Section        0  bsp.o(i.button_timer_handler)
    button_timer_handler                     0x00019311   Thumb Code    12  bsp.o(i.button_timer_handler)
    i.channel_free                           0x0001931c   Section        0  nrf_drv_gpiote.o(i.channel_free)
    channel_free                             0x0001931d   Thumb Code    24  nrf_drv_gpiote.o(i.channel_free)
    i.channel_port_alloc                     0x00019338   Section        0  nrf_drv_gpiote.o(i.channel_port_alloc)
    channel_port_alloc                       0x00019339   Thumb Code    68  nrf_drv_gpiote.o(i.channel_port_alloc)
    i.channel_port_get                       0x00019380   Section        0  nrf_drv_gpiote.o(i.channel_port_get)
    channel_port_get                         0x00019381   Thumb Code    10  nrf_drv_gpiote.o(i.channel_port_get)
    i.compare_reg_update                     0x00019390   Section        0  app_timer.o(i.compare_reg_update)
    compare_reg_update                       0x00019391   Thumb Code   140  app_timer.o(i.compare_reg_update)
    i.conn_int_encode                        0x00019434   Section        0  ble_advdata.o(i.conn_int_encode)
    conn_int_encode                          0x00019435   Thumb Code   126  ble_advdata.o(i.conn_int_encode)
    i.conn_params_error_handler              0x000194b8   Section        0  myble.o(i.conn_params_error_handler)
    conn_params_error_handler                0x000194b9   Thumb Code    12  myble.o(i.conn_params_error_handler)
    i.conn_params_init                       0x000194c4   Section        0  myble.o(i.conn_params_init)
    i.detection_delay_timeout_handler        0x00019510   Section        0  app_button.o(i.detection_delay_timeout_handler)
    detection_delay_timeout_handler          0x00019511   Thumb Code    90  app_button.o(i.detection_delay_timeout_handler)
    i.elapsed_ticks_acquire                  0x00019570   Section        0  app_timer.o(i.elapsed_ticks_acquire)
    elapsed_ticks_acquire                    0x00019571   Thumb Code    58  app_timer.o(i.elapsed_ticks_acquire)
    i.expired_timers_handler                 0x000195b0   Section        0  app_timer.o(i.expired_timers_handler)
    expired_timers_handler                   0x000195b1   Thumb Code    82  app_timer.o(i.expired_timers_handler)
    i.gap_params_init                        0x00019608   Section        0  myble.o(i.gap_params_init)
    i.gpiote_event_handler                   0x00019654   Section        0  app_button.o(i.gpiote_event_handler)
    gpiote_event_handler                     0x00019655   Thumb Code    70  app_button.o(i.gpiote_event_handler)
    i.intern_softdevice_events_execute       0x000196a0   Section        0  softdevice_handler.o(i.intern_softdevice_events_execute)
    i.is_manual_peripheral_setup_needed      0x00019720   Section        0  system_nrf51.o(i.is_manual_peripheral_setup_needed)
    is_manual_peripheral_setup_needed        0x00019721   Thumb Code    66  system_nrf51.o(i.is_manual_peripheral_setup_needed)
    i.leds_timer_handler                     0x00019768   Section        0  bsp.o(i.leds_timer_handler)
    leds_timer_handler                       0x00019769   Thumb Code    18  bsp.o(i.leds_timer_handler)
    i.list_deletions_handler                 0x00019780   Section        0  app_timer.o(i.list_deletions_handler)
    list_deletions_handler                   0x00019781   Thumb Code   144  app_timer.o(i.list_deletions_handler)
    i.list_insertions_handler                0x00019814   Section        0  app_timer.o(i.list_insertions_handler)
    list_insertions_handler                  0x00019815   Thumb Code   230  app_timer.o(i.list_insertions_handler)
    i.main                                   0x00019904   Section        0  main.o(i.main)
    i.manuf_specific_data_encode             0x00019970   Section        0  ble_advdata.o(i.manuf_specific_data_encode)
    manuf_specific_data_encode               0x00019971   Thumb Code   100  ble_advdata.o(i.manuf_specific_data_encode)
    i.name_encode                            0x000199d4   Section        0  ble_advdata.o(i.name_encode)
    name_encode                              0x000199d5   Thumb Code   106  ble_advdata.o(i.name_encode)
    i.nrf_drv_common_irq_enable              0x00019a40   Section        0  nrf_drv_common.o(i.nrf_drv_common_irq_enable)
    i.nrf_drv_gpiote_in_event_disable        0x00019aa0   Section        0  nrf_drv_gpiote.o(i.nrf_drv_gpiote_in_event_disable)
    i.nrf_drv_gpiote_in_event_enable         0x00019af4   Section        0  nrf_drv_gpiote.o(i.nrf_drv_gpiote_in_event_enable)
    i.nrf_drv_gpiote_in_init                 0x00019b80   Section        0  nrf_drv_gpiote.o(i.nrf_drv_gpiote_in_init)
    i.nrf_drv_gpiote_in_is_set               0x00019c14   Section        0  nrf_drv_gpiote.o(i.nrf_drv_gpiote_in_is_set)
    i.nrf_drv_gpiote_init                    0x00019c28   Section        0  nrf_drv_gpiote.o(i.nrf_drv_gpiote_init)
    i.nrf_drv_gpiote_is_init                 0x00019c78   Section        0  nrf_drv_gpiote.o(i.nrf_drv_gpiote_is_init)
    i.nrf_gpio_cfg_sense_set                 0x00019c88   Section        0  nrf_drv_gpiote.o(i.nrf_gpio_cfg_sense_set)
    nrf_gpio_cfg_sense_set                   0x00019c89   Thumb Code    26  nrf_drv_gpiote.o(i.nrf_gpio_cfg_sense_set)
    i.nrf_gpiote_event_is_set                0x00019ca8   Section        0  nrf_drv_gpiote.o(i.nrf_gpiote_event_is_set)
    nrf_gpiote_event_is_set                  0x00019ca9   Thumb Code    14  nrf_drv_gpiote.o(i.nrf_gpiote_event_is_set)
    i.on_adv_evt                             0x00019cbc   Section        0  myble.o(i.on_adv_evt)
    on_adv_evt                               0x00019cbd   Thumb Code    52  myble.o(i.on_adv_evt)
    i.on_ble_evt                             0x00019cf0   Section        0  myble.o(i.on_ble_evt)
    on_ble_evt                               0x00019cf1   Thumb Code   192  myble.o(i.on_ble_evt)
    i.on_conn_params_evt                     0x00019db8   Section        0  myble.o(i.on_conn_params_evt)
    on_conn_params_evt                       0x00019db9   Thumb Code    30  myble.o(i.on_conn_params_evt)
    i.on_uart_event                          0x00019ddc   Section        0  app_uart.o(i.on_uart_event)
    on_uart_event                            0x00019ddd   Thumb Code   114  app_uart.o(i.on_uart_event)
    i.peer_address_exists                    0x00019e5c   Section        0  ble_advertising.o(i.peer_address_exists)
    peer_address_exists                      0x00019e5d   Thumb Code    22  ble_advertising.o(i.peer_address_exists)
    i.pin_in_use_by_port                     0x00019e74   Section        0  nrf_drv_gpiote.o(i.pin_in_use_by_port)
    pin_in_use_by_port                       0x00019e75   Thumb Code    20  nrf_drv_gpiote.o(i.pin_in_use_by_port)
    i.pin_in_use_by_te                       0x00019e8c   Section        0  nrf_drv_gpiote.o(i.pin_in_use_by_te)
    pin_in_use_by_te                         0x00019e8d   Thumb Code    20  nrf_drv_gpiote.o(i.pin_in_use_by_te)
    i.pstorage_access_status_get             0x00019ea4   Section        0  pstorage.o(i.pstorage_access_status_get)
    i.rtc1_stop                              0x00019ecc   Section        0  app_timer.o(i.rtc1_stop)
    rtc1_stop                                0x00019ecd   Thumb Code    50  app_timer.o(i.rtc1_stop)
    i.sec_params_init                        0x00019f10   Section        0  myble.o(i.sec_params_init)
    i.service_data_encode                    0x00019f34   Section        0  ble_advdata.o(i.service_data_encode)
    service_data_encode                      0x00019f35   Thumb Code   124  ble_advdata.o(i.service_data_encode)
    i.services_init                          0x00019fb0   Section        0  myble.o(i.services_init)
    i.softdevice_assertion_handler           0x00019fb2   Section        0  softdevice_handler.o(i.softdevice_assertion_handler)
    i.softdevice_ble_evt_handler_set         0x00019fc0   Section        0  softdevice_handler.o(i.softdevice_ble_evt_handler_set)
    i.softdevice_handler_init                0x00019fd4   Section        0  softdevice_handler.o(i.softdevice_handler_init)
    i.softdevice_sys_evt_handler_set         0x0001a004   Section        0  softdevice_handler.o(i.softdevice_sys_evt_handler_set)
    i.sys_evt_dispatch                       0x0001a018   Section        0  myble.o(i.sys_evt_dispatch)
    sys_evt_dispatch                         0x0001a019   Thumb Code     8  myble.o(i.sys_evt_dispatch)
    i.timer_list_handler_sched               0x0001a020   Section        0  app_timer.o(i.timer_list_handler_sched)
    timer_list_handler_sched                 0x0001a021   Thumb Code    10  app_timer.o(i.timer_list_handler_sched)
    i.timer_list_insert                      0x0001a030   Section        0  app_timer.o(i.timer_list_insert)
    timer_list_insert                        0x0001a031   Thumb Code    94  app_timer.o(i.timer_list_insert)
    i.timer_list_remove                      0x0001a094   Section        0  app_timer.o(i.timer_list_remove)
    timer_list_remove                        0x0001a095   Thumb Code   104  app_timer.o(i.timer_list_remove)
    i.timer_timeouts_check                   0x0001a104   Section        0  app_timer.o(i.timer_timeouts_check)
    timer_timeouts_check                     0x0001a105   Thumb Code   120  app_timer.o(i.timer_timeouts_check)
    i.timers_init                            0x0001a184   Section        0  myble.o(i.timers_init)
    i.uint16_encode                          0x0001a1ac   Section        0  ble_advdata.o(i.uint16_encode)
    uint16_encode                            0x0001a1ad   Thumb Code    10  ble_advdata.o(i.uint16_encode)
    i.update_timeout_handler                 0x0001a1b8   Section        0  ble_conn_params.o(i.update_timeout_handler)
    update_timeout_handler                   0x0001a1b9   Thumb Code    86  ble_conn_params.o(i.update_timeout_handler)
    i.user_id_get                            0x0001a21c   Section        0  app_timer.o(i.user_id_get)
    user_id_get                              0x0001a21d   Thumb Code    74  app_timer.o(i.user_id_get)
    i.user_op_alloc                          0x0001a270   Section        0  app_timer.o(i.user_op_alloc)
    user_op_alloc                            0x0001a271   Thumb Code    36  app_timer.o(i.user_op_alloc)
    i.uuid_list_encode                       0x0001a294   Section        0  ble_advdata.o(i.uuid_list_encode)
    uuid_list_encode                         0x0001a295   Thumb Code    38  ble_advdata.o(i.uuid_list_encode)
    i.uuid_list_sized_encode                 0x0001a2ba   Section        0  ble_advdata.o(i.uuid_list_sized_encode)
    uuid_list_sized_encode                   0x0001a2bb   Thumb Code   162  ble_advdata.o(i.uuid_list_sized_encode)
    i.whitelist_has_entries                  0x0001a35c   Section        0  ble_advertising.o(i.whitelist_has_entries)
    whitelist_has_entries                    0x0001a35d   Thumb Code    16  ble_advertising.o(i.whitelist_has_entries)
    .constdata                               0x0001a36c   Section       48  bsp.o(.constdata)
    m_buttons_list                           0x0001a36c   Data          16  bsp.o(.constdata)
    app_buttons                              0x0001a37c   Data          32  bsp.o(.constdata)
    .constdata                               0x0001a39c   Section        4  app_button.o(.constdata)
    .data                                    0x20002000   Section       44  myble.o(.data)
    m_conn_handle                            0x20002000   Data           2  myble.o(.data)
    m_sec_params                             0x20002006   Data           5  myble.o(.data)
    m_auth_status                            0x2000200b   Data           6  myble.o(.data)
    m_keys                                   0x20002014   Data          24  myble.o(.data)
    .data                                    0x2000202c   Section       32  bsp.o(.data)
    m_stable_state                           0x2000202c   Data           1  bsp.o(.data)
    current_long_push_pin_no                 0x2000202d   Data           1  bsp.o(.data)
    m_app_ticks_per_100ms                    0x20002030   Data           4  bsp.o(.data)
    m_indication_type                        0x20002034   Data           4  bsp.o(.data)
    m_registered_callback                    0x20002038   Data           4  bsp.o(.data)
    release_event_at_push                    0x2000203c   Data           4  bsp.o(.data)
    m_leds_timer_id                          0x20002040   Data           4  bsp.o(.data)
    m_alert_timer_id                         0x20002044   Data           4  bsp.o(.data)
    m_button_timer_id                        0x20002048   Data           4  bsp.o(.data)
    .data                                    0x2000204c   Section        4  system_nrf51.o(.data)
    __tagsym$$used                           0x2000204c   Number         0  system_nrf51.o(.data)
    .data                                    0x20002050   Section       31  ble_advertising.o(.data)
    m_advertising_start_pending              0x20002050   Data           1  ble_advertising.o(.data)
    m_whitelist_temporarily_disabled         0x20002051   Data           1  ble_advertising.o(.data)
    m_whitelist_reply_expected               0x20002052   Data           1  ble_advertising.o(.data)
    m_peer_addr_reply_expected               0x20002053   Data           1  ble_advertising.o(.data)
    m_adv_evt                                0x20002054   Data           1  ble_advertising.o(.data)
    m_adv_mode_current                       0x20002055   Data           1  ble_advertising.o(.data)
    m_direct_adv_cnt                         0x20002056   Data           1  ble_advertising.o(.data)
    m_tx_power_level                         0x20002057   Data           1  ble_advertising.o(.data)
    current_slave_link_conn_handle           0x20002058   Data           2  ble_advertising.o(.data)
    m_evt_handler                            0x2000205c   Data           4  ble_advertising.o(.data)
    m_error_handler                          0x20002060   Data           4  ble_advertising.o(.data)
    m_slave_conn_int                         0x20002064   Data           4  ble_advertising.o(.data)
    m_peer_address                           0x20002068   Data           7  ble_advertising.o(.data)
    .data                                    0x20002070   Section       24  ble_conn_params.o(.data)
    m_change_param                           0x20002070   Data           1  ble_conn_params.o(.data)
    m_update_count                           0x20002071   Data           1  ble_conn_params.o(.data)
    m_conn_handle                            0x20002072   Data           2  ble_conn_params.o(.data)
    m_conn_params_timer_id                   0x20002074   Data           4  ble_conn_params.o(.data)
    m_preferred_conn_params                  0x20002078   Data           8  ble_conn_params.o(.data)
    m_current_conn_params                    0x20002080   Data           8  ble_conn_params.o(.data)
    .data                                    0x20002088   Section       12  app_uart.o(.data)
    m_instance_counter                       0x20002088   Data           1  app_uart.o(.data)
    m_current_state                          0x20002089   Data           1  app_uart.o(.data)
    m_tx_byte                                0x2000208a   Data           1  app_uart.o(.data)
    m_rx_byte                                0x2000208c   Data           2  app_uart.o(.data)
    m_event_handler                          0x20002090   Data           4  app_uart.o(.data)
    .data                                    0x20002094   Section       12  pstorage.o(.data)
    m_module_initialized                     0x20002094   Data           1  pstorage.o(.data)
    m_swap_state                             0x20002095   Data           1  pstorage.o(.data)
    m_next_app_instance                      0x20002096   Data           2  pstorage.o(.data)
    m_round_val                              0x20002098   Data           2  pstorage.o(.data)
    m_next_page_addr                         0x2000209c   Data           4  pstorage.o(.data)
    .data                                    0x200020a0   Section       24  app_button.o(.data)
    m_button_count                           0x200020a0   Data           1  app_button.o(.data)
    mp_buttons                               0x200020a4   Data           4  app_button.o(.data)
    m_detection_delay                        0x200020a8   Data           4  app_button.o(.data)
    m_detection_delay_timer_id               0x200020ac   Data           4  app_button.o(.data)
    m_pin_state                              0x200020b0   Data           4  app_button.o(.data)
    m_pin_transition                         0x200020b4   Data           4  app_button.o(.data)
    .data                                    0x200020b8   Section       16  app_scheduler.o(.data)
    m_queue_start_index                      0x200020b8   Data           1  app_scheduler.o(.data)
    m_queue_end_index                        0x200020b9   Data           1  app_scheduler.o(.data)
    m_queue_event_size                       0x200020ba   Data           2  app_scheduler.o(.data)
    m_queue_size                             0x200020bc   Data           2  app_scheduler.o(.data)
    m_queue_event_headers                    0x200020c0   Data           4  app_scheduler.o(.data)
    m_queue_event_data                       0x200020c4   Data           4  app_scheduler.o(.data)
    .data                                    0x200020c8   Section       36  app_timer.o(.data)
    m_node_array_size                        0x200020c8   Data           1  app_timer.o(.data)
    m_user_array_size                        0x200020c9   Data           1  app_timer.o(.data)
    m_ticks_elapsed_q_read_ind               0x200020ca   Data           1  app_timer.o(.data)
    m_ticks_elapsed_q_write_ind              0x200020cb   Data           1  app_timer.o(.data)
    m_rtc1_running                           0x200020cc   Data           1  app_timer.o(.data)
    m_rtc1_reset                             0x200020cd   Data           1  app_timer.o(.data)
    mp_nodes                                 0x200020d0   Data           4  app_timer.o(.data)
    mp_users                                 0x200020d4   Data           4  app_timer.o(.data)
    m_timer_id_head                          0x200020d8   Data           4  app_timer.o(.data)
    m_ticks_latest                           0x200020dc   Data           4  app_timer.o(.data)
    m_evt_schedule_func                      0x200020e0   Data           4  app_timer.o(.data)
    m_ticks_elapsed                          0x200020e4   Data           8  app_timer.o(.data)
    .data                                    0x200020ec   Section       20  softdevice_handler.o(.data)
    m_softdevice_enabled                     0x200020ec   Data           1  softdevice_handler.o(.data)
    m_ble_evt_buffer_size                    0x200020ee   Data           2  softdevice_handler.o(.data)
    m_evt_schedule_func                      0x200020f0   Data           4  softdevice_handler.o(.data)
    mp_ble_evt_buffer                        0x200020f4   Data           4  softdevice_handler.o(.data)
    m_ble_evt_handler                        0x200020f8   Data           4  softdevice_handler.o(.data)
    m_sys_evt_handler                        0x200020fc   Data           4  softdevice_handler.o(.data)
    .bss                                     0x20002100   Section      176  main.o(.bss)
    APP_SCHED_BUF                            0x20002100   Data         176  main.o(.bss)
    .bss                                     0x200021b0   Section      796  myble.o(.bss)
    m_enc_key                                0x200021b0   Data          28  myble.o(.bss)
    m_id_key                                 0x200021cc   Data          23  myble.o(.bss)
    m_sign_key                               0x200021e3   Data          16  myble.o(.bss)
    BLE_EVT_BUFFER                           0x200021f4   Data          72  myble.o(.bss)
    APP_TIMER_BUF                            0x2000223c   Data         656  myble.o(.bss)
    .bss                                     0x200024cc   Section       12  bsp.o(.bss)
    m_events_list                            0x200024cc   Data          12  bsp.o(.bss)
    .bss                                     0x200024d8   Section      247  ble_advertising.o(.bss)
    m_advdata                                0x200024d8   Data          48  ble_advertising.o(.bss)
    m_adv_modes_config                       0x20002508   Data          32  ble_advertising.o(.bss)
    m_whitelist                              0x20002528   Data          16  ble_advertising.o(.bss)
    mp_whitelist_addr                        0x20002538   Data          32  ble_advertising.o(.bss)
    mp_whitelist_irk                         0x20002558   Data          32  ble_advertising.o(.bss)
    m_manuf_specific_data                    0x20002578   Data          12  ble_advertising.o(.bss)
    m_manuf_data_array                       0x20002584   Data          31  ble_advertising.o(.bss)
    m_service_data                           0x200025a4   Data          12  ble_advertising.o(.bss)
    m_service_data_array                     0x200025b0   Data          31  ble_advertising.o(.bss)
    .bss                                     0x200025d0   Section       28  ble_conn_params.o(.bss)
    m_conn_params_config                     0x200025d0   Data          28  ble_conn_params.o(.bss)
    .bss                                     0x200025ec   Section       60  nrf_drv_gpiote.o(.bss)
    m_cb                                     0x200025ec   Data          60  nrf_drv_gpiote.o(.bss)
    .bss                                     0x20002628   Section      220  pstorage.o(.bss)
    m_cmd_queue                              0x20002628   Data         204  pstorage.o(.bss)
    m_app_table                              0x200026f4   Data          16  pstorage.o(.bss)
    STACK                                    0x20002708   Section     2048  arm_startup_nrf51.o(STACK)

    Global Symbols

    Symbol Name                              Value     Ov Type        Size  Object(Section)

    BuildAttributes$$THM_ISAv3M$S$PE$A:L22$X:L11$S22$IEEE1$IW$USESV6$~STKCKD$USESV7$~SHL$OSPACE$EBA8$MICROLIB$REQ8$PRES8$EABIv2 0x00000000   Number         0  anon$$obj.o ABSOLUTE
    __ARM_use_no_argv                        0x00000000   Number         0  main.o ABSOLUTE
    __cpp_initialize__aeabi_                  - Undefined Weak Reference
    __cxa_finalize                            - Undefined Weak Reference
    __decompress                              - Undefined Weak Reference
    _clock_init                               - Undefined Weak Reference
    _microlib_exit                            - Undefined Weak Reference
    assert_nrf_callback                       - Undefined Weak Reference
    __Vectors_Size                           0x000000c0   Number         0  arm_startup_nrf51.o ABSOLUTE
    __Vectors                                0x00018000   Data           4  arm_startup_nrf51.o(RESET)
    __Vectors_End                            0x000180c0   Data           0  arm_startup_nrf51.o(RESET)
    __main                                   0x000180c1   Thumb Code     0  entry.o(.ARM.Collect$$$$00000000)
    _main_stk                                0x000180c1   Thumb Code     0  entry2.o(.ARM.Collect$$$$00000001)
    _main_scatterload                        0x000180c5   Thumb Code     0  entry5.o(.ARM.Collect$$$$00000004)
    __main_after_scatterload                 0x000180c9   Thumb Code     0  entry5.o(.ARM.Collect$$$$00000004)
    _main_clock                              0x000180c9   Thumb Code     0  entry7b.o(.ARM.Collect$$$$00000008)
    _main_cpp_init                           0x000180c9   Thumb Code     0  entry8b.o(.ARM.Collect$$$$0000000A)
    _main_init                               0x000180c9   Thumb Code     0  entry9a.o(.ARM.Collect$$$$0000000B)
    __rt_final_cpp                           0x000180d1   Thumb Code     0  entry10a.o(.ARM.Collect$$$$0000000D)
    __rt_final_exit                          0x000180d1   Thumb Code     0  entry11a.o(.ARM.Collect$$$$0000000F)
    __asm___11_app_timer_c_cd27f9c3__nrf_delay_us 0x000180d5   Thumb Code    30  app_timer.o(.emb_text)
    Reset_Handler                            0x000180f5   Thumb Code    26  arm_startup_nrf51.o(.text)
    NMI_Handler                              0x0001810f   Thumb Code     2  arm_startup_nrf51.o(.text)
    HardFault_Handler                        0x00018111   Thumb Code     2  arm_startup_nrf51.o(.text)
    SVC_Handler                              0x00018113   Thumb Code     2  arm_startup_nrf51.o(.text)
    PendSV_Handler                           0x00018115   Thumb Code     2  arm_startup_nrf51.o(.text)
    SysTick_Handler                          0x00018117   Thumb Code     2  arm_startup_nrf51.o(.text)
    ADC_IRQHandler                           0x00018119   Thumb Code     0  arm_startup_nrf51.o(.text)
    CCM_AAR_IRQHandler                       0x00018119   Thumb Code     0  arm_startup_nrf51.o(.text)
    ECB_IRQHandler                           0x00018119   Thumb Code     0  arm_startup_nrf51.o(.text)
    LPCOMP_IRQHandler                        0x00018119   Thumb Code     0  arm_startup_nrf51.o(.text)
    POWER_CLOCK_IRQHandler                   0x00018119   Thumb Code     0  arm_startup_nrf51.o(.text)
    QDEC_IRQHandler                          0x00018119   Thumb Code     0  arm_startup_nrf51.o(.text)
    RADIO_IRQHandler                         0x00018119   Thumb Code     0  arm_startup_nrf51.o(.text)
    RNG_IRQHandler                           0x00018119   Thumb Code     0  arm_startup_nrf51.o(.text)
    RTC0_IRQHandler                          0x00018119   Thumb Code     0  arm_startup_nrf51.o(.text)
    SPI0_TWI0_IRQHandler                     0x00018119   Thumb Code     0  arm_startup_nrf51.o(.text)
    SPI1_TWI1_IRQHandler                     0x00018119   Thumb Code     0  arm_startup_nrf51.o(.text)
    SWI1_IRQHandler                          0x00018119   Thumb Code     0  arm_startup_nrf51.o(.text)
    SWI3_IRQHandler                          0x00018119   Thumb Code     0  arm_startup_nrf51.o(.text)
    SWI4_IRQHandler                          0x00018119   Thumb Code     0  arm_startup_nrf51.o(.text)
    SWI5_IRQHandler                          0x00018119   Thumb Code     0  arm_startup_nrf51.o(.text)
    TEMP_IRQHandler                          0x00018119   Thumb Code     0  arm_startup_nrf51.o(.text)
    TIMER0_IRQHandler                        0x00018119   Thumb Code     0  arm_startup_nrf51.o(.text)
    TIMER1_IRQHandler                        0x00018119   Thumb Code     0  arm_startup_nrf51.o(.text)
    TIMER2_IRQHandler                        0x00018119   Thumb Code     0  arm_startup_nrf51.o(.text)
    WDT_IRQHandler                           0x00018119   Thumb Code     0  arm_startup_nrf51.o(.text)
    __aeabi_uidiv                            0x0001812d   Thumb Code     0  uidiv.o(.text)
    __aeabi_uidivmod                         0x0001812d   Thumb Code    44  uidiv.o(.text)
    __aeabi_memcpy                           0x00018159   Thumb Code    36  memcpya.o(.text)
    __aeabi_memcpy4                          0x00018159   Thumb Code     0  memcpya.o(.text)
    __aeabi_memcpy8                          0x00018159   Thumb Code     0  memcpya.o(.text)
    __aeabi_memset                           0x0001817d   Thumb Code    14  memseta.o(.text)
    __aeabi_memset4                          0x0001817d   Thumb Code     0  memseta.o(.text)
    __aeabi_memset8                          0x0001817d   Thumb Code     0  memseta.o(.text)
    __aeabi_memclr                           0x0001818b   Thumb Code     4  memseta.o(.text)
    __aeabi_memclr4                          0x0001818b   Thumb Code     0  memseta.o(.text)
    __aeabi_memclr8                          0x0001818b   Thumb Code     0  memseta.o(.text)
    _memset$wrapper                          0x0001818f   Thumb Code    18  memseta.o(.text)
    memcmp                                   0x000181a1   Thumb Code    26  memcmp.o(.text)
    __scatterload                            0x000181bd   Thumb Code    28  init.o(.text)
    __scatterload_rt2                        0x000181bd   Thumb Code     0  init.o(.text)
    GPIOTE_IRQHandler                        0x000181e1   Thumb Code   232  nrf_drv_gpiote.o(i.GPIOTE_IRQHandler)
    RTC1_IRQHandler                          0x00018329   Thumb Code    28  app_timer.o(i.RTC1_IRQHandler)
    SWI0_IRQHandler                          0x00018349   Thumb Code    78  app_timer.o(i.SWI0_IRQHandler)
    SWI2_IRQHandler                          0x0001839d   Thumb Code    32  softdevice_handler.o(i.SWI2_IRQHandler)
    SystemInit                               0x000183c1   Thumb Code    64  system_nrf51.o(i.SystemInit)
    UART0_IRQHandler                         0x00018415   Thumb Code   104  app_uart.o(i.UART0_IRQHandler)
    __ARM_common_switch8                     0x0001848d   Thumb Code    26  bsp.o(i.__ARM_common_switch8)
    __scatterload_copy                       0x000184a7   Thumb Code    14  handlers.o(i.__scatterload_copy)
    __scatterload_null                       0x000184b5   Thumb Code     2  handlers.o(i.__scatterload_null)
    __scatterload_zeroinit                   0x000184b7   Thumb Code    14  handlers.o(i.__scatterload_zeroinit)
    action_tx_stop                           0x000184c5   Thumb Code    26  app_uart.o(i.action_tx_stop)
    advertising_init                         0x00018655   Thumb Code    84  myble.o(i.advertising_init)
    app_button_disable                       0x000186c9   Thumb Code    34  app_button.o(i.app_button_disable)
    app_button_enable                        0x000186f1   Thumb Code    32  app_button.o(i.app_button_enable)
    app_button_init                          0x00018715   Thumb Code   102  app_button.o(i.app_button_init)
    app_error_handler                        0x0001878d   Thumb Code    18  app_error.o(i.app_error_handler)
    app_sched_event_put                      0x000187ed   Thumb Code   240  app_scheduler.o(i.app_sched_event_put)
    app_sched_execute                        0x000188ed   Thumb Code    30  app_scheduler.o(i.app_sched_execute)
    app_sched_init                           0x0001890d   Thumb Code    40  app_scheduler.o(i.app_sched_init)
    app_timer_create                         0x00018939   Thumb Code    72  app_timer.o(i.app_timer_create)
    app_timer_evt_schedule                   0x000189a1   Thumb Code    18  app_timer_appsh.o(i.app_timer_evt_schedule)
    app_timer_init                           0x000189b9   Thumb Code   164  app_timer.o(i.app_timer_init)
    app_timer_start                          0x00018a6d   Thumb Code   122  app_timer.o(i.app_timer_start)
    app_timer_stop                           0x00018af1   Thumb Code    82  app_timer.o(i.app_timer_stop)
    ble_advdata_set                          0x00018b49   Thumb Code    90  ble_advdata.o(i.ble_advdata_set)
    ble_advertising_init                     0x00018ba5   Thumb Code   316  ble_advertising.o(i.ble_advertising_init)
    ble_advertising_on_sys_evt               0x00018ce9   Thumb Code    42  ble_advertising.o(i.ble_advertising_on_sys_evt)
    ble_advertising_start                    0x00018d29   Thumb Code   396  ble_advertising.o(i.ble_advertising_start)
    ble_conn_params_init                     0x00018ebd   Thumb Code    72  ble_conn_params.o(i.ble_conn_params_init)
    ble_stack_init                           0x00018f19   Thumb Code    90  myble.o(i.ble_stack_init)
    bsp_event_to_button_action_assign        0x0001901d   Thumb Code    66  bsp.o(i.bsp_event_to_button_action_assign)
    bsp_indication_set                       0x00019065   Thumb Code    22  bsp.o(i.bsp_indication_set)
    bsp_init                                 0x00019081   Thumb Code   134  bsp.o(i.bsp_init)
    conn_params_init                         0x000194c5   Thumb Code    68  myble.o(i.conn_params_init)
    gap_params_init                          0x00019609   Thumb Code    68  myble.o(i.gap_params_init)
    intern_softdevice_events_execute         0x000196a1   Thumb Code   124  softdevice_handler.o(i.intern_softdevice_events_execute)
    main                                     0x00019905   Thumb Code   100  main.o(i.main)
    nrf_drv_common_irq_enable                0x00019a41   Thumb Code    78  nrf_drv_common.o(i.nrf_drv_common_irq_enable)
    nrf_drv_gpiote_in_event_disable          0x00019aa1   Thumb Code    70  nrf_drv_gpiote.o(i.nrf_drv_gpiote_in_event_disable)
    nrf_drv_gpiote_in_event_enable           0x00019af5   Thumb Code   120  nrf_drv_gpiote.o(i.nrf_drv_gpiote_in_event_enable)
    nrf_drv_gpiote_in_init                   0x00019b81   Thumb Code   130  nrf_drv_gpiote.o(i.nrf_drv_gpiote_in_init)
    nrf_drv_gpiote_in_is_set                 0x00019c15   Thumb Code    16  nrf_drv_gpiote.o(i.nrf_drv_gpiote_in_is_set)
    nrf_drv_gpiote_init                      0x00019c29   Thumb Code    70  nrf_drv_gpiote.o(i.nrf_drv_gpiote_init)
    nrf_drv_gpiote_is_init                   0x00019c79   Thumb Code    12  nrf_drv_gpiote.o(i.nrf_drv_gpiote_is_init)
    pstorage_access_status_get               0x00019ea5   Thumb Code    30  pstorage.o(i.pstorage_access_status_get)
    sec_params_init                          0x00019f11   Thumb Code    30  myble.o(i.sec_params_init)
    services_init                            0x00019fb1   Thumb Code     2  myble.o(i.services_init)
    softdevice_assertion_handler             0x00019fb3   Thumb Code    12  softdevice_handler.o(i.softdevice_assertion_handler)
    softdevice_ble_evt_handler_set           0x00019fc1   Thumb Code    16  softdevice_handler.o(i.softdevice_ble_evt_handler_set)
    softdevice_handler_init                  0x00019fd5   Thumb Code    40  softdevice_handler.o(i.softdevice_handler_init)
    softdevice_sys_evt_handler_set           0x0001a005   Thumb Code    16  softdevice_handler.o(i.softdevice_sys_evt_handler_set)
    timers_init                              0x0001a185   Thumb Code    32  myble.o(i.timers_init)
    Region$$Table$$Base                      0x0001a3a0   Number         0  anon$$obj.o(Region$$Table)
    Region$$Table$$Limit                     0x0001a3c0   Number         0  anon$$obj.o(Region$$Table)
    m_adv_uuids                              0x20002002   Data           4  myble.o(.data)
    SystemCoreClock                          0x2000204c   Data           4  system_nrf51.o(.data)
    __initial_sp                             0x20002f08   Data           0  arm_startup_nrf51.o(STACK)



==============================================================================

Memory Map of the image

  Image Entry point : 0x000180c1

  Load Region LR_IROM1 (Base: 0x00018000, Size: 0x000024c0, Max: 0x00028000, ABSOLUTE)

    Execution Region ER_IROM1 (Base: 0x00018000, Size: 0x000023c0, Max: 0x00028000, ABSOLUTE)

    Base Addr    Size         Type   Attr      Idx    E Section Name        Object

    0x00018000   0x000000c0   Data   RO          389    RESET               arm_startup_nrf51.o
    0x000180c0   0x00000000   Code   RO         1541  * .ARM.Collect$$$$00000000  mc_p.l(entry.o)
    0x000180c0   0x00000004   Code   RO         1556    .ARM.Collect$$$$00000001  mc_p.l(entry2.o)
    0x000180c4   0x00000004   Code   RO         1559    .ARM.Collect$$$$00000004  mc_p.l(entry5.o)
    0x000180c8   0x00000000   Code   RO         1561    .ARM.Collect$$$$00000008  mc_p.l(entry7b.o)
    0x000180c8   0x00000000   Code   RO         1563    .ARM.Collect$$$$0000000A  mc_p.l(entry8b.o)
    0x000180c8   0x00000008   Code   RO         1564    .ARM.Collect$$$$0000000B  mc_p.l(entry9a.o)
    0x000180d0   0x00000000   Code   RO         1566    .ARM.Collect$$$$0000000D  mc_p.l(entry10a.o)
    0x000180d0   0x00000000   Code   RO         1568    .ARM.Collect$$$$0000000F  mc_p.l(entry11a.o)
    0x000180d0   0x00000004   Code   RO         1557    .ARM.Collect$$$$00002712  mc_p.l(entry2.o)
    0x000180d4   0x0000001e   Code   RO         1261    .emb_text           app_timer.o
    0x000180f2   0x00000002   PAD
    0x000180f4   0x00000038   Code   RO          390    .text               arm_startup_nrf51.o
    0x0001812c   0x0000002c   Code   RO         1544    .text               mc_p.l(uidiv.o)
    0x00018158   0x00000024   Code   RO         1546    .text               mc_p.l(memcpya.o)
    0x0001817c   0x00000024   Code   RO         1548    .text               mc_p.l(memseta.o)
    0x000181a0   0x0000001a   Code   RO         1552    .text               mc_p.l(memcmp.o)
    0x000181ba   0x00000002   PAD
    0x000181bc   0x00000024   Code   RO         1570    .text               mc_p.l(init.o)
    0x000181e0   0x00000104   Code   RO          684    i.GPIOTE_IRQHandler  nrf_drv_gpiote.o
    0x000182e4   0x00000044   Code   RO         1262    i.NVIC_SetPriority  app_timer.o
    0x00018328   0x00000020   Code   RO         1263    i.RTC1_IRQHandler   app_timer.o
    0x00018348   0x00000054   Code   RO         1264    i.SWI0_IRQHandler   app_timer.o
    0x0001839c   0x00000024   Code   RO         1485    i.SWI2_IRQHandler   softdevice_handler.o
    0x000183c0   0x00000054   Code   RO          397    i.SystemInit        system_nrf51.o
    0x00018414   0x00000078   Code   RO          904    i.UART0_IRQHandler  app_uart.o
    0x0001848c   0x0000001a   Code   RO          371    i.__ARM_common_switch8  bsp.o
    0x000184a6   0x0000000e   Code   RO         1574    i.__scatterload_copy  mc_p.l(handlers.o)
    0x000184b4   0x00000002   Code   RO         1575    i.__scatterload_null  mc_p.l(handlers.o)
    0x000184b6   0x0000000e   Code   RO         1576    i.__scatterload_zeroinit  mc_p.l(handlers.o)
    0x000184c4   0x00000024   Code   RO          905    i.action_tx_stop    app_uart.o
    0x000184e8   0x00000020   Code   RO          906    i.action_uart_deactivate  app_uart.o
    0x00018508   0x0000014a   Code   RO          452    i.adv_data_encode   ble_advdata.o
    0x00018652   0x00000002   PAD
    0x00018654   0x0000005c   Code   RO          171    i.advertising_init  myble.o
    0x000186b0   0x00000018   Code   RO          280    i.alert_timer_handler  bsp.o
    0x000186c8   0x00000028   Code   RO         1121    i.app_button_disable  app_button.o
    0x000186f0   0x00000024   Code   RO         1122    i.app_button_enable  app_button.o
    0x00018714   0x00000078   Code   RO         1123    i.app_button_init   app_button.o
    0x0001878c   0x0000001c   Code   RO         1190    i.app_error_handler  app_error.o
    0x000187a8   0x00000044   Code   RO         1213    i.app_sched_event_get  app_scheduler.o
    0x000187ec   0x00000100   Code   RO         1214    i.app_sched_event_put  app_scheduler.o
    0x000188ec   0x0000001e   Code   RO         1215    i.app_sched_execute  app_scheduler.o
    0x0001890a   0x00000002   PAD
    0x0001890c   0x0000002c   Code   RO         1216    i.app_sched_init    app_scheduler.o
    0x00018938   0x0000004c   Code   RO         1267    i.app_timer_create  app_timer.o
    0x00018984   0x0000001a   Code   RO         1463    i.app_timer_evt_get  app_timer_appsh.o
    0x0001899e   0x00000002   PAD
    0x000189a0   0x00000018   Code   RO         1464    i.app_timer_evt_schedule  app_timer_appsh.o
    0x000189b8   0x000000b4   Code   RO         1268    i.app_timer_init    app_timer.o
    0x00018a6c   0x00000084   Code   RO         1269    i.app_timer_start   app_timer.o
    0x00018af0   0x00000058   Code   RO         1270    i.app_timer_stop    app_timer.o
    0x00018b48   0x0000005a   Code   RO          453    i.ble_advdata_set   ble_advdata.o
    0x00018ba2   0x00000002   PAD
    0x00018ba4   0x00000144   Code   RO          512    i.ble_advertising_init  ble_advertising.o
    0x00018ce8   0x00000030   Code   RO          514    i.ble_advertising_on_sys_evt  ble_advertising.o
    0x00018d18   0x00000010   Code   RO          516    i.ble_advertising_peer_address_clear  ble_advertising.o
    0x00018d28   0x00000194   Code   RO          518    i.ble_advertising_start  ble_advertising.o
    0x00018ebc   0x00000054   Code   RO          600    i.ble_conn_params_init  ble_conn_params.o
    0x00018f10   0x00000008   Code   RO          172    i.ble_evt_dispatch  myble.o
    0x00018f18   0x00000068   Code   RO          173    i.ble_stack_init    myble.o
    0x00018f80   0x0000009c   Code   RO          281    i.bsp_button_event_handler  bsp.o
    0x0001901c   0x00000048   Code   RO          286    i.bsp_event_to_button_action_assign  bsp.o
    0x00019064   0x0000001c   Code   RO          287    i.bsp_indication_set  bsp.o
    0x00019080   0x000000a0   Code   RO          289    i.bsp_init          bsp.o
    0x00019120   0x000001f0   Code   RO          290    i.bsp_led_indication  bsp.o
    0x00019310   0x0000000c   Code   RO          292    i.button_timer_handler  bsp.o
    0x0001931c   0x0000001c   Code   RO          685    i.channel_free      nrf_drv_gpiote.o
    0x00019338   0x00000048   Code   RO          686    i.channel_port_alloc  nrf_drv_gpiote.o
    0x00019380   0x00000010   Code   RO          687    i.channel_port_get  nrf_drv_gpiote.o
    0x00019390   0x000000a4   Code   RO         1272    i.compare_reg_update  app_timer.o
    0x00019434   0x00000084   Code   RO          454    i.conn_int_encode   ble_advdata.o
    0x000194b8   0x0000000c   Code   RO          174    i.conn_params_error_handler  myble.o
    0x000194c4   0x0000004c   Code   RO          175    i.conn_params_init  myble.o
    0x00019510   0x00000060   Code   RO         1125    i.detection_delay_timeout_handler  app_button.o
    0x00019570   0x00000040   Code   RO         1273    i.elapsed_ticks_acquire  app_timer.o
    0x000195b0   0x00000058   Code   RO         1274    i.expired_timers_handler  app_timer.o
    0x00019608   0x0000004c   Code   RO          176    i.gap_params_init   myble.o
    0x00019654   0x0000004c   Code   RO         1126    i.gpiote_event_handler  app_button.o
    0x000196a0   0x00000080   Code   RO         1486    i.intern_softdevice_events_execute  softdevice_handler.o
    0x00019720   0x00000048   Code   RO          398    i.is_manual_peripheral_setup_needed  system_nrf51.o
    0x00019768   0x00000018   Code   RO          293    i.leds_timer_handler  bsp.o
    0x00019780   0x00000094   Code   RO         1275    i.list_deletions_handler  app_timer.o
    0x00019814   0x000000f0   Code   RO         1276    i.list_insertions_handler  app_timer.o
    0x00019904   0x0000006c   Code   RO            4    i.main              main.o
    0x00019970   0x00000064   Code   RO          455    i.manuf_specific_data_encode  ble_advdata.o
    0x000199d4   0x0000006a   Code   RO          456    i.name_encode       ble_advdata.o
    0x00019a3e   0x00000002   PAD
    0x00019a40   0x00000060   Code   RO          655    i.nrf_drv_common_irq_enable  nrf_drv_common.o
    0x00019aa0   0x00000054   Code   RO          689    i.nrf_drv_gpiote_in_event_disable  nrf_drv_gpiote.o
    0x00019af4   0x0000008c   Code   RO          690    i.nrf_drv_gpiote_in_event_enable  nrf_drv_gpiote.o
    0x00019b80   0x00000094   Code   RO          691    i.nrf_drv_gpiote_in_init  nrf_drv_gpiote.o
    0x00019c14   0x00000014   Code   RO          692    i.nrf_drv_gpiote_in_is_set  nrf_drv_gpiote.o
    0x00019c28   0x00000050   Code   RO          694    i.nrf_drv_gpiote_init  nrf_drv_gpiote.o
    0x00019c78   0x00000010   Code   RO          695    i.nrf_drv_gpiote_is_init  nrf_drv_gpiote.o
    0x00019c88   0x00000020   Code   RO          707    i.nrf_gpio_cfg_sense_set  nrf_drv_gpiote.o
    0x00019ca8   0x00000014   Code   RO          708    i.nrf_gpiote_event_is_set  nrf_drv_gpiote.o
    0x00019cbc   0x00000034   Code   RO          177    i.on_adv_evt        myble.o
    0x00019cf0   0x000000c8   Code   RO          178    i.on_ble_evt        myble.o
    0x00019db8   0x00000024   Code   RO          179    i.on_conn_params_evt  myble.o
    0x00019ddc   0x00000080   Code   RO          914    i.on_uart_event     app_uart.o
    0x00019e5c   0x00000016   Code   RO          520    i.peer_address_exists  ble_advertising.o
    0x00019e72   0x00000002   PAD
    0x00019e74   0x00000018   Code   RO          709    i.pin_in_use_by_port  nrf_drv_gpiote.o
    0x00019e8c   0x00000018   Code   RO          710    i.pin_in_use_by_te  nrf_drv_gpiote.o
    0x00019ea4   0x00000028   Code   RO         1002    i.pstorage_access_status_get  pstorage.o
    0x00019ecc   0x00000044   Code   RO         1277    i.rtc1_stop         app_timer.o
    0x00019f10   0x00000024   Code   RO          180    i.sec_params_init   myble.o
    0x00019f34   0x0000007c   Code   RO          457    i.service_data_encode  ble_advdata.o
    0x00019fb0   0x00000002   Code   RO          181    i.services_init     myble.o
    0x00019fb2   0x0000000c   Code   RO         1487    i.softdevice_assertion_handler  softdevice_handler.o
    0x00019fbe   0x00000002   PAD
    0x00019fc0   0x00000014   Code   RO         1488    i.softdevice_ble_evt_handler_set  softdevice_handler.o
    0x00019fd4   0x00000030   Code   RO         1489    i.softdevice_handler_init  softdevice_handler.o
    0x0001a004   0x00000014   Code   RO         1491    i.softdevice_sys_evt_handler_set  softdevice_handler.o
    0x0001a018   0x00000008   Code   RO          182    i.sys_evt_dispatch  myble.o
    0x0001a020   0x00000010   Code   RO         1278    i.timer_list_handler_sched  app_timer.o
    0x0001a030   0x00000064   Code   RO         1279    i.timer_list_insert  app_timer.o
    0x0001a094   0x00000070   Code   RO         1280    i.timer_list_remove  app_timer.o
    0x0001a104   0x00000080   Code   RO         1281    i.timer_timeouts_check  app_timer.o
    0x0001a184   0x00000028   Code   RO          183    i.timers_init       myble.o
    0x0001a1ac   0x0000000a   Code   RO          458    i.uint16_encode     ble_advdata.o
    0x0001a1b6   0x00000002   PAD
    0x0001a1b8   0x00000064   Code   RO          605    i.update_timeout_handler  ble_conn_params.o
    0x0001a21c   0x00000054   Code   RO         1282    i.user_id_get       app_timer.o
    0x0001a270   0x00000024   Code   RO         1283    i.user_op_alloc     app_timer.o
    0x0001a294   0x00000026   Code   RO          459    i.uuid_list_encode  ble_advdata.o
    0x0001a2ba   0x000000a2   Code   RO          460    i.uuid_list_sized_encode  ble_advdata.o
    0x0001a35c   0x00000010   Code   RO          521    i.whitelist_has_entries  ble_advertising.o
    0x0001a36c   0x00000030   Data   RO          295    .constdata          bsp.o
    0x0001a39c   0x00000004   Data   RO         1127    .constdata          app_button.o
    0x0001a3a0   0x00000020   Data   RO         1572    Region$$Table       anon$$obj.o


    Execution Region RW_IRAM1 (Base: 0x20002000, Size: 0x00000f08, Max: 0x00006000, ABSOLUTE)

    Base Addr    Size         Type   Attr      Idx    E Section Name        Object

    0x20002000   0x0000002c   Data   RW          185    .data               myble.o
    0x2000202c   0x00000020   Data   RW          296    .data               bsp.o
    0x2000204c   0x00000004   Data   RW          399    .data               system_nrf51.o
    0x20002050   0x0000001f   Data   RW          523    .data               ble_advertising.o
    0x2000206f   0x00000001   PAD
    0x20002070   0x00000018   Data   RW          607    .data               ble_conn_params.o
    0x20002088   0x0000000c   Data   RW          916    .data               app_uart.o
    0x20002094   0x0000000c   Data   RW         1015    .data               pstorage.o
    0x200020a0   0x00000018   Data   RW         1128    .data               app_button.o
    0x200020b8   0x00000010   Data   RW         1217    .data               app_scheduler.o
    0x200020c8   0x00000024   Data   RW         1284    .data               app_timer.o
    0x200020ec   0x00000014   Data   RW         1492    .data               softdevice_handler.o
    0x20002100   0x000000b0   Zero   RW            5    .bss                main.o
    0x200021b0   0x0000031c   Zero   RW          184    .bss                myble.o
    0x200024cc   0x0000000c   Zero   RW          294    .bss                bsp.o
    0x200024d8   0x000000f7   Zero   RW          522    .bss                ble_advertising.o
    0x200025cf   0x00000001   PAD
    0x200025d0   0x0000001c   Zero   RW          606    .bss                ble_conn_params.o
    0x200025ec   0x0000003c   Zero   RW          711    .bss                nrf_drv_gpiote.o
    0x20002628   0x000000dc   Zero   RW         1014    .bss                pstorage.o
    0x20002704   0x00000004   PAD
    0x20002708   0x00000800   Zero   RW          387    STACK               arm_startup_nrf51.o


==============================================================================

Image component sizes


      Code (inc. data)   RO Data    RW Data    ZI Data      Debug   Object Name

       368         40          4         24          0       8635   app_button.o
        28         10          0          0          0       7288   app_error.o
       398         26          0         16          0      13443   app_scheduler.o
      1938        160          0         36          0      24039   app_timer.o
        50          6          0          0          0       2161   app_timer_appsh.o
       316         60          0         12          0       8212   app_uart.o
        56         18        192          0       2048        628   arm_startup_nrf51.o
      1092          6          0          0          0      10698   ble_advdata.o
       830         26          0         31        247       9457   ble_advertising.o
       184         26          0         24         28       8831   ble_conn_params.o
       998        100         48         32         12       8784   bsp.o
       108          8          0          0        176      67979   main.o
       742         66          0         44        796      15331   myble.o
        96         18          0          0          0       7628   nrf_drv_common.o
       964        132          0          0         60      20398   nrf_drv_gpiote.o
        40         10          0         12        220       7121   pstorage.o
       264         24          0         20          0       5172   softdevice_handler.o
       156         26          0          4          0       1831   system_nrf51.o

    ----------------------------------------------------------------------
      8646        762        276        256       3592     227636   Object Totals
         0          0         32          0          0          0   (incl. Generated)
        18          0          0          1          5          0   (incl. Padding)

    ----------------------------------------------------------------------

      Code (inc. data)   RO Data    RW Data    ZI Data      Debug   Library Member Name

         0          0          0          0          0          0   entry.o
         0          0          0          0          0          0   entry10a.o
         0          0          0          0          0          0   entry11a.o
         8          4          0          0          0          0   entry2.o
         4          0          0          0          0          0   entry5.o
         0          0          0          0          0          0   entry7b.o
         0          0          0          0          0          0   entry8b.o
         8          4          0          0          0          0   entry9a.o
        30          0          0          0          0          0   handlers.o
        36          8          0          0          0         68   init.o
        26          0          0          0          0         72   memcmp.o
        36          0          0          0          0         60   memcpya.o
        36          0          0          0          0        100   memseta.o
        44          0          0          0          0         72   uidiv.o

    ----------------------------------------------------------------------
       230         16          0          0          0        372   Library Totals
         2          0          0          0          0          0   (incl. Padding)

    ----------------------------------------------------------------------

      Code (inc. data)   RO Data    RW Data    ZI Data      Debug   Library Name

       228         16          0          0          0        372   mc_p.l

    ----------------------------------------------------------------------
       230         16          0          0          0        372   Library Totals

    ----------------------------------------------------------------------

==============================================================================


      Code (inc. data)   RO Data    RW Data    ZI Data      Debug   

      8876        778        276        256       3592     223840   Grand Totals
      8876        778        276        256       3592     223840   ELF Image Totals
      8876        778        276        256          0          0   ROM Totals

==============================================================================

    Total RO  Size (Code + RO Data)                 9152 (   8.94kB)
    Total RW  Size (RW Data + ZI Data)              3848 (   3.76kB)
    Total ROM Size (Code + RO Data + RW Data)       9408 (   9.19kB)

==============================================================================

