Component: ARM Compiler 5.05 update 2 (build 169) Tool: armlink [4d0f33]

==============================================================================

Section Cross References

    main.o(i.main) refers to app_scheduler.o(i.app_sched_init) for app_sched_init
    main.o(i.main) refers to app_error.o(i.app_error_handler) for app_error_handler
    main.o(i.main) refers to myble.o(i.myble_init) for myble_init
    main.o(i.main) refers to segger_rtt.o(i.SEGGER_RTT_WriteString) for SEGGER_RTT_WriteString
    main.o(i.main) refers to segger_rtt.o(i.SEGGER_RTT_WaitKey) for SEGGER_RTT_WaitKey
    main.o(i.main) refers to segger_rtt_printf.o(i.SEGGER_RTT_printf) for SEGGER_RTT_printf
    main.o(i.main) refers to nrf_delay.o(i.nrf_delay_ms) for nrf_delay_ms
    main.o(i.main) refers to app_scheduler.o(i.app_sched_execute) for app_sched_execute
    main.o(i.main) refers to main.o(.bss) for .bss
    myble.o(i.advertising_init) refers to rt_memclr.o(.text) for __aeabi_memclr4
    myble.o(i.advertising_init) refers to ble_advertising.o(i.ble_advertising_init) for ble_advertising_init
    myble.o(i.advertising_init) refers to app_error.o(i.app_error_handler) for app_error_handler
    myble.o(i.advertising_init) refers to myble.o(.data) for .data
    myble.o(i.advertising_init) refers to myble.o(i.on_adv_evt) for on_adv_evt
    myble.o(i.ble_evt_dispatch) refers to myble.o(i.on_ble_evt) for on_ble_evt
    myble.o(i.ble_evt_dispatch) refers to ble_conn_params.o(i.ble_conn_params_on_ble_evt) for ble_conn_params_on_ble_evt
    myble.o(i.ble_evt_dispatch) refers to ble_advertising.o(i.ble_advertising_on_ble_evt) for ble_advertising_on_ble_evt
    myble.o(i.ble_stack_init) refers to softdevice_handler.o(i.softdevice_handler_init) for softdevice_handler_init
    myble.o(i.ble_stack_init) refers to app_error.o(i.app_error_handler) for app_error_handler
    myble.o(i.ble_stack_init) refers to softdevice_handler.o(i.softdevice_ble_evt_handler_set) for softdevice_ble_evt_handler_set
    myble.o(i.ble_stack_init) refers to softdevice_handler.o(i.softdevice_sys_evt_handler_set) for softdevice_sys_evt_handler_set
    myble.o(i.ble_stack_init) refers to myble.o(.bss) for .bss
    myble.o(i.ble_stack_init) refers to myble.o(i.ble_evt_dispatch) for ble_evt_dispatch
    myble.o(i.ble_stack_init) refers to myble.o(i.sys_evt_dispatch) for sys_evt_dispatch
    myble.o(i.conn_params_error_handler) refers to app_error.o(i.app_error_handler) for app_error_handler
    myble.o(i.conn_params_init) refers to rt_memclr.o(.text) for __aeabi_memclr4
    myble.o(i.conn_params_init) refers to ble_conn_params.o(i.ble_conn_params_init) for ble_conn_params_init
    myble.o(i.conn_params_init) refers to app_error.o(i.app_error_handler) for app_error_handler
    myble.o(i.conn_params_init) refers to myble.o(i.on_conn_params_evt) for on_conn_params_evt
    myble.o(i.conn_params_init) refers to myble.o(i.conn_params_error_handler) for conn_params_error_handler
    myble.o(i.gap_params_init) refers to app_error.o(i.app_error_handler) for app_error_handler
    myble.o(i.myble_init) refers to _printf_percent.o(.ARM.Collect$$_printf_percent$$00000000) for _printf_percent
    myble.o(i.myble_init) refers to _printf_d.o(.ARM.Collect$$_printf_percent$$00000009) for _printf_d
    myble.o(i.myble_init) refers to _printf_dec.o(.text) for _printf_int_dec
    myble.o(i.myble_init) refers to myble.o(i.timers_init) for timers_init
    myble.o(i.myble_init) refers to app_uart_fifo.o(i.app_uart_init) for app_uart_init
    myble.o(i.myble_init) refers to app_error.o(i.app_error_handler) for app_error_handler
    myble.o(i.myble_init) refers to myble.o(i.ble_stack_init) for ble_stack_init
    myble.o(i.myble_init) refers to bsp.o(i.bsp_init) for bsp_init
    myble.o(i.myble_init) refers to noretval__2printf.o(.text) for __2printf
    myble.o(i.myble_init) refers to myble.o(i.gap_params_init) for gap_params_init
    myble.o(i.myble_init) refers to myble.o(i.advertising_init) for advertising_init
    myble.o(i.myble_init) refers to myble.o(i.conn_params_init) for conn_params_init
    myble.o(i.myble_init) refers to myble.o(i.sec_params_init) for sec_params_init
    myble.o(i.myble_init) refers to ble_advertising.o(i.ble_advertising_start) for ble_advertising_start
    myble.o(i.myble_init) refers to segger_rtt_printf.o(i.SEGGER_RTT_printf) for SEGGER_RTT_printf
    myble.o(i.myble_init) refers to myble.o(.constdata) for .constdata
    myble.o(i.myble_init) refers to myble.o(.bss) for .bss
    myble.o(i.myble_init) refers to myble.o(i.uart_event_handle) for uart_event_handle
    myble.o(i.on_adv_evt) refers to bsp.o(i.bsp_indication_set) for bsp_indication_set
    myble.o(i.on_adv_evt) refers to app_error.o(i.app_error_handler) for app_error_handler
    myble.o(i.on_ble_evt) refers to bsp.o(i.bsp_indication_set) for bsp_indication_set
    myble.o(i.on_ble_evt) refers to app_error.o(i.app_error_handler) for app_error_handler
[...]
    i.app_timer_start                        0x0001a07c   Section        0  app_timer.o(i.app_timer_start)
    i.app_timer_stop                         0x0001a100   Section        0  app_timer.o(i.app_timer_stop)
    i.app_uart_init                          0x0001a158   Section        0  app_uart_fifo.o(i.app_uart_init)
    i.ble_advdata_set                        0x0001a2ec   Section        0  ble_advdata.o(i.ble_advdata_set)
    i.ble_advertising_init                   0x0001a348   Section        0  ble_advertising.o(i.ble_advertising_init)
    i.ble_advertising_on_ble_evt             0x0001a48c   Section        0  ble_advertising.o(i.ble_advertising_on_ble_evt)
    i.ble_advertising_on_sys_evt             0x0001a51c   Section        0  ble_advertising.o(i.ble_advertising_on_sys_evt)
    i.ble_advertising_peer_address_clear     0x0001a54c   Section        0  ble_advertising.o(i.ble_advertising_peer_address_clear)
    ble_advertising_peer_address_clear       0x0001a54d   Thumb Code    12  ble_advertising.o(i.ble_advertising_peer_address_clear)
    i.ble_advertising_start                  0x0001a55c   Section        0  ble_advertising.o(i.ble_advertising_start)
    i.ble_conn_params_init                   0x0001a6f0   Section        0  ble_conn_params.o(i.ble_conn_params_init)
    i.ble_conn_params_on_ble_evt             0x0001a744   Section        0  ble_conn_params.o(i.ble_conn_params_on_ble_evt)
    i.ble_evt_dispatch                       0x0001a7d4   Section        0  myble.o(i.ble_evt_dispatch)
    ble_evt_dispatch                         0x0001a7d5   Thumb Code    22  myble.o(i.ble_evt_dispatch)
    i.ble_stack_init                         0x0001a7ec   Section        0  myble.o(i.ble_stack_init)
    i.bsp_button_event_handler               0x0001a854   Section        0  bsp.o(i.bsp_button_event_handler)
    bsp_button_event_handler                 0x0001a855   Thumb Code   144  bsp.o(i.bsp_button_event_handler)
    i.bsp_event_to_button_action_assign      0x0001a8f0   Section        0  bsp.o(i.bsp_event_to_button_action_assign)
    i.bsp_indication_set                     0x0001a938   Section        0  bsp.o(i.bsp_indication_set)
    i.bsp_init                               0x0001a954   Section        0  bsp.o(i.bsp_init)
    i.bsp_led_indication                     0x0001aa08   Section        0  bsp.o(i.bsp_led_indication)
    bsp_led_indication                       0x0001aa09   Thumb Code   482  bsp.o(i.bsp_led_indication)
    i.button_timer_handler                   0x0001abf8   Section        0  bsp.o(i.button_timer_handler)
    button_timer_handler                     0x0001abf9   Thumb Code    12  bsp.o(i.button_timer_handler)
    i.channel_free                           0x0001ac04   Section        0  nrf_drv_gpiote.o(i.channel_free)
    channel_free                             0x0001ac05   Thumb Code    24  nrf_drv_gpiote.o(i.channel_free)
    i.channel_port_alloc                     0x0001ac20   Section        0  nrf_drv_gpiote.o(i.channel_port_alloc)
    channel_port_alloc                       0x0001ac21   Thumb Code    68  nrf_drv_gpiote.o(i.channel_port_alloc)
    i.channel_port_get                       0x0001ac68   Section        0  nrf_drv_gpiote.o(i.channel_port_get)
    channel_port_get                         0x0001ac69   Thumb Code    10  nrf_drv_gpiote.o(i.channel_port_get)
    i.compare_reg_update                     0x0001ac78   Section        0  app_timer.o(i.compare_reg_update)
    compare_reg_update                       0x0001ac79   Thumb Code   140  app_timer.o(i.compare_reg_update)
    i.conn_int_encode                        0x0001ad1c   Section        0  ble_advdata.o(i.conn_int_encode)
    conn_int_encode                          0x0001ad1d   Thumb Code   126  ble_advdata.o(i.conn_int_encode)
    i.conn_params_error_handler              0x0001ada0   Section        0  myble.o(i.conn_params_error_handler)
    conn_params_error_handler                0x0001ada1   Thumb Code    12  myble.o(i.conn_params_error_handler)
    i.conn_params_init                       0x0001adac   Section        0  myble.o(i.conn_params_init)
    i.conn_params_negotiation                0x0001adf8   Section        0  ble_conn_params.o(i.conn_params_negotiation)
    conn_params_negotiation                  0x0001adf9   Thumb Code    90  ble_conn_params.o(i.conn_params_negotiation)
    i.detection_delay_timeout_handler        0x0001ae5c   Section        0  app_button.o(i.detection_delay_timeout_handler)
    detection_delay_timeout_handler          0x0001ae5d   Thumb Code    90  app_button.o(i.detection_delay_timeout_handler)
    i.elapsed_ticks_acquire                  0x0001aebc   Section        0  app_timer.o(i.elapsed_ticks_acquire)
    elapsed_ticks_acquire                    0x0001aebd   Thumb Code    58  app_timer.o(i.elapsed_ticks_acquire)
    i.expired_timers_handler                 0x0001aefc   Section        0  app_timer.o(i.expired_timers_handler)
    expired_timers_handler                   0x0001aefd   Thumb Code    82  app_timer.o(i.expired_timers_handler)
    i.fputc                                  0x0001af54   Section        0  fputc.o(i.fputc)
    i.gap_params_init                        0x0001af74   Section        0  myble.o(i.gap_params_init)
    i.gpiote_event_handler                   0x0001b024   Section        0  app_button.o(i.gpiote_event_handler)
    gpiote_event_handler                     0x0001b025   Thumb Code    70  app_button.o(i.gpiote_event_handler)
    i.gpiote_uart_event_handler              0x0001b070   Section        0  app_uart_fifo.o(i.gpiote_uart_event_handler)
    gpiote_uart_event_handler                0x0001b071   Thumb Code    22  app_uart_fifo.o(i.gpiote_uart_event_handler)
    i.intern_softdevice_events_execute       0x0001b088   Section        0  softdevice_handler.o(i.intern_softdevice_events_execute)
    i.is_conn_params_ok                      0x0001b108   Section        0  ble_conn_params.o(i.is_conn_params_ok)
    is_conn_params_ok                        0x0001b109   Thumb Code    24  ble_conn_params.o(i.is_conn_params_ok)
    i.is_manual_peripheral_setup_needed      0x0001b124   Section        0  system_nrf51.o(i.is_manual_peripheral_setup_needed)
    is_manual_peripheral_setup_needed        0x0001b125   Thumb Code    66  system_nrf51.o(i.is_manual_peripheral_setup_needed)
    i.leds_timer_handler                     0x0001b16c   Section        0  bsp.o(i.leds_timer_handler)
    leds_timer_handler                       0x0001b16d   Thumb Code    18  bsp.o(i.leds_timer_handler)
    i.list_deletions_handler                 0x0001b184   Section        0  app_timer.o(i.list_deletions_handler)
    list_deletions_handler                   0x0001b185   Thumb Code   144  app_timer.o(i.list_deletions_handler)
    i.list_insertions_handler                0x0001b218   Section        0  app_timer.o(i.list_insertions_handler)
    list_insertions_handler                  0x0001b219   Thumb Code   230  app_timer.o(i.list_insertions_handler)
    i.main                                   0x0001b308   Section        0  main.o(i.main)
    i.manuf_specific_data_encode             0x0001b3ac   Section        0  ble_advdata.o(i.manuf_specific_data_encode)
    manuf_specific_data_encode               0x0001b3ad   Thumb Code   100  ble_advdata.o(i.manuf_specific_data_encode)
    i.myble_init                             0x0001b410   Section        0  myble.o(i.myble_init)
    i.name_encode                            0x0001b4c4   Section        0  ble_advdata.o(i.name_encode)
    name_encode                              0x0001b4c5   Thumb Code   106  ble_advdata.o(i.name_encode)
    i.nrf_delay_ms                           0x0001b530   Section        0  nrf_delay.o(i.nrf_delay_ms)
    i.nrf_drv_common_irq_enable              0x0001b54c   Section        0  nrf_drv_common.o(i.nrf_drv_common_irq_enable)
    i.nrf_drv_gpiote_in_event_disable        0x0001b5ac   Section        0  nrf_drv_gpiote.o(i.nrf_drv_gpiote_in_event_disable)
    i.nrf_drv_gpiote_in_event_enable         0x0001b600   Section        0  nrf_drv_gpiote.o(i.nrf_drv_gpiote_in_event_enable)
    i.nrf_drv_gpiote_in_init                 0x0001b68c   Section        0  nrf_drv_gpiote.o(i.nrf_drv_gpiote_in_init)
    i.nrf_drv_gpiote_in_is_set               0x0001b720   Section        0  nrf_drv_gpiote.o(i.nrf_drv_gpiote_in_is_set)
    i.nrf_drv_gpiote_init                    0x0001b734   Section        0  nrf_drv_gpiote.o(i.nrf_drv_gpiote_init)
    i.nrf_drv_gpiote_is_init                 0x0001b784   Section        0  nrf_drv_gpiote.o(i.nrf_drv_gpiote_is_init)
    i.nrf_drv_gpiote_out_init                0x0001b794   Section        0  nrf_drv_gpiote.o(i.nrf_drv_gpiote_out_init)
    i.nrf_gpio_cfg_sense_set                 0x0001b828   Section        0  nrf_drv_gpiote.o(i.nrf_gpio_cfg_sense_set)
    nrf_gpio_cfg_sense_set                   0x0001b829   Thumb Code    26  nrf_drv_gpiote.o(i.nrf_gpio_cfg_sense_set)
    i.nrf_gpiote_event_is_set                0x0001b848   Section        0  nrf_drv_gpiote.o(i.nrf_gpiote_event_is_set)
    nrf_gpiote_event_is_set                  0x0001b849   Thumb Code    14  nrf_drv_gpiote.o(i.nrf_gpiote_event_is_set)
    i.on_adv_evt                             0x0001b85c   Section        0  myble.o(i.on_adv_evt)
    on_adv_evt                               0x0001b85d   Thumb Code    52  myble.o(i.on_adv_evt)
    i.on_ble_evt                             0x0001b890   Section        0  myble.o(i.on_ble_evt)
    on_ble_evt                               0x0001b891   Thumb Code   192  myble.o(i.on_ble_evt)
    i.on_conn_params_evt                     0x0001b958   Section        0  myble.o(i.on_conn_params_evt)
    on_conn_params_evt                       0x0001b959   Thumb Code    30  myble.o(i.on_conn_params_evt)
    i.on_uart_event                          0x0001b97c   Section        0  app_uart_fifo.o(i.on_uart_event)
    on_uart_event                            0x0001b97d   Thumb Code   118  app_uart_fifo.o(i.on_uart_event)
    i.peer_address_exists                    0x0001ba04   Section        0  ble_advertising.o(i.peer_address_exists)
    peer_address_exists                      0x0001ba05   Thumb Code    22  ble_advertising.o(i.peer_address_exists)
    i.pin_in_use_by_port                     0x0001ba1c   Section        0  nrf_drv_gpiote.o(i.pin_in_use_by_port)
    pin_in_use_by_port                       0x0001ba1d   Thumb Code    20  nrf_drv_gpiote.o(i.pin_in_use_by_port)
    i.pin_in_use_by_te                       0x0001ba34   Section        0  nrf_drv_gpiote.o(i.pin_in_use_by_te)
    pin_in_use_by_te                         0x0001ba35   Thumb Code    20  nrf_drv_gpiote.o(i.pin_in_use_by_te)
    i.pstorage_access_status_get             0x0001ba4c   Section        0  pstorage.o(i.pstorage_access_status_get)
    i.rtc1_stop                              0x0001ba74   Section        0  app_timer.o(i.rtc1_stop)
    rtc1_stop                                0x0001ba75   Thumb Code    50  app_timer.o(i.rtc1_stop)
    i.sec_params_init                        0x0001bab8   Section        0  myble.o(i.sec_params_init)
    i.service_data_encode                    0x0001badc   Section        0  ble_advdata.o(i.service_data_encode)
    service_data_encode                      0x0001badd   Thumb Code   124  ble_advdata.o(i.service_data_encode)
    i.softdevice_assertion_handler           0x0001bb58   Section        0  softdevice_handler.o(i.softdevice_assertion_handler)
    i.softdevice_ble_evt_handler_set         0x0001bb64   Section        0  softdevice_handler.o(i.softdevice_ble_evt_handler_set)
    i.softdevice_handler_init                0x0001bb78   Section        0  softdevice_handler.o(i.softdevice_handler_init)
    i.softdevice_sys_evt_handler_set         0x0001bba8   Section        0  softdevice_handler.o(i.softdevice_sys_evt_handler_set)
    i.sys_evt_dispatch                       0x0001bbbc   Section        0  myble.o(i.sys_evt_dispatch)
    sys_evt_dispatch                         0x0001bbbd   Thumb Code     8  myble.o(i.sys_evt_dispatch)
    i.timer_list_handler_sched               0x0001bbc4   Section        0  app_timer.o(i.timer_list_handler_sched)
    timer_list_handler_sched                 0x0001bbc5   Thumb Code    10  app_timer.o(i.timer_list_handler_sched)
    i.timer_list_insert                      0x0001bbd4   Section        0  app_timer.o(i.timer_list_insert)
    timer_list_insert                        0x0001bbd5   Thumb Code    94  app_timer.o(i.timer_list_insert)
    i.timer_list_remove                      0x0001bc38   Section        0  app_timer.o(i.timer_list_remove)
    timer_list_remove                        0x0001bc39   Thumb Code   104  app_timer.o(i.timer_list_remove)
    i.timer_timeouts_check                   0x0001bca8   Section        0  app_timer.o(i.timer_timeouts_check)
    timer_timeouts_check                     0x0001bca9   Thumb Code   120  app_timer.o(i.timer_timeouts_check)
    i.timers_init                            0x0001bd28   Section        0  myble.o(i.timers_init)
    i.uart_event_handle                      0x0001bd50   Section        0  myble.o(i.uart_event_handle)
    i.uint16_encode                          0x0001bd68   Section        0  ble_advdata.o(i.uint16_encode)
    uint16_encode                            0x0001bd69   Thumb Code    10  ble_advdata.o(i.uint16_encode)
    i.update_timeout_handler                 0x0001bd74   Section        0  ble_conn_params.o(i.update_timeout_handler)
    update_timeout_handler                   0x0001bd75   Thumb Code    86  ble_conn_params.o(i.update_timeout_handler)
    i.user_id_get                            0x0001bdd8   Section        0  app_timer.o(i.user_id_get)
    user_id_get                              0x0001bdd9   Thumb Code    74  app_timer.o(i.user_id_get)
    i.user_op_alloc                          0x0001be2c   Section        0  app_timer.o(i.user_op_alloc)
    user_op_alloc                            0x0001be2d   Thumb Code    36  app_timer.o(i.user_op_alloc)
    i.uuid_list_encode                       0x0001be50   Section        0  ble_advdata.o(i.uuid_list_encode)
    uuid_list_encode                         0x0001be51   Thumb Code    38  ble_advdata.o(i.uuid_list_encode)
    i.uuid_list_sized_encode                 0x0001be76   Section        0  ble_advdata.o(i.uuid_list_sized_encode)
    uuid_list_sized_encode                   0x0001be77   Thumb Code   162  ble_advdata.o(i.uuid_list_sized_encode)
    i.whitelist_has_entries                  0x0001bf18   Section        0  ble_advertising.o(i.whitelist_has_entries)
    whitelist_has_entries                    0x0001bf19   Thumb Code    16  ble_advertising.o(i.whitelist_has_entries)
    .constdata                               0x0001bf28   Section       12  myble.o(.constdata)
    .constdata                               0x0001bf34   Section       16  segger_rtt_printf.o(.constdata)
    _aV2C                                    0x0001bf34   Data          16  segger_rtt_printf.o(.constdata)
    .constdata                               0x0001bf44   Section        6  rtt_syscalls_keil.o(.constdata)
    .constdata                               0x0001bf4a   Section       14  rtt_syscalls_keil.o(.constdata)
    .constdata                               0x0001bf58   Section       48  bsp.o(.constdata)
    m_buttons_list                           0x0001bf58   Data          16  bsp.o(.constdata)
    app_buttons                              0x0001bf68   Data          32  bsp.o(.constdata)
    .constdata                               0x0001bf88   Section        8  app_uart_fifo.o(.constdata)
    .constdata                               0x0001bf90   Section        4  app_button.o(.constdata)
    .conststring                             0x0001bf94   Section        9  segger_rtt.o(.conststring)
    .data                                    0x20002000   Section       44  myble.o(.data)
    m_conn_handle                            0x20002000   Data           2  myble.o(.data)
    m_sec_params                             0x20002006   Data           5  myble.o(.data)
    m_auth_status                            0x2000200b   Data           6  myble.o(.data)
    m_keys                                   0x20002014   Data          24  myble.o(.data)
    .data                                    0x2000202c   Section      124  segger_rtt.o(.data)
    _ActiveTerminal                          0x2000202c   Data           1  segger_rtt.o(.data)
    _SEGGER_RTT                              0x20002030   Data         120  segger_rtt.o(.data)
    .data                                    0x200020a8   Section       32  bsp.o(.data)
    m_stable_state                           0x200020a8   Data           1  bsp.o(.data)
    current_long_push_pin_no                 0x200020a9   Data           1  bsp.o(.data)
    m_app_ticks_per_100ms                    0x200020ac   Data           4  bsp.o(.data)
    m_indication_type                        0x200020b0   Data           4  bsp.o(.data)
    m_registered_callback                    0x200020b4   Data           4  bsp.o(.data)
    release_event_at_push                    0x200020b8   Data           4  bsp.o(.data)
    m_leds_timer_id                          0x200020bc   Data           4  bsp.o(.data)
    m_alert_timer_id                         0x200020c0   Data           4  bsp.o(.data)
    m_button_timer_id                        0x200020c4   Data           4  bsp.o(.data)
    .data                                    0x200020c8   Section        4  system_nrf51.o(.data)
    __tagsym$$used                           0x200020c8   Number         0  system_nrf51.o(.data)
    .data                                    0x200020cc   Section       31  ble_advertising.o(.data)
    m_advertising_start_pending              0x200020cc   Data           1  ble_advertising.o(.data)
    m_whitelist_temporarily_disabled         0x200020cd   Data           1  ble_advertising.o(.data)
    m_whitelist_reply_expected               0x200020ce   Data           1  ble_advertising.o(.data)
    m_peer_addr_reply_expected               0x200020cf   Data           1  ble_advertising.o(.data)
    m_adv_evt                                0x200020d0   Data           1  ble_advertising.o(.data)
    m_adv_mode_current                       0x200020d1   Data           1  ble_advertising.o(.data)
    m_direct_adv_cnt                         0x200020d2   Data           1  ble_advertising.o(.data)
    m_tx_power_level                         0x200020d3   Data           1  ble_advertising.o(.data)
    current_slave_link_conn_handle           0x200020d4   Data           2  ble_advertising.o(.data)
    m_evt_handler                            0x200020d8   Data           4  ble_advertising.o(.data)
    m_error_handler                          0x200020dc   Data           4  ble_advertising.o(.data)
    m_slave_conn_int                         0x200020e0   Data           4  ble_advertising.o(.data)
    m_peer_address                           0x200020e4   Data           7  ble_advertising.o(.data)
    .data                                    0x200020ec   Section       24  ble_conn_params.o(.data)
    m_change_param                           0x200020ec   Data           1  ble_conn_params.o(.data)
    m_update_count                           0x200020ed   Data           1  ble_conn_params.o(.data)
    m_conn_handle                            0x200020ee   Data           2  ble_conn_params.o(.data)
    m_conn_params_timer_id                   0x200020f0   Data           4  ble_conn_params.o(.data)
    m_preferred_conn_params                  0x200020f4   Data           8  ble_conn_params.o(.data)
    m_current_conn_params                    0x200020fc   Data           8  ble_conn_params.o(.data)
    .data                                    0x20002104   Section        8  app_uart_fifo.o(.data)
    m_instance_counter                       0x20002104   Data           1  app_uart_fifo.o(.data)
    m_current_state                          0x20002105   Data           1  app_uart_fifo.o(.data)
    m_event_handler                          0x20002108   Data           4  app_uart_fifo.o(.data)
    .data                                    0x2000210c   Section       12  pstorage.o(.data)
    m_module_initialized                     0x2000210c   Data           1  pstorage.o(.data)
    m_swap_state                             0x2000210d   Data           1  pstorage.o(.data)
    m_next_app_instance                      0x2000210e   Data           2  pstorage.o(.data)
    m_round_val                              0x20002110   Data           2  pstorage.o(.data)
    m_next_page_addr                         0x20002114   Data           4  pstorage.o(.data)
    .data                                    0x20002118   Section       24  app_button.o(.data)
    m_button_count                           0x20002118   Data           1  app_button.o(.data)
    mp_buttons                               0x2000211c   Data           4  app_button.o(.data)
    m_detection_delay                        0x20002120   Data           4  app_button.o(.data)
    m_detection_delay_timer_id               0x20002124   Data           4  app_button.o(.data)
    m_pin_state                              0x20002128   Data           4  app_button.o(.data)
    m_pin_transition                         0x2000212c   Data           4  app_button.o(.data)
    .data                                    0x20002130   Section       16  app_scheduler.o(.data)
    m_queue_start_index                      0x20002130   Data           1  app_scheduler.o(.data)
    m_queue_end_index                        0x20002131   Data           1  app_scheduler.o(.data)
    m_queue_event_size                       0x20002132   Data           2  app_scheduler.o(.data)
    m_queue_size                             0x20002134   Data           2  app_scheduler.o(.data)
    m_queue_event_headers                    0x20002138   Data           4  app_scheduler.o(.data)
    m_queue_event_data                       0x2000213c   Data           4  app_scheduler.o(.data)
    .data                                    0x20002140   Section       36  app_timer.o(.data)
    m_node_array_size                        0x20002140   Data           1  app_timer.o(.data)
    m_user_array_size                        0x20002141   Data           1  app_timer.o(.data)
    m_ticks_elapsed_q_read_ind               0x20002142   Data           1  app_timer.o(.data)
    m_ticks_elapsed_q_write_ind              0x20002143   Data           1  app_timer.o(.data)
    m_rtc1_running                           0x20002144   Data           1  app_timer.o(.data)
    m_rtc1_reset                             0x20002145   Data           1  app_timer.o(.data)
    mp_nodes                                 0x20002148   Data           4  app_timer.o(.data)
    mp_users                                 0x2000214c   Data           4  app_timer.o(.data)
    m_timer_id_head                          0x20002150   Data           4  app_timer.o(.data)
    m_ticks_latest                           0x20002154   Data           4  app_timer.o(.data)
    m_evt_schedule_func                      0x20002158   Data           4  app_timer.o(.data)
    m_ticks_elapsed                          0x2000215c   Data           8  app_timer.o(.data)
    .data                                    0x20002164   Section       20  softdevice_handler.o(.data)
    m_softdevice_enabled                     0x20002164   Data           1  softdevice_handler.o(.data)
    m_ble_evt_buffer_size                    0x20002166   Data           2  softdevice_handler.o(.data)
    m_evt_schedule_func                      0x20002168   Data           4  softdevice_handler.o(.data)
    mp_ble_evt_buffer                        0x2000216c   Data           4  softdevice_handler.o(.data)
    m_ble_evt_handler                        0x20002170   Data           4  softdevice_handler.o(.data)
    m_sys_evt_handler                        0x20002174   Data           4  softdevice_handler.o(.data)
    .data                                    0x20002178   Section        4  stdio_streams.o(.data)
    .data                                    0x2000217c   Section        4  stdio_streams.o(.data)
    .data                                    0x20002180   Section        4  stdio_streams.o(.data)
    .bss                                     0x20002184   Section      176  main.o(.bss)
    APP_SCHED_BUF                            0x20002184   Data         176  main.o(.bss)
    .bss                                     0x20002234   Section     1308  myble.o(.bss)
    m_enc_key                                0x20002234   Data          28  myble.o(.bss)
    m_id_key                                 0x20002250   Data          23  myble.o(.bss)
    m_sign_key                               0x20002267   Data          16  myble.o(.bss)
    BLE_EVT_BUFFER                           0x20002278   Data          72  myble.o(.bss)
    APP_TIMER_BUF                            0x200022c0   Data         656  myble.o(.bss)
    rx_buf                                   0x20002550   Data         256  myble.o(.bss)
    tx_buf                                   0x20002650   Data         256  myble.o(.bss)
    .bss                                     0x20002750   Section     1024  segger_rtt.o(.bss)
    _acUpBuffer                              0x20002750   Data        1024  segger_rtt.o(.bss)
    .bss                                     0x20002b50   Section       16  segger_rtt.o(.bss)
    _acDownBuffer                            0x20002b50   Data          16  segger_rtt.o(.bss)
    .bss                                     0x20002b60   Section       12  bsp.o(.bss)
    m_events_list                            0x20002b60   Data          12  bsp.o(.bss)
    .bss                                     0x20002b6c   Section      247  ble_advertising.o(.bss)
    m_advdata                                0x20002b6c   Data          48  ble_advertising.o(.bss)
    m_adv_modes_config                       0x20002b9c   Data          32  ble_advertising.o(.bss)
    m_whitelist                              0x20002bbc   Data          16  ble_advertising.o(.bss)
    mp_whitelist_addr                        0x20002bcc   Data          32  ble_advertising.o(.bss)
    mp_whitelist_irk                         0x20002bec   Data          32  ble_advertising.o(.bss)
    m_manuf_specific_data                    0x20002c0c   Data          12  ble_advertising.o(.bss)
    m_manuf_data_array                       0x20002c18   Data          31  ble_advertising.o(.bss)
    m_service_data                           0x20002c38   Data          12  ble_advertising.o(.bss)
    m_service_data_array                     0x20002c44   Data          31  ble_advertising.o(.bss)
    .bss                                     0x20002c64   Section       28  ble_conn_params.o(.bss)
    m_conn_params_config                     0x20002c64   Data          28  ble_conn_params.o(.bss)
    .bss                                     0x20002c80   Section       60  nrf_drv_gpiote.o(.bss)
    m_cb                                     0x20002c80   Data          60  nrf_drv_gpiote.o(.bss)
    .bss                                     0x20002cbc   Section       32  app_uart_fifo.o(.bss)
    m_rx_fifo                                0x20002cbc   Data          16  app_uart_fifo.o(.bss)
    m_tx_fifo                                0x20002ccc   Data          16  app_uart_fifo.o(.bss)
    .bss                                     0x20002cdc   Section      220  pstorage.o(.bss)
    m_cmd_queue                              0x20002cdc   Data         204  pstorage.o(.bss)
    m_app_table                              0x20002da8   Data          16  pstorage.o(.bss)
    .bss                                     0x20002db8   Section       84  stdio_streams.o(.bss)
    .bss                                     0x20002e0c   Section       84  stdio_streams.o(.bss)
    .bss                                     0x20002e60   Section       84  stdio_streams.o(.bss)
    .bss                                     0x20002eb4   Section       96  libspace.o(.bss)
    HEAP                                     0x20002f18   Section     2048  arm_startup_nrf51.o(HEAP)
    Heap_Mem                                 0x20002f18   Data        2048  arm_startup_nrf51.o(HEAP)
    STACK                                    0x20003718   Section     2048  arm_startup_nrf51.o(STACK)
    Stack_Mem                                0x20003718   Data        2048  arm_startup_nrf51.o(STACK)
    __initial_sp                             0x20003f18   Data           0  arm_startup_nrf51.o(STACK)

    Global Symbols

    Symbol Name                              Value     Ov Type        Size  Object(Section)

    BuildAttributes$$THM_ISAv3M$S$PE$A:L22$X:L11$S22$IEEE1$IW$USESV6$~STKCKD$USESV7$~SHL$OTIME$ROPI$EBA8$UX$STANDARDLIB$REQ8$PRES8$EABIv2 0x00000000   Number         0  anon$$obj.o ABSOLUTE
    __ARM_use_no_argv                        0x00000000   Number         0  main.o ABSOLUTE
    __ARM_exceptions_init                     - Undefined Weak Reference
    __alloca_initialize                       - Undefined Weak Reference
    __arm_preinit_                            - Undefined Weak Reference
    __cpp_initialize__aeabi_                  - Undefined Weak Reference
    __cxa_finalize                            - Undefined Weak Reference
    __rt_locale                               - Undefined Weak Reference
    __sigvec_lookup                           - Undefined Weak Reference
    __user_heap_extent                        - Undefined Weak Reference
    _atexit_init                              - Undefined Weak Reference
    _call_atexit_fns                          - Undefined Weak Reference
    _clock_init                               - Undefined Weak Reference
    _fp_trap_init                             - Undefined Weak Reference
    _fp_trap_shutdown                         - Undefined Weak Reference
    _get_lc_collate                           - Undefined Weak Reference
    _get_lc_ctype                             - Undefined Weak Reference
    _get_lc_monetary                          - Undefined Weak Reference
    _get_lc_numeric                           - Undefined Weak Reference
    _get_lc_time                              - Undefined Weak Reference
    _getenv_init                              - Undefined Weak Reference
    _handle_redirection                       - Undefined Weak Reference
    _mutex_acquire                            - Undefined Weak Reference
    _mutex_free                               - Undefined Weak Reference
    _mutex_release                            - Undefined Weak Reference
    _printf_post_padding                      - Undefined Weak Reference
    _printf_pre_padding                       - Undefined Weak Reference
    _printf_truncate_signed                   - Undefined Weak Reference
    _printf_truncate_unsigned                 - Undefined Weak Reference
    _rand_init                                - Undefined Weak Reference
    _signal_finish                            - Undefined Weak Reference
    _signal_init                              - Undefined Weak Reference
    assert_nrf_callback                       - Undefined Weak Reference
    __Vectors_Size                           0x000000c0   Number         0  arm_startup_nrf51.o ABSOLUTE
    __Vectors                                0x00018000   Data           4  arm_startup_nrf51.o(RESET)
    __Vectors_End                            0x000180c0   Data           0  arm_startup_nrf51.o(RESET)
    __main                                   0x000180c1   Thumb Code     8  __main.o(!!!main)
    __scatterload                            0x000180c9   Thumb Code     0  __scatter.o(!!!scatter)
    __scatterload_rt2                        0x000180c9   Thumb Code    52  __scatter.o(!!!scatter)
    __scatterload_rt2_thumb_only             0x000180c9   Thumb Code     0  __scatter.o(!!!scatter)
    __scatterload_null                       0x000180d9   Thumb Code     0  __scatter.o(!!!scatter)
    __scatterload_zeroinit                   0x00018105   Thumb Code    28  __scatter_zi.o(!!handler_zi)
    _printf_percent                          0x00018121   Thumb Code     0  _printf_percent.o(.ARM.Collect$$_printf_percent$$00000000)
    _printf_d                                0x00018123   Thumb Code     0  _printf_d.o(.ARM.Collect$$_printf_percent$$00000009)
    _printf_percent_end                      0x0001812d   Thumb Code     0  _printf_percent_end.o(.ARM.Collect$$_printf_percent$$00000017)
    __rt_lib_init                            0x00018131   Thumb Code     0  libinit.o(.ARM.Collect$$libinit$$00000000)
    __rt_lib_init_fp_1                       0x00018133   Thumb Code     0  libinit2.o(.ARM.Collect$$libinit$$00000002)
    __rt_lib_init_heap_2                     0x00018133   Thumb Code     0  libinit2.o(.ARM.Collect$$libinit$$00000005)
    __rt_lib_init_preinit_1                  0x00018133   Thumb Code     0  libinit2.o(.ARM.Collect$$libinit$$00000004)
    __rt_lib_init_atexit_1                   0x0001813b   Thumb Code     0  libinit2.o(.ARM.Collect$$libinit$$0000001B)
    __rt_lib_init_clock_1                    0x0001813b   Thumb Code     0  libinit2.o(.ARM.Collect$$libinit$$00000021)
    __rt_lib_init_fp_trap_1                  0x0001813b   Thumb Code     0  libinit2.o(.ARM.Collect$$libinit$$0000001F)
    __rt_lib_init_getenv_1                   0x0001813b   Thumb Code     0  libinit2.o(.ARM.Collect$$libinit$$00000023)
    __rt_lib_init_heap_1                     0x0001813b   Thumb Code     0  libinit2.o(.ARM.Collect$$libinit$$0000000A)
    __rt_lib_init_lc_collate_1               0x0001813b   Thumb Code     0  libinit2.o(.ARM.Collect$$libinit$$00000011)
    __rt_lib_init_lc_ctype_1                 0x0001813b   Thumb Code     0  libinit2.o(.ARM.Collect$$libinit$$00000013)
    __rt_lib_init_lc_monetary_1              0x0001813b   Thumb Code     0  libinit2.o(.ARM.Collect$$libinit$$00000015)
    __rt_lib_init_lc_numeric_1               0x0001813b   Thumb Code     0  libinit2.o(.ARM.Collect$$libinit$$00000017)
    __rt_lib_init_lc_time_1                  0x0001813b   Thumb Code     0  libinit2.o(.ARM.Collect$$libinit$$00000019)
    __rt_lib_init_rand_1                     0x0001813b   Thumb Code     0  libinit2.o(.ARM.Collect$$libinit$$0000000E)
    __rt_lib_init_signal_1                   0x0001813b   Thumb Code     0  libinit2.o(.ARM.Collect$$libinit$$0000001D)
    __rt_lib_init_stdio_2                    0x0001813b   Thumb Code     0  libinit2.o(.ARM.Collect$$libinit$$00000024)
    __rt_lib_init_user_alloc_1               0x0001813b   Thumb Code     0  libinit2.o(.ARM.Collect$$libinit$$0000000C)
    __rt_lib_init_alloca_1                   0x0001813f   Thumb Code     0  libinit2.o(.ARM.Collect$$libinit$$0000002E)
    __rt_lib_init_argv_1                     0x0001813f   Thumb Code     0  libinit2.o(.ARM.Collect$$libinit$$0000002C)
    __rt_lib_init_cpp_1                      0x0001813f   Thumb Code     0  libinit2.o(.ARM.Collect$$libinit$$00000032)
    __rt_lib_init_exceptions_1               0x0001813f   Thumb Code     0  libinit2.o(.ARM.Collect$$libinit$$00000030)
    __rt_lib_init_return                     0x0001813f   Thumb Code     0  libinit2.o(.ARM.Collect$$libinit$$00000033)
    __rt_lib_init_stdio_1                    0x0001813f   Thumb Code     0  libinit2.o(.ARM.Collect$$libinit$$00000025)
    __rt_lib_shutdown                        0x00018141   Thumb Code     0  libshutdown.o(.ARM.Collect$$libshutdown$$00000000)
    __rt_lib_shutdown_stdio_2                0x00018143   Thumb Code     0  libshutdown2.o(.ARM.Collect$$libshutdown$$00000002)
    __rt_lib_shutdown_fp_trap_1              0x00018147   Thumb Code     0  libshutdown2.o(.ARM.Collect$$libshutdown$$00000006)
    __rt_lib_shutdown_heap_1                 0x00018147   Thumb Code     0  libshutdown2.o(.ARM.Collect$$libshutdown$$0000000E)
    __rt_lib_shutdown_return                 0x00018147   Thumb Code     0  libshutdown2.o(.ARM.Collect$$libshutdown$$0000000F)
    __rt_lib_shutdown_signal_1               0x00018147   Thumb Code     0  libshutdown2.o(.ARM.Collect$$libshutdown$$00000009)
    __rt_lib_shutdown_stdio_1                0x00018147   Thumb Code     0  libshutdown2.o(.ARM.Collect$$libshutdown$$00000003)
    __rt_lib_shutdown_user_alloc_1           0x00018147   Thumb Code     0  libshutdown2.o(.ARM.Collect$$libshutdown$$0000000B)
    __rt_entry                               0x00018149   Thumb Code     0  __rtentry.o(.ARM.Collect$$rtentry$$00000000)
    __rt_entry_presh_1                       0x00018149   Thumb Code     0  __rtentry2.o(.ARM.Collect$$rtentry$$00000002)
    __rt_entry_sh                            0x00018149   Thumb Code     0  __rtentry4.o(.ARM.Collect$$rtentry$$00000004)
    __rt_entry_li                            0x0001814f   Thumb Code     0  __rtentry2.o(.ARM.Collect$$rtentry$$0000000A)
    __rt_entry_postsh_1                      0x0001814f   Thumb Code     0  __rtentry2.o(.ARM.Collect$$rtentry$$00000009)
    __rt_entry_main                          0x00018153   Thumb Code     0  __rtentry2.o(.ARM.Collect$$rtentry$$0000000D)
    __rt_entry_postli_1                      0x00018153   Thumb Code     0  __rtentry2.o(.ARM.Collect$$rtentry$$0000000C)
    __rt_exit                                0x0001815b   Thumb Code     0  rtexit.o(.ARM.Collect$$rtexit$$00000000)
    __rt_exit_ls                             0x0001815d   Thumb Code     0  rtexit2.o(.ARM.Collect$$rtexit$$00000003)
    __rt_exit_prels_1                        0x0001815d   Thumb Code     0  rtexit2.o(.ARM.Collect$$rtexit$$00000002)
    __rt_exit_exit                           0x00018161   Thumb Code     0  rtexit2.o(.ARM.Collect$$rtexit$$00000004)
    __asm___11_nrf_delay_c_532987f3__nrf_delay_us 0x00018169   Thumb Code    30  nrf_delay.o(.emb_text)
    __asm___11_app_timer_c_cd27f9c3__nrf_delay_us 0x00018189   Thumb Code    30  app_timer.o(.emb_text)
    __aeabi_memcpy4                          0x000181a9   Thumb Code    56  rt_memcpy.o(.emb_text)
    __aeabi_memcpy8                          0x000181a9   Thumb Code     0  rt_memcpy.o(.emb_text)
    Reset_Handler                            0x000181e1   Thumb Code    26  arm_startup_nrf51.o(.text)
    _maybe_terminate_alloc                   0x000181e1   Thumb Code     0  maybetermalloc1.o(.emb_text)
    NMI_Handler                              0x000181fb   Thumb Code     2  arm_startup_nrf51.o(.text)
    HardFault_Handler                        0x000181fd   Thumb Code     2  arm_startup_nrf51.o(.text)
    SVC_Handler                              0x000181ff   Thumb Code     2  arm_startup_nrf51.o(.text)
    PendSV_Handler                           0x00018201   Thumb Code     2  arm_startup_nrf51.o(.text)
    SysTick_Handler                          0x00018203   Thumb Code     2  arm_startup_nrf51.o(.text)
    ADC_IRQHandler                           0x00018205   Thumb Code     0  arm_startup_nrf51.o(.text)
    CCM_AAR_IRQHandler                       0x00018205   Thumb Code     0  arm_startup_nrf51.o(.text)
    ECB_IRQHandler                           0x00018205   Thumb Code     0  arm_startup_nrf51.o(.text)
    LPCOMP_IRQHandler                        0x00018205   Thumb Code     0  arm_startup_nrf51.o(.text)
    POWER_CLOCK_IRQHandler                   0x00018205   Thumb Code     0  arm_startup_nrf51.o(.text)
    QDEC_IRQHandler                          0x00018205   Thumb Code     0  arm_startup_nrf51.o(.text)
    RADIO_IRQHandler                         0x00018205   Thumb Code     0  arm_startup_nrf51.o(.text)
    RNG_IRQHandler                           0x00018205   Thumb Code     0  arm_startup_nrf51.o(.text)
    RTC0_IRQHandler                          0x00018205   Thumb Code     0  arm_startup_nrf51.o(.text)
    SPI0_TWI0_IRQHandler                     0x00018205   Thumb Code     0  arm_startup_nrf51.o(.text)
    SPI1_TWI1_IRQHandler                     0x00018205   Thumb Code     0  arm_startup_nrf51.o(.text)
    SWI1_IRQHandler                          0x00018205   Thumb Code     0  arm_startup_nrf51.o(.text)
    SWI3_IRQHandler                          0x00018205   Thumb Code     0  arm_startup_nrf51.o(.text)
    SWI4_IRQHandler                          0x00018205   Thumb Code     0  arm_startup_nrf51.o(.text)
    SWI5_IRQHandler                          0x00018205   Thumb Code     0  arm_startup_nrf51.o(.text)
    TEMP_IRQHandler                          0x00018205   Thumb Code     0  arm_startup_nrf51.o(.text)
    TIMER0_IRQHandler                        0x00018205   Thumb Code     0  arm_startup_nrf51.o(.text)
    TIMER1_IRQHandler                        0x00018205   Thumb Code     0  arm_startup_nrf51.o(.text)
    TIMER2_IRQHandler                        0x00018205   Thumb Code     0  arm_startup_nrf51.o(.text)
    WDT_IRQHandler                           0x00018205   Thumb Code     0  arm_startup_nrf51.o(.text)
    __user_initial_stackheap                 0x00018209   Thumb Code     0  arm_startup_nrf51.o(.text)
    __use_no_semihosting                     0x00018235   Thumb Code     2  use_no_semi_2.o(.text)
    __2printf                                0x00018239   Thumb Code    22  noretval__2printf.o(.text)
    __printf                                 0x00018255   Thumb Code   108  __printf.o(.text)
    _printf_int_dec                          0x000182c1   Thumb Code    90  _printf_dec.o(.text)
    _do_fflush                               0x0001832d   Thumb Code    54  fflush.o(.text)
    fflush                                   0x00018363   Thumb Code    46  fflush.o(.text)
    memcmp                                   0x00018395   Thumb Code    90  memcmp.o(.text)
    __aeabi_memcpy                           0x000183ef   Thumb Code   130  rt_memcpy.o(.text)
    __rt_memcpy                              0x000183ef   Thumb Code     0  rt_memcpy.o(.text)
    _memset_w                                0x00018471   Thumb Code    26  rt_memclr.o(.text)
    _memset                                  0x0001848b   Thumb Code    30  rt_memclr.o(.text)
    __aeabi_memclr                           0x000184a9   Thumb Code     4  rt_memclr.o(.text)
    __rt_memclr                              0x000184a9   Thumb Code     0  rt_memclr.o(.text)
    __aeabi_memclr4                          0x000184ad   Thumb Code     0  rt_memclr.o(.text)
    __aeabi_memclr8                          0x000184ad   Thumb Code     0  rt_memclr.o(.text)
    __rt_memclr_w                            0x000184ad   Thumb Code     4  rt_memclr.o(.text)
    strcmp                                   0x000184b1   Thumb Code   132  strcmp.o(.text)
    __aeabi_uidiv                            0x00018539   Thumb Code     0  aeabi_sdiv.o(.text)
    __aeabi_uidivmod                         0x00018539   Thumb Code    20  aeabi_sdiv.o(.text)
    __aeabi_idiv                             0x0001854d   Thumb Code     0  aeabi_sdiv.o(.text)
    __aeabi_idivmod                          0x0001854d   Thumb Code   326  aeabi_sdiv.o(.text)
    __use_two_region_memory                  0x00018693   Thumb Code     2  heapauxi.o(.text)
    __rt_heap_escrow                         0x00018695   Thumb Code     2  heapauxi.o(.text)
    __rt_heap_expand                         0x00018697   Thumb Code     2  heapauxi.o(.text)
    __semihosting$guard                      0x00018699   Thumb Code     0  use_no_semi.o(.text)
    __use_no_semihosting_swi                 0x00018699   Thumb Code     2  use_no_semi.o(.text)
    _printf_int_common                       0x0001869b   Thumb Code   176  _printf_intcommon.o(.text)
    _printf_char_file                        0x0001874d   Thumb Code    34  _printf_char_file.o(.text)
    __flsbuf                                 0x00018775   Thumb Code   486  flsbuf.o(.text)
    __flsbuf_byte                            0x00018775   Thumb Code     0  flsbuf.o(.text)
    __flsbuf_wide                            0x00018775   Thumb Code     0  flsbuf.o(.text)
    _fseek                                   0x00018965   Thumb Code   240  fseek.o(.text)
    fseek                                    0x00018965   Thumb Code     0  fseek.o(.text)
    _seterr                                  0x00018a59   Thumb Code    20  stdio.o(.text)
    _writebuf                                0x00018a6d   Thumb Code    76  stdio.o(.text)
    _fflush                                  0x00018ab9   Thumb Code    76  stdio.o(.text)
    _deferredlazyseek                        0x00018b05   Thumb Code    60  stdio.o(.text)
    _initio                                  0x00018b49   Thumb Code   216  initio.o(.text)
    _terminateio                             0x00018c21   Thumb Code    56  initio.o(.text)
    __rt_udiv10                              0x00018c85   Thumb Code    40  rtudiv10.o(.text)
    malloc                                   0x00018cad   Thumb Code    98  h1_alloc.o(.text)
    free                                     0x00018d0f   Thumb Code    76  h1_free.o(.text)
    _printf_char_common                      0x00018d67   Thumb Code    32  _printf_char_common.o(.text)
    ferror                                   0x00018d8d   Thumb Code     8  ferror.o(.text)
    _ftell_internal                          0x00018d95   Thumb Code    66  ftell.o(.text)
    ftell                                    0x00018d95   Thumb Code     0  ftell.o(.text)
    setvbuf                                  0x00018dd9   Thumb Code    72  setvbuf.o(.text)
    freopen                                  0x00018e25   Thumb Code   148  fopen.o(.text)
    fopen                                    0x00018eb9   Thumb Code    76  fopen.o(.text)
    _fclose_internal                         0x00018f0d   Thumb Code    72  fclose.o(.text)
    fclose                                   0x00018f0d   Thumb Code     0  fclose.o(.text)
    __rt_SIGRTRED                            0x00018f59   Thumb Code    12  defsig_rtred_outer.o(.text)
    __user_setup_stackheap                   0x00018f65   Thumb Code    62  sys_stackheap_outer.o(.text)
    __rt_heap_descriptor                     0x00018fa5   Thumb Code     8  rt_heap_descriptor_intlibspace.o(.text)
    __aeabi_errno_addr                       0x00018fad   Thumb Code     8  rt_errno_addr_intlibspace.o(.text)
    __errno$intlibspace                      0x00018fad   Thumb Code     0  rt_errno_addr_intlibspace.o(.text)
    __rt_errno_addr$intlibspace              0x00018fad   Thumb Code     0  rt_errno_addr_intlibspace.o(.text)
    __use_no_heap                            0x00018fb5   Thumb Code     2  hguard.o(.text)
    __heap$guard                             0x00018fb7   Thumb Code     2  hguard.o(.text)
    _terminate_user_alloc                    0x00018fb9   Thumb Code     2  init_alloc.o(.text)
    _init_user_alloc                         0x00018fbb   Thumb Code     2  init_alloc.o(.text)
    __Heap_Full                              0x00018fbd   Thumb Code    32  init_alloc.o(.text)
    __Heap_Broken                            0x00018fdd   Thumb Code    10  init_alloc.o(.text)
    _init_alloc                              0x00018fe7   Thumb Code    90  init_alloc.o(.text)
    __Heap_Initialize                        0x00019041   Thumb Code    10  h1_init.o(.text)
    __Heap_DescSize                          0x0001904b   Thumb Code     4  h1_init.o(.text)
    exit                                     0x0001904f   Thumb Code    12  exit.o(.text)
    __sig_exit                               0x0001905b   Thumb Code    12  defsig_exit.o(.text)
    __rt_SIGRTRED_inner                      0x00019069   Thumb Code    14  defsig_rtred_inner.o(.text)
    __user_libspace                          0x0001909d   Thumb Code     8  libspace.o(.text)
    __user_perproc_libspace                  0x0001909d   Thumb Code     0  libspace.o(.text)
    __user_perthread_libspace                0x0001909d   Thumb Code     0  libspace.o(.text)
    __Heap_ProvideMemory                     0x000190a5   Thumb Code    52  h1_extend.o(.text)
    __default_signal_display                 0x000190d9   Thumb Code    52  defsig_general.o(.text)
    __rt_SIGRTMEM                            0x0001910d   Thumb Code    12  defsig_rtmem_outer.o(.text)
    __rt_SIGRTMEM_inner                      0x00019119   Thumb Code    22  defsig_rtmem_inner.o(.text)
    __decompress                             0x00019169   Thumb Code     0  __dczerorl2.o(.text)
    __decompress1                            0x00019169   Thumb Code    86  __dczerorl2.o(.text)
    GPIOTE_IRQHandler                        0x000191c1   Thumb Code   232  nrf_drv_gpiote.o(i.GPIOTE_IRQHandler)
    RTC1_IRQHandler                          0x00019309   Thumb Code    28  app_timer.o(i.RTC1_IRQHandler)
    SEGGER_RTT_GetKey                        0x00019329   Thumb Code    28  segger_rtt.o(i.SEGGER_RTT_GetKey)
    SEGGER_RTT_Read                          0x00019345   Thumb Code   108  segger_rtt.o(i.SEGGER_RTT_Read)
    SEGGER_RTT_WaitKey                       0x000193b5   Thumb Code    12  segger_rtt.o(i.SEGGER_RTT_WaitKey)
    SEGGER_RTT_Write                         0x000193c1   Thumb Code   140  segger_rtt.o(i.SEGGER_RTT_Write)
    SEGGER_RTT_WriteString                   0x00019451   Thumb Code    30  segger_rtt.o(i.SEGGER_RTT_WriteString)
    SEGGER_RTT_printf                        0x0001946f   Thumb Code    24  segger_rtt_printf.o(i.SEGGER_RTT_printf)
    SEGGER_RTT_vprintf                       0x00019487   Thumb Code   398  segger_rtt_printf.o(i.SEGGER_RTT_vprintf)
    SWI0_IRQHandler                          0x00019615   Thumb Code    78  app_timer.o(i.SWI0_IRQHandler)
    SWI2_IRQHandler                          0x00019669   Thumb Code    32  softdevice_handler.o(i.SWI2_IRQHandler)
    SystemInit                               0x0001968d   Thumb Code    64  system_nrf51.o(i.SystemInit)
    UART0_IRQHandler                         0x000196e1   Thumb Code   110  app_uart_fifo.o(i.UART0_IRQHandler)
    __ARM_common_switch8                     0x00019947   Thumb Code    26  bsp.o(i.__ARM_common_switch8)
    _sys_close                               0x00019961   Thumb Code     4  rtt_syscalls_keil.o(i._sys_close)
    _sys_exit                                0x00019965   Thumb Code     2  rtt_syscalls_keil.o(i._sys_exit)
    _sys_flen                                0x00019967   Thumb Code     4  rtt_syscalls_keil.o(i._sys_flen)
    _sys_istty                               0x0001996b   Thumb Code    16  rtt_syscalls_keil.o(i._sys_istty)
    _sys_open                                0x0001997d   Thumb Code    42  rtt_syscalls_keil.o(i._sys_open)
    _sys_seek                                0x000199b1   Thumb Code     4  rtt_syscalls_keil.o(i._sys_seek)
    _sys_write                               0x000199b5   Thumb Code    24  rtt_syscalls_keil.o(i._sys_write)
    _ttywrch                                 0x000199d1   Thumb Code    16  rtt_syscalls_keil.o(i._ttywrch)
    action_tx_stop                           0x00019a31   Thumb Code    26  app_uart_fifo.o(i.action_tx_stop)
    advertising_init                         0x00019bc1   Thumb Code   136  myble.o(i.advertising_init)
    app_button_disable                       0x00019c71   Thumb Code    34  app_button.o(i.app_button_disable)
    app_button_enable                        0x00019c99   Thumb Code    32  app_button.o(i.app_button_enable)
    app_button_init                          0x00019cbd   Thumb Code   102  app_button.o(i.app_button_init)
    app_error_handler                        0x00019d35   Thumb Code    18  app_error.o(i.app_error_handler)
    app_fifo_get                             0x00019d51   Thumb Code    34  app_fifo.o(i.app_fifo_get)
    app_fifo_init                            0x00019d73   Thumb Code    36  app_fifo.o(i.app_fifo_init)
    app_fifo_put                             0x00019d97   Thumb Code    34  app_fifo.o(i.app_fifo_put)
    app_sched_event_put                      0x00019dfd   Thumb Code   240  app_scheduler.o(i.app_sched_event_put)
    app_sched_execute                        0x00019efd   Thumb Code    30  app_scheduler.o(i.app_sched_execute)
    app_sched_init                           0x00019f1d   Thumb Code    40  app_scheduler.o(i.app_sched_init)
    app_timer_create                         0x00019f49   Thumb Code    72  app_timer.o(i.app_timer_create)
    app_timer_evt_schedule                   0x00019fb1   Thumb Code    18  app_timer_appsh.o(i.app_timer_evt_schedule)
    app_timer_init                           0x00019fc9   Thumb Code   164  app_timer.o(i.app_timer_init)
    app_timer_start                          0x0001a07d   Thumb Code   122  app_timer.o(i.app_timer_start)
    app_timer_stop                           0x0001a101   Thumb Code    82  app_timer.o(i.app_timer_stop)
    app_uart_init                            0x0001a159   Thumb Code   354  app_uart_fifo.o(i.app_uart_init)
    ble_advdata_set                          0x0001a2ed   Thumb Code    90  ble_advdata.o(i.ble_advdata_set)
    ble_advertising_init                     0x0001a349   Thumb Code   316  ble_advertising.o(i.ble_advertising_init)
    ble_advertising_on_ble_evt               0x0001a48d   Thumb Code   136  ble_advertising.o(i.ble_advertising_on_ble_evt)
    ble_advertising_on_sys_evt               0x0001a51d   Thumb Code    42  ble_advertising.o(i.ble_advertising_on_sys_evt)
    ble_advertising_start                    0x0001a55d   Thumb Code   396  ble_advertising.o(i.ble_advertising_start)
    ble_conn_params_init                     0x0001a6f1   Thumb Code    72  ble_conn_params.o(i.ble_conn_params_init)
    ble_conn_params_on_ble_evt               0x0001a745   Thumb Code   134  ble_conn_params.o(i.ble_conn_params_on_ble_evt)
    ble_stack_init                           0x0001a7ed   Thumb Code    92  myble.o(i.ble_stack_init)
    bsp_event_to_button_action_assign        0x0001a8f1   Thumb Code    66  bsp.o(i.bsp_event_to_button_action_assign)
    bsp_indication_set                       0x0001a939   Thumb Code    22  bsp.o(i.bsp_indication_set)
    bsp_init                                 0x0001a955   Thumb Code   152  bsp.o(i.bsp_init)
    conn_params_init                         0x0001adad   Thumb Code    68  myble.o(i.conn_params_init)
    fputc                                    0x0001af55   Thumb Code    30  fputc.o(i.fputc)
    gap_params_init                          0x0001af75   Thumb Code   154  myble.o(i.gap_params_init)
    intern_softdevice_events_execute         0x0001b089   Thumb Code   124  softdevice_handler.o(i.intern_softdevice_events_execute)
    main                                     0x0001b309   Thumb Code    94  main.o(i.main)
    myble_init                               0x0001b411   Thumb Code   142  myble.o(i.myble_init)
    nrf_delay_ms                             0x0001b531   Thumb Code    24  nrf_delay.o(i.nrf_delay_ms)
    nrf_drv_common_irq_enable                0x0001b54d   Thumb Code    78  nrf_drv_common.o(i.nrf_drv_common_irq_enable)
    nrf_drv_gpiote_in_event_disable          0x0001b5ad   Thumb Code    70  nrf_drv_gpiote.o(i.nrf_drv_gpiote_in_event_disable)
    nrf_drv_gpiote_in_event_enable           0x0001b601   Thumb Code   120  nrf_drv_gpiote.o(i.nrf_drv_gpiote_in_event_enable)
    nrf_drv_gpiote_in_init                   0x0001b68d   Thumb Code   130  nrf_drv_gpiote.o(i.nrf_drv_gpiote_in_init)
    nrf_drv_gpiote_in_is_set                 0x0001b721   Thumb Code    16  nrf_drv_gpiote.o(i.nrf_drv_gpiote_in_is_set)
    nrf_drv_gpiote_init                      0x0001b735   Thumb Code    70  nrf_drv_gpiote.o(i.nrf_drv_gpiote_init)
    nrf_drv_gpiote_is_init                   0x0001b785   Thumb Code    12  nrf_drv_gpiote.o(i.nrf_drv_gpiote_is_init)
    nrf_drv_gpiote_out_init                  0x0001b795   Thumb Code   128  nrf_drv_gpiote.o(i.nrf_drv_gpiote_out_init)
    pstorage_access_status_get               0x0001ba4d   Thumb Code    30  pstorage.o(i.pstorage_access_status_get)
    sec_params_init                          0x0001bab9   Thumb Code    30  myble.o(i.sec_params_init)
    softdevice_assertion_handler             0x0001bb59   Thumb Code    12  softdevice_handler.o(i.softdevice_assertion_handler)
    softdevice_ble_evt_handler_set           0x0001bb65   Thumb Code    16  softdevice_handler.o(i.softdevice_ble_evt_handler_set)
    softdevice_handler_init                  0x0001bb79   Thumb Code    40  softdevice_handler.o(i.softdevice_handler_init)
    softdevice_sys_evt_handler_set           0x0001bba9   Thumb Code    16  softdevice_handler.o(i.softdevice_sys_evt_handler_set)
    timers_init                              0x0001bd29   Thumb Code    32  myble.o(i.timers_init)
    uart_event_handle                        0x0001bd51   Thumb Code    24  myble.o(i.uart_event_handle)
    __stdin_name                             0x0001bf44   Data           6  rtt_syscalls_keil.o(.constdata)
    __stdout_name                            0x0001bf4a   Data           7  rtt_syscalls_keil.o(.constdata)
    __stderr_name                            0x0001bf51   Data           7  rtt_syscalls_keil.o(.constdata)
    Region$$Table$$Base                      0x0001bfa0   Number         0  anon$$obj.o(Region$$Table)
    Region$$Table$$Limit                     0x0001bfc0   Number         0  anon$$obj.o(Region$$Table)
    m_adv_uuids                              0x20002002   Data           4  myble.o(.data)
    SystemCoreClock                          0x200020c8   Data           4  system_nrf51.o(.data)
    __aeabi_stdin                            0x20002178   Data           4  stdio_streams.o(.data)
    __aeabi_stdout                           0x2000217c   Data           4  stdio_streams.o(.data)
    __aeabi_stderr                           0x20002180   Data           4  stdio_streams.o(.data)
    __stdin                                  0x20002db8   Data          84  stdio_streams.o(.bss)
    __stdout                                 0x20002e0c   Data          84  stdio_streams.o(.bss)
    __stderr                                 0x20002e60   Data          84  stdio_streams.o(.bss)
    __libspace_start                         0x20002eb4   Data          96  libspace.o(.bss)
    __temporary_stack_top$libspace           0x20002f14   Data           0  libspace.o(.bss)



==============================================================================

Memory Map of the image

  Image Entry point : 0x000180c1

  Load Region LR_IROM1 (Base: 0x00018000, Size: 0x00004144, Max: 0x00028000, ABSOLUTE, COMPRESSED[0x00004000])

    Execution Region ER_IROM1 (Base: 0x00018000, Size: 0x00003fc0, Max: 0x00028000, ABSOLUTE)

    Base Addr    Size         Type   Attr      Idx    E Section Name        Object

    0x00018000   0x000000c0   Data   RO          624    RESET               arm_startup_nrf51.o
    0x000180c0   0x00000008   Code   RO         1839  * !!!main             c_p.l(__main.o)
    0x000180c8   0x0000003c   Code   RO         2169    !!!scatter          c_p.l(__scatter.o)
    0x00018104   0x0000001c   Code   RO         2171    !!handler_zi        c_p.l(__scatter_zi.o)
    0x00018120   0x00000002   Code   RO         1804    .ARM.Collect$$_printf_percent$$00000000  c_p.l(_printf_percent.o)
    0x00018122   0x0000000a   Code   RO         1803    .ARM.Collect$$_printf_percent$$00000009  c_p.l(_printf_d.o)
    0x0001812c   0x00000004   Code   RO         1852    .ARM.Collect$$_printf_percent$$00000017  c_p.l(_printf_percent_end.o)
    0x00018130   0x00000002   Code   RO         2099    .ARM.Collect$$libinit$$00000000  c_p.l(libinit.o)
    0x00018132   0x00000000   Code   RO         1980    .ARM.Collect$$libinit$$00000002  c_p.l(libinit2.o)
    0x00018132   0x00000000   Code   RO         1982    .ARM.Collect$$libinit$$00000004  c_p.l(libinit2.o)
    0x00018132   0x00000008   Code   RO         1983    .ARM.Collect$$libinit$$00000005  c_p.l(libinit2.o)
    0x0001813a   0x00000000   Code   RO         1985    .ARM.Collect$$libinit$$0000000A  c_p.l(libinit2.o)
    0x0001813a   0x00000000   Code   RO         1987    .ARM.Collect$$libinit$$0000000C  c_p.l(libinit2.o)
    0x0001813a   0x00000000   Code   RO         1989    .ARM.Collect$$libinit$$0000000E  c_p.l(libinit2.o)
    0x0001813a   0x00000000   Code   RO         1992    .ARM.Collect$$libinit$$00000011  c_p.l(libinit2.o)
    0x0001813a   0x00000000   Code   RO         1994    .ARM.Collect$$libinit$$00000013  c_p.l(libinit2.o)
    0x0001813a   0x00000000   Code   RO         1996    .ARM.Collect$$libinit$$00000015  c_p.l(libinit2.o)
    0x0001813a   0x00000000   Code   RO         1998    .ARM.Collect$$libinit$$00000017  c_p.l(libinit2.o)
    0x0001813a   0x00000000   Code   RO         2000    .ARM.Collect$$libinit$$00000019  c_p.l(libinit2.o)
    0x0001813a   0x00000000   Code   RO         2002    .ARM.Collect$$libinit$$0000001B  c_p.l(libinit2.o)
    0x0001813a   0x00000000   Code   RO         2004    .ARM.Collect$$libinit$$0000001D  c_p.l(libinit2.o)
    0x0001813a   0x00000000   Code   RO         2006    .ARM.Collect$$libinit$$0000001F  c_p.l(libinit2.o)
    0x0001813a   0x00000000   Code   RO         2008    .ARM.Collect$$libinit$$00000021  c_p.l(libinit2.o)
    0x0001813a   0x00000000   Code   RO         2010    .ARM.Collect$$libinit$$00000023  c_p.l(libinit2.o)
    0x0001813a   0x00000004   Code   RO         2011    .ARM.Collect$$libinit$$00000024  c_p.l(libinit2.o)
    0x0001813e   0x00000000   Code   RO         2012    .ARM.Collect$$libinit$$00000025  c_p.l(libinit2.o)
    0x0001813e   0x00000000   Code   RO         2016    .ARM.Collect$$libinit$$0000002C  c_p.l(libinit2.o)
    0x0001813e   0x00000000   Code   RO         2018    .ARM.Collect$$libinit$$0000002E  c_p.l(libinit2.o)
    0x0001813e   0x00000000   Code   RO         2020    .ARM.Collect$$libinit$$00000030  c_p.l(libinit2.o)
    0x0001813e   0x00000000   Code   RO         2022    .ARM.Collect$$libinit$$00000032  c_p.l(libinit2.o)
    0x0001813e   0x00000002   Code   RO         2023    .ARM.Collect$$libinit$$00000033  c_p.l(libinit2.o)
    0x00018140   0x00000002   Code   RO         2164    .ARM.Collect$$libshutdown$$00000000  c_p.l(libshutdown.o)
    0x00018142   0x00000004   Code   RO         2025    .ARM.Collect$$libshutdown$$00000002  c_p.l(libshutdown2.o)
    0x00018146   0x00000000   Code   RO         2026    .ARM.Collect$$libshutdown$$00000003  c_p.l(libshutdown2.o)
    0x00018146   0x00000000   Code   RO         2029    .ARM.Collect$$libshutdown$$00000006  c_p.l(libshutdown2.o)
    0x00018146   0x00000000   Code   RO         2032    .ARM.Collect$$libshutdown$$00000009  c_p.l(libshutdown2.o)
    0x00018146   0x00000000   Code   RO         2034    .ARM.Collect$$libshutdown$$0000000B  c_p.l(libshutdown2.o)
    0x00018146   0x00000000   Code   RO         2037    .ARM.Collect$$libshutdown$$0000000E  c_p.l(libshutdown2.o)
    0x00018146   0x00000002   Code   RO         2038    .ARM.Collect$$libshutdown$$0000000F  c_p.l(libshutdown2.o)
    0x00018148   0x00000000   Code   RO         1843    .ARM.Collect$$rtentry$$00000000  c_p.l(__rtentry.o)
    0x00018148   0x00000000   Code   RO         1871    .ARM.Collect$$rtentry$$00000002  c_p.l(__rtentry2.o)
    0x00018148   0x00000006   Code   RO         1883    .ARM.Collect$$rtentry$$00000004  c_p.l(__rtentry4.o)
    0x0001814e   0x00000000   Code   RO         1873    .ARM.Collect$$rtentry$$00000009  c_p.l(__rtentry2.o)
    0x0001814e   0x00000004   Code   RO         1874    .ARM.Collect$$rtentry$$0000000A  c_p.l(__rtentry2.o)
    0x00018152   0x00000000   Code   RO         1876    .ARM.Collect$$rtentry$$0000000C  c_p.l(__rtentry2.o)
    0x00018152   0x00000008   Code   RO         1877    .ARM.Collect$$rtentry$$0000000D  c_p.l(__rtentry2.o)
    0x0001815a   0x00000002   Code   RO         2106    .ARM.Collect$$rtexit$$00000000  c_p.l(rtexit.o)
    0x0001815c   0x00000000   Code   RO         2134    .ARM.Collect$$rtexit$$00000002  c_p.l(rtexit2.o)
    0x0001815c   0x00000004   Code   RO         2135    .ARM.Collect$$rtexit$$00000003  c_p.l(rtexit2.o)
    0x00018160   0x00000006   Code   RO         2136    .ARM.Collect$$rtexit$$00000004  c_p.l(rtexit2.o)
    0x00018166   0x00000002   PAD
    0x00018168   0x0000001e   Code   RO         1108    .emb_text           nrf_delay.o
    0x00018186   0x00000002   PAD
    0x00018188   0x0000001e   Code   RO         1534    .emb_text           app_timer.o
    0x000181a6   0x00000002   PAD
    0x000181a8   0x00000038   Code   RO         1825    .emb_text           c_p.l(rt_memcpy.o)
    0x000181e0   0x00000000   Code   RO         2110    .emb_text           c_p.l(maybetermalloc1.o)
    0x000181e0   0x00000054   Code   RO          625    .text               arm_startup_nrf51.o
    0x00018234   0x00000002   Code   RO         1773    .text               c_p.l(use_no_semi_2.o)
    0x00018236   0x00000002   PAD
    0x00018238   0x0000001c   Code   RO         1777    .text               c_p.l(noretval__2printf.o)
    0x00018254   0x0000006c   Code   RO         1779    .text               c_p.l(__printf.o)
    0x000182c0   0x0000006c   Code   RO         1781    .text               c_p.l(_printf_dec.o)
    0x0001832c   0x00000068   Code   RO         1805    .text               c_p.l(fflush.o)
    0x00018394   0x0000005a   Code   RO         1821    .text               c_p.l(memcmp.o)
    0x000183ee   0x00000082   Code   RO         1826    .text               c_p.l(rt_memcpy.o)
    0x00018470   0x00000040   Code   RO         1829    .text               c_p.l(rt_memclr.o)
    0x000184b0   0x00000088   Code   RO         1831    .text               c_p.l(strcmp.o)
    0x00018538   0x0000015a   Code   RO         1833    .text               c_p.l(aeabi_sdiv.o)
    0x00018692   0x00000006   Code   RO         1837    .text               c_p.l(heapauxi.o)
    0x00018698   0x00000002   Code   RO         1841    .text               c_p.l(use_no_semi.o)
    0x0001869a   0x000000b0   Code   RO         1848    .text               c_p.l(_printf_intcommon.o)
    0x0001874a   0x00000002   PAD
    0x0001874c   0x00000028   Code   RO         1850    .text               c_p.l(_printf_char_file.o)
    0x00018774   0x000001f0   Code   RO         1853    .text               c_p.l(flsbuf.o)
    0x00018964   0x000000f4   Code   RO         1855    .text               c_p.l(fseek.o)
    0x00018a58   0x000000f0   Code   RO         1857    .text               c_p.l(stdio.o)
    0x00018b48   0x0000013c   Code   RO         1860    .text               c_p.l(initio.o)
    0x00018c84   0x00000028   Code   RO         1864    .text               c_p.l(rtudiv10.o)
    0x00018cac   0x00000062   Code   RO         1891    .text               c_p.l(h1_alloc.o)
    0x00018d0e   0x0000004c   Code   RO         1893    .text               c_p.l(h1_free.o)
    0x00018d5a   0x00000002   PAD
    0x00018d5c   0x00000030   Code   RO         1949    .text               c_p.l(_printf_char_common.o)
    0x00018d8c   0x00000008   Code   RO         1953    .text               c_p.l(ferror.o)
    0x00018d94   0x00000042   Code   RO         1955    .text               c_p.l(ftell.o)
    0x00018dd6   0x00000002   PAD
    0x00018dd8   0x0000004c   Code   RO         1957    .text               c_p.l(setvbuf.o)
    0x00018e24   0x000000e8   Code   RO         1961    .text               c_p.l(fopen.o)
    0x00018f0c   0x0000004c   Code   RO         1963    .text               c_p.l(fclose.o)
    0x00018f58   0x0000000c   Code   RO         1973    .text               c_p.l(defsig_rtred_outer.o)
    0x00018f64   0x0000003e   Code   RO         2039    .text               c_p.l(sys_stackheap_outer.o)
    0x00018fa2   0x00000002   PAD
    0x00018fa4   0x00000008   Code   RO         2047    .text               c_p.l(rt_heap_descriptor_intlibspace.o)
    0x00018fac   0x00000008   Code   RO         2052    .text               c_p.l(rt_errno_addr_intlibspace.o)
    0x00018fb4   0x00000004   Code   RO         2054    .text               c_p.l(hguard.o)
    0x00018fb8   0x00000088   Code   RO         2056    .text               c_p.l(init_alloc.o)
    0x00019040   0x0000000e   Code   RO         2060    .text               c_p.l(h1_init.o)
    0x0001904e   0x0000000c   Code   RO         2080    .text               c_p.l(exit.o)
    0x0001905a   0x0000000c   Code   RO         2082    .text               c_p.l(defsig_exit.o)
    0x00019066   0x00000002   PAD
    0x00019068   0x00000034   Code   RO         2088    .text               c_p.l(defsig_rtred_inner.o)
    0x0001909c   0x00000008   Code   RO         2102    .text               c_p.l(libspace.o)
    0x000190a4   0x00000034   Code   RO         2112    .text               c_p.l(h1_extend.o)
    0x000190d8   0x00000034   Code   RO         2118    .text               c_p.l(defsig_general.o)
    0x0001910c   0x0000000c   Code   RO         2122    .text               c_p.l(defsig_rtmem_outer.o)
    0x00019118   0x00000050   Code   RO         2142    .text               c_p.l(defsig_rtmem_inner.o)
    0x00019168   0x00000056   Code   RO         2167    .text               c_p.l(__dczerorl2.o)
    0x000191be   0x00000002   PAD
    0x000191c0   0x00000104   Code   RO          919    i.GPIOTE_IRQHandler  nrf_drv_gpiote.o
    0x000192c4   0x00000044   Code   RO         1535    i.NVIC_SetPriority  app_timer.o
    0x00019308   0x00000020   Code   RO         1536    i.RTC1_IRQHandler   app_timer.o
    0x00019328   0x0000001c   Code   RO          301    i.SEGGER_RTT_GetKey  segger_rtt.o
    0x00019344   0x00000070   Code   RO          304    i.SEGGER_RTT_Read   segger_rtt.o
    0x000193b4   0x0000000c   Code   RO          307    i.SEGGER_RTT_WaitKey  segger_rtt.o
    0x000193c0   0x00000090   Code   RO          308    i.SEGGER_RTT_Write  segger_rtt.o
    0x00019450   0x0000001e   Code   RO          309    i.SEGGER_RTT_WriteString  segger_rtt.o
    0x0001946e   0x00000018   Code   RO          378    i.SEGGER_RTT_printf  segger_rtt_printf.o
    0x00019486   0x0000018e   Code   RO          379    i.SEGGER_RTT_vprintf  segger_rtt_printf.o
    0x00019614   0x00000054   Code   RO         1537    i.SWI0_IRQHandler   app_timer.o
    0x00019668   0x00000024   Code   RO         1715    i.SWI2_IRQHandler   softdevice_handler.o
    0x0001968c   0x00000054   Code   RO          632    i.SystemInit        system_nrf51.o
    0x000196e0   0x00000080   Code   RO         1132    i.UART0_IRQHandler  app_uart_fifo.o
    0x00019760   0x000000c4   Code   RO          380    i._PrintInt         segger_rtt_printf.o
    0x00019824   0x000000e4   Code   RO          381    i._PrintUnsigned    segger_rtt_printf.o
    0x00019908   0x0000003e   Code   RO          382    i._StoreChar        segger_rtt_printf.o
    0x00019946   0x0000001a   Code   RO          609    i.__ARM_common_switch8  bsp.o
    0x00019960   0x00000004   Code   RO          415    i._sys_close        rtt_syscalls_keil.o
    0x00019964   0x00000002   Code   RO          418    i._sys_exit         rtt_syscalls_keil.o
    0x00019966   0x00000004   Code   RO          419    i._sys_flen         rtt_syscalls_keil.o
    0x0001996a   0x00000010   Code   RO          420    i._sys_istty        rtt_syscalls_keil.o
    0x0001997a   0x00000002   PAD
    0x0001997c   0x00000034   Code   RO          421    i._sys_open         rtt_syscalls_keil.o
    0x000199b0   0x00000004   Code   RO          423    i._sys_seek         rtt_syscalls_keil.o
    0x000199b4   0x0000001c   Code   RO          425    i._sys_write        rtt_syscalls_keil.o
    0x000199d0   0x00000014   Code   RO          426    i._ttywrch          rtt_syscalls_keil.o
    0x000199e4   0x0000004c   Code   RO         1133    i.action_tx_send    app_uart_fifo.o
    0x00019a30   0x00000024   Code   RO         1134    i.action_tx_stop    app_uart_fifo.o
    0x00019a54   0x00000020   Code   RO         1135    i.action_uart_deactivate  app_uart_fifo.o
    0x00019a74   0x0000014a   Code   RO          687    i.adv_data_encode   ble_advdata.o
    0x00019bbe   0x00000002   PAD
    0x00019bc0   0x00000098   Code   RO          174    i.advertising_init  myble.o
    0x00019c58   0x00000018   Code   RO          518    i.alert_timer_handler  bsp.o
    0x00019c70   0x00000028   Code   RO         1361    i.app_button_disable  app_button.o
    0x00019c98   0x00000024   Code   RO         1362    i.app_button_enable  app_button.o
    0x00019cbc   0x00000078   Code   RO         1363    i.app_button_init   app_button.o
    0x00019d34   0x0000001c   Code   RO         1430    i.app_error_handler  app_error.o
    0x00019d50   0x00000022   Code   RO         1452    i.app_fifo_get      app_fifo.o
    0x00019d72   0x00000024   Code   RO         1453    i.app_fifo_init     app_fifo.o
    0x00019d96   0x00000022   Code   RO         1454    i.app_fifo_put      app_fifo.o
    0x00019db8   0x00000044   Code   RO         1486    i.app_sched_event_get  app_scheduler.o
    0x00019dfc   0x00000100   Code   RO         1487    i.app_sched_event_put  app_scheduler.o
    0x00019efc   0x0000001e   Code   RO         1488    i.app_sched_execute  app_scheduler.o
    0x00019f1a   0x00000002   PAD
    0x00019f1c   0x0000002c   Code   RO         1489    i.app_sched_init    app_scheduler.o
    0x00019f48   0x0000004c   Code   RO         1540    i.app_timer_create  app_timer.o
    0x00019f94   0x0000001a   Code   RO         1674    i.app_timer_evt_get  app_timer_appsh.o
    0x00019fae   0x00000002   PAD
    0x00019fb0   0x00000018   Code   RO         1675    i.app_timer_evt_schedule  app_timer_appsh.o
    0x00019fc8   0x000000b4   Code   RO         1541    i.app_timer_init    app_timer.o
    0x0001a07c   0x00000084   Code   RO         1542    i.app_timer_start   app_timer.o
    0x0001a100   0x00000058   Code   RO         1543    i.app_timer_stop    app_timer.o
    0x0001a158   0x00000194   Code   RO         1140    i.app_uart_init     app_uart_fifo.o
    0x0001a2ec   0x0000005a   Code   RO          688    i.ble_advdata_set   ble_advdata.o
    0x0001a346   0x00000002   PAD
    0x0001a348   0x00000144   Code   RO          747    i.ble_advertising_init  ble_advertising.o
    0x0001a48c   0x00000090   Code   RO          748    i.ble_advertising_on_ble_evt  ble_advertising.o
    0x0001a51c   0x00000030   Code   RO          749    i.ble_advertising_on_sys_evt  ble_advertising.o
    0x0001a54c   0x00000010   Code   RO          751    i.ble_advertising_peer_address_clear  ble_advertising.o
    0x0001a55c   0x00000194   Code   RO          753    i.ble_advertising_start  ble_advertising.o
    0x0001a6f0   0x00000054   Code   RO          835    i.ble_conn_params_init  ble_conn_params.o
    0x0001a744   0x00000090   Code   RO          836    i.ble_conn_params_on_ble_evt  ble_conn_params.o
    0x0001a7d4   0x00000016   Code   RO          175    i.ble_evt_dispatch  myble.o
    0x0001a7ea   0x00000002   PAD
    0x0001a7ec   0x00000068   Code   RO          176    i.ble_stack_init    myble.o
    0x0001a854   0x0000009c   Code   RO          519    i.bsp_button_event_handler  bsp.o
    0x0001a8f0   0x00000048   Code   RO          524    i.bsp_event_to_button_action_assign  bsp.o
    0x0001a938   0x0000001c   Code   RO          525    i.bsp_indication_set  bsp.o
    0x0001a954   0x000000b4   Code   RO          527    i.bsp_init          bsp.o
    0x0001aa08   0x000001f0   Code   RO          528    i.bsp_led_indication  bsp.o
    0x0001abf8   0x0000000c   Code   RO          530    i.button_timer_handler  bsp.o
    0x0001ac04   0x0000001c   Code   RO          920    i.channel_free      nrf_drv_gpiote.o
    0x0001ac20   0x00000048   Code   RO          921    i.channel_port_alloc  nrf_drv_gpiote.o
    0x0001ac68   0x00000010   Code   RO          922    i.channel_port_get  nrf_drv_gpiote.o
    0x0001ac78   0x000000a4   Code   RO         1545    i.compare_reg_update  app_timer.o
    0x0001ad1c   0x00000084   Code   RO          689    i.conn_int_encode   ble_advdata.o
    0x0001ada0   0x0000000c   Code   RO          177    i.conn_params_error_handler  myble.o
    0x0001adac   0x0000004c   Code   RO          178    i.conn_params_init  myble.o
    0x0001adf8   0x00000064   Code   RO          838    i.conn_params_negotiation  ble_conn_params.o
    0x0001ae5c   0x00000060   Code   RO         1365    i.detection_delay_timeout_handler  app_button.o
    0x0001aebc   0x00000040   Code   RO         1546    i.elapsed_ticks_acquire  app_timer.o
    0x0001aefc   0x00000058   Code   RO         1547    i.expired_timers_handler  app_timer.o
    0x0001af54   0x0000001e   Code   RO         1808    i.fputc             c_p.l(fputc.o)
    0x0001af72   0x00000002   PAD
    0x0001af74   0x000000b0   Code   RO          179    i.gap_params_init   myble.o
    0x0001b024   0x0000004c   Code   RO         1366    i.gpiote_event_handler  app_button.o
    0x0001b070   0x00000016   Code   RO         1142    i.gpiote_uart_event_handler  app_uart_fifo.o
    0x0001b086   0x00000002   PAD
    0x0001b088   0x00000080   Code   RO         1716    i.intern_softdevice_events_execute  softdevice_handler.o
    0x0001b108   0x0000001c   Code   RO          839    i.is_conn_params_ok  ble_conn_params.o
    0x0001b124   0x00000048   Code   RO          633    i.is_manual_peripheral_setup_needed  system_nrf51.o
    0x0001b16c   0x00000018   Code   RO          531    i.leds_timer_handler  bsp.o
    0x0001b184   0x00000094   Code   RO         1548    i.list_deletions_handler  app_timer.o
    0x0001b218   0x000000f0   Code   RO         1549    i.list_insertions_handler  app_timer.o
    0x0001b308   0x000000a4   Code   RO            4    i.main              main.o
    0x0001b3ac   0x00000064   Code   RO          690    i.manuf_specific_data_encode  ble_advdata.o
    0x0001b410   0x000000b4   Code   RO          180    i.myble_init        myble.o
    0x0001b4c4   0x0000006a   Code   RO          691    i.name_encode       ble_advdata.o
    0x0001b52e   0x00000002   PAD
    0x0001b530   0x0000001c   Code   RO         1109    i.nrf_delay_ms      nrf_delay.o
    0x0001b54c   0x00000060   Code   RO          890    i.nrf_drv_common_irq_enable  nrf_drv_common.o
    0x0001b5ac   0x00000054   Code   RO          924    i.nrf_drv_gpiote_in_event_disable  nrf_drv_gpiote.o
    0x0001b600   0x0000008c   Code   RO          925    i.nrf_drv_gpiote_in_event_enable  nrf_drv_gpiote.o
    0x0001b68c   0x00000094   Code   RO          926    i.nrf_drv_gpiote_in_init  nrf_drv_gpiote.o
    0x0001b720   0x00000014   Code   RO          927    i.nrf_drv_gpiote_in_is_set  nrf_drv_gpiote.o
    0x0001b734   0x00000050   Code   RO          929    i.nrf_drv_gpiote_init  nrf_drv_gpiote.o
    0x0001b784   0x00000010   Code   RO          930    i.nrf_drv_gpiote_is_init  nrf_drv_gpiote.o
    0x0001b794   0x00000094   Code   RO          932    i.nrf_drv_gpiote_out_init  nrf_drv_gpiote.o
    0x0001b828   0x00000020   Code   RO          942    i.nrf_gpio_cfg_sense_set  nrf_drv_gpiote.o
    0x0001b848   0x00000014   Code   RO          943    i.nrf_gpiote_event_is_set  nrf_drv_gpiote.o
    0x0001b85c   0x00000034   Code   RO          181    i.on_adv_evt        myble.o
    0x0001b890   0x000000c8   Code   RO          182    i.on_ble_evt        myble.o
    0x0001b958   0x00000024   Code   RO          183    i.on_conn_params_evt  myble.o
    0x0001b97c   0x00000088   Code   RO         1143    i.on_uart_event     app_uart_fifo.o
    0x0001ba04   0x00000016   Code   RO          755    i.peer_address_exists  ble_advertising.o
    0x0001ba1a   0x00000002   PAD
    0x0001ba1c   0x00000018   Code   RO          944    i.pin_in_use_by_port  nrf_drv_gpiote.o
    0x0001ba34   0x00000018   Code   RO          945    i.pin_in_use_by_te  nrf_drv_gpiote.o
    0x0001ba4c   0x00000028   Code   RO         1242    i.pstorage_access_status_get  pstorage.o
    0x0001ba74   0x00000044   Code   RO         1550    i.rtc1_stop         app_timer.o
    0x0001bab8   0x00000024   Code   RO          184    i.sec_params_init   myble.o
    0x0001badc   0x0000007c   Code   RO          692    i.service_data_encode  ble_advdata.o
    0x0001bb58   0x0000000c   Code   RO         1717    i.softdevice_assertion_handler  softdevice_handler.o
    0x0001bb64   0x00000014   Code   RO         1718    i.softdevice_ble_evt_handler_set  softdevice_handler.o
    0x0001bb78   0x00000030   Code   RO         1719    i.softdevice_handler_init  softdevice_handler.o
    0x0001bba8   0x00000014   Code   RO         1721    i.softdevice_sys_evt_handler_set  softdevice_handler.o
    0x0001bbbc   0x00000008   Code   RO          186    i.sys_evt_dispatch  myble.o
    0x0001bbc4   0x00000010   Code   RO         1551    i.timer_list_handler_sched  app_timer.o
    0x0001bbd4   0x00000064   Code   RO         1552    i.timer_list_insert  app_timer.o
    0x0001bc38   0x00000070   Code   RO         1553    i.timer_list_remove  app_timer.o
    0x0001bca8   0x00000080   Code   RO         1554    i.timer_timeouts_check  app_timer.o
    0x0001bd28   0x00000028   Code   RO          187    i.timers_init       myble.o
    0x0001bd50   0x00000018   Code   RO          188    i.uart_event_handle  myble.o
    0x0001bd68   0x0000000a   Code   RO          693    i.uint16_encode     ble_advdata.o
    0x0001bd72   0x00000002   PAD
    0x0001bd74   0x00000064   Code   RO          840    i.update_timeout_handler  ble_conn_params.o
    0x0001bdd8   0x00000054   Code   RO         1555    i.user_id_get       app_timer.o
    0x0001be2c   0x00000024   Code   RO         1556    i.user_op_alloc     app_timer.o
    0x0001be50   0x00000026   Code   RO          694    i.uuid_list_encode  ble_advdata.o
    0x0001be76   0x000000a2   Code   RO          695    i.uuid_list_sized_encode  ble_advdata.o
    0x0001bf18   0x00000010   Code   RO          756    i.whitelist_has_entries  ble_advertising.o
    0x0001bf28   0x0000000c   Data   RO          190    .constdata          myble.o
    0x0001bf34   0x00000010   Data   RO          383    .constdata          segger_rtt_printf.o
    0x0001bf44   0x00000006   Data   RO          427    .constdata          rtt_syscalls_keil.o
    0x0001bf4a   0x0000000e   Data   RO          428    .constdata          rtt_syscalls_keil.o
    0x0001bf58   0x00000030   Data   RO          533    .constdata          bsp.o
    0x0001bf88   0x00000008   Data   RO         1145    .constdata          app_uart_fifo.o
    0x0001bf90   0x00000004   Data   RO         1367    .constdata          app_button.o
    0x0001bf94   0x00000009   Data   RO          312    .conststring        segger_rtt.o
    0x0001bf9d   0x00000003   PAD
    0x0001bfa0   0x00000020   Data   RO         2165    Region$$Table       anon$$obj.o


    Execution Region RW_IRAM1 (Base: 0x20002000, Size: 0x00001f18, Max: 0x00006000, ABSOLUTE, COMPRESSED[0x00000040])

    Base Addr    Size         Type   Attr      Idx    E Section Name        Object

    0x20002000   0x0000002c   Data   RW          191    .data               myble.o
    0x2000202c   0x0000007c   Data   RW          313    .data               segger_rtt.o
    0x200020a8   0x00000020   Data   RW          534    .data               bsp.o
    0x200020c8   0x00000004   Data   RW          634    .data               system_nrf51.o
    0x200020cc   0x0000001f   Data   RW          758    .data               ble_advertising.o
    0x200020eb   0x00000001   PAD
    0x200020ec   0x00000018   Data   RW          842    .data               ble_conn_params.o
    0x20002104   0x00000008   Data   RW         1146    .data               app_uart_fifo.o
    0x2000210c   0x0000000c   Data   RW         1255    .data               pstorage.o
    0x20002118   0x00000018   Data   RW         1368    .data               app_button.o
    0x20002130   0x00000010   Data   RW         1490    .data               app_scheduler.o
    0x20002140   0x00000024   Data   RW         1557    .data               app_timer.o
    0x20002164   0x00000014   Data   RW         1722    .data               softdevice_handler.o
    0x20002178   0x00000004   Data   RW         1814    .data               c_p.l(stdio_streams.o)
    0x2000217c   0x00000004   Data   RW         1815    .data               c_p.l(stdio_streams.o)
    0x20002180   0x00000004   Data   RW         1816    .data               c_p.l(stdio_streams.o)
    0x20002184   0x000000b0   Zero   RW            5    .bss                main.o
    0x20002234   0x0000051c   Zero   RW          189    .bss                myble.o
    0x20002750   0x00000400   Zero   RW          310    .bss                segger_rtt.o
    0x20002b50   0x00000010   Zero   RW          311    .bss                segger_rtt.o
    0x20002b60   0x0000000c   Zero   RW          532    .bss                bsp.o
    0x20002b6c   0x000000f7   Zero   RW          757    .bss                ble_advertising.o
    0x20002c63   0x00000001   PAD
    0x20002c64   0x0000001c   Zero   RW          841    .bss                ble_conn_params.o
    0x20002c80   0x0000003c   Zero   RW          946    .bss                nrf_drv_gpiote.o
    0x20002cbc   0x00000020   Zero   RW         1144    .bss                app_uart_fifo.o
    0x20002cdc   0x000000dc   Zero   RW         1254    .bss                pstorage.o
    0x20002db8   0x00000054   Zero   RW         1811    .bss                c_p.l(stdio_streams.o)
    0x20002e0c   0x00000054   Zero   RW         1812    .bss                c_p.l(stdio_streams.o)
    0x20002e60   0x00000054   Zero   RW         1813    .bss                c_p.l(stdio_streams.o)
    0x20002eb4   0x00000060   Zero   RW         2103    .bss                c_p.l(libspace.o)
    0x20002f14   0x00000004   PAD
    0x20002f18   0x00000800   Zero   RW          623    HEAP                arm_startup_nrf51.o
    0x20003718   0x00000800   Zero   RW          622    STACK               arm_startup_nrf51.o


==============================================================================

Image component sizes


      Code (inc. data)   RO Data    RW Data    ZI Data      Debug   Object Name

       368         40          4         24          0       8879   app_button.o
        28         10          0          0          0       7288   app_error.o
       104          0          0          0          0       3054   app_fifo.o
       398         26          0         16          0      13911   app_scheduler.o
      1938        160          0         36          0      25939   app_timer.o
        50          6          0          0          0       2205   app_timer_appsh.o
       834        136          8          8         32      16364   app_uart_fifo.o
        84         36        192          0       4096        648   arm_startup_nrf51.o
      1092          6          0          0          0      11854   ble_advdata.o
       974         34          0         31        247       9889   ble_advertising.o
       456         50          0         24         28      11096   ble_conn_params.o
      1018        102         48         32         12       7712   bsp.o
       164         70          0          0        176      69199   main.o
      1118        124         12         44       1308      21018   myble.o
        58          4          0          0          0       1559   nrf_delay.o
        96         18          0          0          0       7696   nrf_drv_common.o
      1112        152          0          0         60      22752   nrf_drv_gpiote.o
        40         10          0         12        220       7141   pstorage.o
       130         18         20          0          0       5541   rtt_syscalls_keil.o
       326          8          9        124       1040       4741   segger_rtt.o
       908          4         16          0          0       6473   segger_rtt_printf.o
       264         24          0         20          0       5508   softdevice_handler.o
       156         26          0          4          0       1831   system_nrf51.o

    ----------------------------------------------------------------------
     11740       1064        344        376       7220     272298   Object Totals
         0          0         32          0          0          0   (incl. Generated)
        24          0          3          1          1          0   (incl. Padding)

    ----------------------------------------------------------------------

      Code (inc. data)   RO Data    RW Data    ZI Data      Debug   Library Member Name

        86          0          0          0          0          0   __dczerorl2.o
         8          0          0          0          0         68   __main.o
       108          0          0          0          0         76   __printf.o
         0          0          0          0          0          0   __rtentry.o
        12          0          0          0          0          0   __rtentry2.o
         6          0          0          0          0          0   __rtentry4.o
        60          8          0          0          0          0   __scatter.o
        28          0          0          0          0          0   __scatter_zi.o
        48          6          0          0          0         88   _printf_char_common.o
        40          6          0          0          0         72   _printf_char_file.o
        10          0          0          0          0          0   _printf_d.o
       108         18          0          0          0         76   _printf_dec.o
       176          0          0          0          0         84   _printf_intcommon.o
         2          0          0          0          0          0   _printf_percent.o
         4          0          0          0          0          0   _printf_percent_end.o
       346          0          0          0          0         92   aeabi_sdiv.o
        12          0          0          0          0         68   defsig_exit.o
        52          0          0          0          0         72   defsig_general.o
        80         58          0          0          0         68   defsig_rtmem_inner.o
        12          0          0          0          0         68   defsig_rtmem_outer.o
        52         38          0          0          0         68   defsig_rtred_inner.o
        12          0          0          0          0         68   defsig_rtred_outer.o
        12          0          0          0          0         64   exit.o
        76          4          0          0          0         76   fclose.o
         8          0          0          0          0         60   ferror.o
       104          4          0          0          0        100   fflush.o
       496         10          0          0          0         76   flsbuf.o
       232          8          0          0          0        108   fopen.o
        30          0          0          0          0         68   fputc.o
       244          4          0          0          0         76   fseek.o
        66          0          0          0          0         68   ftell.o
        98          0          0          0          0         72   h1_alloc.o
        52          0          0          0          0         68   h1_extend.o
        76          0          0          0          0         72   h1_free.o
        14          0          0          0          0         76   h1_init.o
         6          0          0          0          0        136   heapauxi.o
         4          0          0          0          0        120   hguard.o
       136          0          0          0          0        160   init_alloc.o
       316         44          0          0          0         96   initio.o
         2          0          0          0          0          0   libinit.o
        14          0          0          0          0          0   libinit2.o
         2          0          0          0          0          0   libshutdown.o
         6          0          0          0          0          0   libshutdown2.o
         8          4          0          0         96         68   libspace.o
         0          0          0          0          0          0   maybetermalloc1.o
        90          0          0          0          0         68   memcmp.o
        28          6          0          0          0         84   noretval__2printf.o
         8          4          0          0          0         68   rt_errno_addr_intlibspace.o
         8          4          0          0          0         68   rt_heap_descriptor_intlibspace.o
        64          0          0          0          0        108   rt_memclr.o
       186          0          0          0          0        144   rt_memcpy.o
         2          0          0          0          0          0   rtexit.o
        10          0          0          0          0          0   rtexit2.o
        40          0          0          0          0         60   rtudiv10.o
        76          4          0          0          0         72   setvbuf.o
       240          8          0          0          0        144   stdio.o
         0          0          0         12        252          0   stdio_streams.o
       136          4          0          0          0         72   strcmp.o
        62          0          0          0          0         80   sys_stackheap_outer.o
         2          0          0          0          0         68   use_no_semi.o
         2          0          0          0          0         68   use_no_semi_2.o

    ----------------------------------------------------------------------
      4236        242          0         12        352       3636   Library Totals
        18          0          0          0          4          0   (incl. Padding)

    ----------------------------------------------------------------------

      Code (inc. data)   RO Data    RW Data    ZI Data      Debug   Library Name

      4218        242          0         12        348       3636   c_p.l

    ----------------------------------------------------------------------
      4236        242          0         12        352       3636   Library Totals

    ----------------------------------------------------------------------

==============================================================================


      Code (inc. data)   RO Data    RW Data    ZI Data      Debug   

     15976       1306        344        388       7572     268442   Grand Totals
     15976       1306        344         64       7572     268442   ELF Image Totals (compressed)
     15976       1306        344         64          0          0   ROM Totals

==============================================================================

    Total RO  Size (Code + RO Data)                16320 (  15.94kB)
    Total RW  Size (RW Data + ZI Data)              7960 (   7.77kB)
    Total ROM Size (Code + RO Data + RW Data)      16384 (  16.00kB)

==============================================================================

